06-20 16:42:07.766 11608 12127 W SyncManager: sync deleteApps: 0 request syncId: 844
06-20 16:42:07.766  6801 12159 I JIGUANG-D: [JDyAndroidUtils] found userServiceClass :cn.jpush.android.service.JCommonService by getCommonServiceNames
06-20 16:42:07.767  6801 12159 D JIGUANG-D: [JDyAndroidUtils] user serviceProcess is:com.noahwm.android:pushcore
06-20 16:42:07.767  4727 10712 E Parcel  : Reading a NULL string not supported here.
06-20 16:42:07.767  6801 12159 D JIGUANG-D: [PluginAnalytics] need not save event
06-20 16:42:07.767  6801 12159 D JIGUANG-D: [JC] g1:
06-20 16:42:07.767  6801 12159 D JIGUANG-D: [JC] g2:
06-20 16:42:07.767  6801 12159 W JIGUANG-D: [pif] p i is empty.
06-20 16:42:07.767  6801 12159 D JIGUANG-D: [PluginAnalytics] need not save event
06-20 16:42:07.767  6801 12166 D JIGUANG-JPush: [LoadedResource] load resouce:null
06-20 16:42:07.768  6801 12166 D JIGUANG-JPush: [LoadedResource] load resource failed
06-20 16:42:07.768  6801 12166 D JIGUANG-JPush: [ActionHelper] load use time:6,lr:null
06-20 16:42:07.768  6801 12166 D JIGUANG-JPush: [ActionHelper] load from local
06-20 16:42:07.768  4727 10712 E Parcel  : Reading a NULL string not supported here.
06-20 16:42:07.769  4727 10712 E Parcel  : Reading a NULL string not supported here.
06-20 16:42:07.769  6801  6801 E libprocessgroup: set_timerslack_ns write failed: Operation not permitted
06-20 16:42:07.770  6801 12149 D JIGUANG-D: [PluginAnalytics] need not save event
06-20 16:42:07.770  6801 12149 D JIGUANG-D: [JC] g1:
06-20 16:42:07.770  6801 12149 D JIGUANG-D: [JC] g2:
06-20 16:42:07.770  6801 12149 W JIGUANG-D: [pif] p i is empty.
06-20 16:42:07.770  6801 12149 D JIGUANG-D: [JC] g1:
06-20 16:42:07.770  6801 12149 D JIGUANG-D: [JC] g2:
06-20 16:42:07.770  6801 12149 W JIGUANG-D: [pif] p i is empty.
06-20 16:42:07.770  6801 12149 D JIGUANG-D: [JDB] context:cn.jpush.example.MyApplication@ba71c10,pluginId:1,type:0,o:null
06-20 16:42:07.770  4727 10712 E Parcel  : Reading a NULL string not supported here.
06-20 16:42:07.772  4727 10712 E Parcel  : Reading a NULL string not supported here.
06-20 16:42:07.772  6801 12149 D JIGUANG-D: [JC] g1:
06-20 16:42:07.772  6801 12149 D JIGUANG-D: [JC] g2:
06-20 16:42:07.772  6801 12149 W JIGUANG-D: [pif] p i is empty.
06-20 16:42:07.772  6801 12149 D JIGUANG-D: [JC] g1:
06-20 16:42:07.772  6801 12149 D JIGUANG-D: [JC] g2:
06-20 16:42:07.772  6801 12149 W JIGUANG-D: [pif] p i is empty.
06-20 16:42:07.773  6801 12149 D JIGUANG-D: [PluginAnalytics] need not save event
06-20 16:42:07.773  6801 12149 D JIGUANG-D: [JC] g1:
06-20 16:42:07.773  6801 12149 D JIGUANG-D: [JC] g2:
06-20 16:42:07.773  6801 12149 W JIGUANG-D: [pif] p i is empty.
06-20 16:42:07.773  6801 12149 D JIGUANG-D: [PluginAnalytics] need not save event
06-20 16:42:07.773  6801 12149 D JIGUANG-D: [PluginAnalytics] need not save event
06-20 16:42:07.773  6801 12149 D JIGUANG-JCore: [JCoreInternalHelper] load action by local
06-20 16:42:07.773  6801 12149 D JIGUANG-JCore: [JCoreHelper] setSDKConfigs
06-20 16:42:07.773  6801 12149 D JIGUANG-JCore: [JCoreHelper] set heartbeat interval=285
06-20 16:42:07.773  6801 12149 D JIGUANG-JCore: [JCoreHelper] set alarm delay=290
06-20 16:42:07.774  1670  1771 W SearchableInfo: Invalid searchable metadata for tv.danmaku.bili/com.bilibili.bililive.videoliveplayer.ui.live.LiveAllActivity: Search label must be a resource reference.
06-20 16:42:07.774  4727 10712 E Parcel  : Reading a NULL string not supported here.
06-20 16:42:07.775  1670  1771 W SearchableInfo: Invalid searchable metadata for tv.danmaku.bili/com.bilibili.bililive.videoliveplayer.ui.live.area.LiveAreaVideoListActivity: Search label must be a resource reference.
06-20 16:42:07.776  1670  1771 W SearchableInfo: Invalid searchable metadata for tv.danmaku.bili/com.bilibili.bililive.videoliveplayer.ui.live.search.LiveSearchActivity: Search label must be a resource reference.
06-20 16:42:07.777  1670  1771 W SearchableInfo: Invalid searchable metadata for tv.danmaku.bili/com.bilibili.bililive.room.ui.roomv3.LiveRoomActivityV3: Search label must be a resource reference.
06-20 16:42:07.778  4727 12109 I ChimeraConfigurator: Starting update, reason: 4 urgentFeatures: pay:-1
06-20 16:42:07.779  4727 12109 I GmsDebugLogger: [80] null
06-20 16:42:07.780  1670  1771 W SearchableInfo: Invalid searchable metadata for tv.danmaku.bili/com.bilibili.bililive.room.ui.roomv3.LiveRoomTranslucentActivity: Search label must be a resource reference.
06-20 16:42:07.780  6801 12166 D JIGUANG-JPush: [JPushActionImpl] handleAction:third_init
06-20 16:42:07.780  6801 12166 D JIGUANG-JPush: [AndroidUtil] action:checkValidManifest
06-20 16:42:07.780  4727 10712 E Parcel  : Reading a NULL string not supported here.
06-20 16:42:07.782  6801  6801 D JIGUANG-JCore: [ActivityLifecycle] onActivityCreated:cn.jpush.example.MainActivity
06-20 16:42:07.782  6801  6801 D JIGUANG-JCore: [JOperateActivityLifecycle] activityLifecycle:onActivityCreated,activity:cn.jpush.example.MainActivity
06-20 16:42:07.782  6801 12166 W JIGUANG-JPush: [AndroidUtil] AndroidManifest.xml missing activity: cn.jpush.android.ui.PopWinActivity
06-20 16:42:07.782  6801 12166 W JIGUANG-JPush: [AndroidUtil] You will unable to use pop-window rich push type.
06-20 16:42:07.783  6801  6801 D JIGUANG-JOperate: [JOperateEventDispatch] onEvent:activity_lifecycle,bundle:Bundle[{lifecycle_name=onActivityCreated, activity_hash=9879343, activity_name=cn.jpush.example.MainActivity, activity_intent=Intent { act=android.intent.action.MAIN cat=[android.intent.category.LAUNCHER] flg=0x10000000 cmp=com.noahwm.android/cn.jpush.example.MainActivity }}]
06-20 16:42:07.783  6801 12149 D JIGUANG-JCore: [JCoreRunnable] name:JCoreInternalHelper#onEvent,thread:jg_oc_pool_thread1:525, is main thread:false
06-20 16:42:07.783  6801 12165 D JIGUANG-JCore: [JBannedConfig] request url: https://config.jpush.cn/v1/status, param json:{"appkey":"444e3254283007acc36993cc","uid":0,"stoken":"46604637-e9b1-4bec-8418-e83ed284ac5f"}
06-20 16:42:07.783  6801  6801 D JIGUANG-JOperate: [JOperateProccessHelper] init
06-20 16:42:07.784  6801  6801 E JIGUANG-JOperate: [JOperateProccessHelper] The permission should be defined JO- com.noahwm.android.permission.JOPERATE_MESSAGE
06-20 16:42:07.784  6801 12149 I JIGUANG-JCore: [JCommonServiceHelper] found userServiceClass :cn.jpush.android.service.JCommonService by getCommonServiceNames
06-20 16:42:07.784  6801 12149 D JIGUANG-JCore: [JCoreGobal] serviceName is cn.jpush.android.service.JCommonService
06-20 16:42:07.784  1011  1828 W DisplayIdentification: Invalid EDID: falling back to serial number due to missing display name.
06-20 16:42:07.784  1011  1828 W DisplayIdentification: Invalid EDID: falling back to ASCII text due to missing serial number.
06-20 16:42:07.784  6801 12149 D JIGUANG-JCore: [JCoreGobal] curProcessName is com.noahwm.android
06-20 16:42:07.785  6801  6801 D JIGUANG-JCore: [AndroidUtil] find permission: com.noahwm.android.permission.JPUSH_MESSAGE
06-20 16:42:07.785  6801  6801 E JIGUANG-JOperate: [JOperateProccessHelper] getReceiverPermission:com.noahwm.android.permission.JPUSH_MESSAGE
06-20 16:42:07.785  6801 12149 D JIGUANG-JCore: [JCoreGobal] curProcessName is com.noahwm.android, remoteProcessName is com.noahwm.android:pushcore
06-20 16:42:07.785  6801 12149 D JIGUANG-JCore: [JThreadFactory] threadname: jg_ic_pool_thread1 created, is main thread: false
06-20 16:42:07.785  6801 12149 D JIGUANG-JCore: [ScreenRegister] registerReceiver isCurProcess:true
06-20 16:42:07.786  4727  4929 I Icing   : IndexChimeraService.getServiceInterface callingPackage=com.google.android.gms componentName=AppsCorpus serviceId=36
06-20 16:42:07.786  4727 12109 I GmsDebugLogger: [83] 1 [pay]
06-20 16:42:07.789  1670  1771 W Searchables: No global search activity found
06-20 16:42:07.789  6801 12175 D JIGUANG-JCore: [JCoreRunnable] name:JCoreGlobal,thread:jg_ic_pool_thread1:543, is main thread:false
06-20 16:42:07.789  6801 12175 I JIGUANG-JCore: [JCoreGobal] action:init jcore,version:3.3.0,build id:1,l:330
06-20 16:42:07.789  6801 12175 D JIGUANG-JCore: [JCoreGobal] build type:debug
06-20 16:42:07.789  6801 12165 D JIGUANG-JCore: [NetMoniterManager] init state :false
06-20 16:42:07.790  6801 12149 D JIGUANG-JCore: [JCoreRunnable] name:JCoreInternalHelper#onEvent,thread:jg_oc_pool_thread1:525, is main thread:false
06-20 16:42:07.790  6801 12149 D JIGUANG-JCore: [JCoreHelper] runActionWithService action:init
06-20 16:42:07.790  6801 12149 D JIGUANG-JCore: [JCoreGobal] serviceName is cn.jpush.android.service.JCommonService
06-20 16:42:07.790  6801 12149 D JIGUANG-JCore: [JCoreGobal] curProcessName is com.noahwm.android
06-20 16:42:07.791  6801 12149 D JIGUANG-JCore: [JCoreGobal] curProcessName is com.noahwm.android, remoteProcessName is com.noahwm.android:pushcore
06-20 16:42:07.791  6801 12149 D JIGUANG-JCore: [JCoreRunnable] name:JCoreInternalHelper#onEvent,thread:jg_oc_pool_thread1:525, is main thread:false
06-20 16:42:07.792  4727  4727 D BoundBrokerSvc: onBind: Intent { act=com.google.android.gms.feedback.internal.IFeedbackService cmp=com.google.android.gms/.chimera.GmsBoundBrokerService }
06-20 16:42:07.792  4727  4727 D BoundBrokerSvc: Loading bound service for intent: Intent { act=com.google.android.gms.feedback.internal.IFeedbackService cmp=com.google.android.gms/.chimera.GmsBoundBrokerService }
06-20 16:42:07.794  6801 12166 I JIGUANG-JUnionAd: [JUnionCoreBusiness] init, configValid: true
06-20 16:42:07.795  6801 12166 I JIGUANG-JPush: [RomVersionHelper] get ro.rom.version version is:Hydrogen OS 11.0.12.12.KB05
06-20 16:42:07.795  6801 12166 D JIGUANG-JPush: [RomVersionHelper] getOnePlusVersion = Hydrogen OS 11.0.12.12.KB05
06-20 16:42:07.796  6801 12165 I TetheringManager: registerTetheringEventCallback:com.noahwm.android
06-20 16:42:07.798  6801 12175 D JIGUANG-JCore: [SentryEntryHelper] currentTime is : 1655714527798, lastTime is : 0
06-20 16:42:07.798  6801 12165 I DpmTcmClient: RegisterTcmMonitor from: $Proxy1
06-20 16:42:07.799  6801 12159 D JIGUANG-JCore: [JCoreRunnable] name:null,thread:jg_fr_pool_thread1:531, is main thread:false
06-20 16:42:07.799  4344 12144 I Fitness : FitCleanupIntentOperation received Intent android.intent.action.PACKAGE_CHANGED [CONTEXT service_id=17 ]
06-20 16:42:07.799  6801 12165 V JIGUANG-JCore: [HttpUtils] host:config.jpush.cn,port:-1
06-20 16:42:07.800  6801  6801 D JIGUANG-JOperate: [JOperateReport] lifecycle_name:onActivityCreated
06-20 16:42:07.800  6801  6801 D JIGUANG-JOperate: [JOperateReport] activity_name:cn.jpush.example.MainActivity
06-20 16:42:07.800  6801  6801 D JIGUANG-JOperate: [JOperateReport] activity_intent:Intent { act=android.intent.action.MAIN cat=[android.intent.category.LAUNCHER] flg=0x10000000 cmp=com.noahwm.android/cn.jpush.example.MainActivity }
06-20 16:42:07.801  6801 12159 D JIGUANG-JCommon: [JDataConfigManager] config map is null, config 2002enable
06-20 16:42:07.802  6801 12166 D JIGUANG-JUnionAd: [DyPushConstants] JPush local version: 450, large than: 369 min in app version, need not register another lifecycle
06-20 16:42:07.803  6801 12159 I JIGUANG-JCommon: [JCommonConfig] configId : 2002, isBackgroundBusiness : true
06-20 16:42:07.803  6801 12159 D JIGUANG-JCommon: [JDataConfigManager] configId is 2002, isCanCollect is false
06-20 16:42:07.803  6801 12159 D JIGUANG-JCore: [SentryEntryHelper] url:https://ce3e75d5.jpush.cn/wi/plp8j0k, param json:{"platform":"a","app_key":"444e3254283007acc36993cc","core_sdk_ver":"3.3.0","os_ver":"30"}
06-20 16:42:07.804  6801 12159 V JIGUANG-JCore: [HttpUtils] host:ce3e75d5.jpush.cn,port:-1
06-20 16:42:07.808  6801 12166 W JIGUANG-JPush: [AndroidUtil] not find permission: android.permission.SYSTEM_ALERT_WINDOW
06-20 16:42:07.808  6801 12166 D JIGUANG-JUnionAd: [InAppHelper] no draw overlay permission
06-20 16:42:07.808  6801 12166 W JIGUANG-JPush: [AndroidUtil] [getProviderInfo] resolveContentProvider providerInfo=null
06-20 16:42:07.809  1670  4161 I ActivityManager: ProcessRecord{9ef857f 0:com.noahwm.android:pushcore/u0a573}: disable GPU RLIMIT_STACK_MASK, pkg=com.noahwm.android
06-20 16:42:07.809  1670  4161 D CompatibilityChangeReporter: Compat change id reported: 135634846; UID 10573; state: DISABLED
06-20 16:42:07.809  1670  4161 D CompatibilityChangeReporter: Compat change id reported: 135754954; UID 10573; state: DISABLED
06-20 16:42:07.809  1670  1761 D CompatibilityChangeReporter: Compat change id reported: 143937733; UID 10573; state: DISABLED
06-20 16:42:07.810 11608 11667 W oneplus_check_upgrade: type: 3 ,request: cost: 59
06-20 16:42:07.810 11608 11667 W oneplus_check_upgrade: type: 3 ,saveUpgradeInfo: 0 ,insert: 0 ,update: 0 ,filter: 0 ,invalid: 0 ,delList: 0 ,patchType: {} ,cost: 0
06-20 16:42:07.810 11608 11667 W oneplus_check_upgrade: type: 3 ,checkUpgrade: cost: 75
06-20 16:42:07.811  6801 12175 D JIGUANG-JCore: [JCoreGobal] start common service
06-20 16:42:07.812  6801 12166 W JIGUANG-JPush: [AndroidUtil] not found FileProvider
06-20 16:42:07.812  6801 12166 W JIGUANG-JPush: [AndroidUtil] AndroidManifest.xml missing required FileProvider or meta-data is wrong
06-20 16:42:07.812  6801 12166 D JIGUANG-JPush: [AndroidUtil] current android version large N, check permission: android.permission.REQUEST_INSTALL_PACKAGES
06-20 16:42:07.812  6801 12166 D JIGUANG-JUnionAd: [DyPushConstants] changeInstallStatus, support: false
06-20 16:42:07.812  6801 12166 D JIGUANG-JCore: [JCoreHelper] runActionWithService action:install_status
06-20 16:42:07.812  6801 12166 D JIGUANG-JCore: [JCoreGobal] serviceName is cn.jpush.android.service.JCommonService
06-20 16:42:07.812  6801 12166 D JIGUANG-JCore: [JCoreGobal] curProcessName is com.noahwm.android
06-20 16:42:07.812  6801 12166 D JIGUANG-JCore: [JCoreGobal] curProcessName is com.noahwm.android, remoteProcessName is com.noahwm.android:pushcore
06-20 16:42:07.812  6801 12166 W JIGUANG-JUnionAd: [InAppHelper] not allowed install apk by system
06-20 16:42:07.814  6801 12166 W JIGUANG-JUnionAd: [InAppHelper] please check layout file jpush_webview_layout.xml, no this file can not open h5 in app
06-20 16:42:07.814  6801 12166 D JIGUANG-JUnionAd: [InAppHelper] junion ad is integrated succeed~
06-20 16:42:07.816  6801 12175 V JIGUANG-JCore: [JCoreGobal] Remote Service on binding...
06-20 16:42:07.816  6801 12175 D JIGUANG-JCore: [JOperateJCoreChannel] initinit
06-20 16:42:07.816  6801 12175 D JIGUANG-JOperate: [JOperateEventDispatch] onEvent:init,bundle:null
06-20 16:42:07.816  6801 12175 D JIGUANG-JOperate: [JOperateHelper] init
06-20 16:42:07.818  6801 12175 D JIGUANG-JOperate: [JOperateImp] no has registrationId
06-20 16:42:07.818  6801 12175 D JIGUANG-JCore: [JCommonServiceHelper] onAction action:tcp_a1 bundle:null
06-20 16:42:07.819  6801 12166 D JIGUANG-JPush: [ThirdPushManager] [loadThirdPush]
06-20 16:42:07.821  1670  1771 W SearchableInfo: Invalid searchable metadata for tv.danmaku.bili/com.bilibili.bililive.videoliveplayer.ui.live.LiveAllActivity: Search label must be a resource reference.
06-20 16:42:07.821   802   802 D Zygote  : Forked child process 12189
06-20 16:42:07.821  6801 12175 D JIGUANG-JCore: [JMessenger] com.noahwm.android:pushcore's aidl not found, cn.jpush.android.service.JCommonService.tcp_a1
06-20 16:42:07.822  6801  6801 E .noahwm.androi: Invalid ID 0x00000000.
06-20 16:42:07.823  6801  6801 I chatty  : uid=10573(com.noahwm.android) identical 7 lines
06-20 16:42:07.823  6801  6801 E .noahwm.androi: Invalid ID 0x00000000.
06-20 16:42:07.823  6801 12175 D JIGUANG-JCore: [JMessenger] uri is null, check provider config
06-20 16:42:07.823  1670  1771 W SearchableInfo: Invalid searchable metadata for tv.danmaku.bili/com.bilibili.bililive.videoliveplayer.ui.live.area.LiveAreaVideoListActivity: Search label must be a resource reference.
06-20 16:42:07.823  6801  6801 E .noahwm.androi: Invalid ID 0x00000000.
06-20 16:42:07.824  6801  6801 I chatty  : uid=10573(com.noahwm.android) identical 8 lines
06-20 16:42:07.824  6801  6801 E .noahwm.androi: Invalid ID 0x00000000.
06-20 16:42:07.824  6801 12175 D JIGUANG-JCore: [JMessenger] sendByService, cn.jpush.android.service.JCommonService.tcp_a1
06-20 16:42:07.824  6801  6801 E .noahwm.androi: Invalid ID 0x00000000.
06-20 16:42:07.824  6801 12175 D JIGUANG-JCore: [JCoreRunnable] name:JCoreGlobal,thread:jg_ic_pool_thread1:543, is main thread:false
06-20 16:42:07.824  6801  6801 E .noahwm.androi: Invalid ID 0x00000000.
06-20 16:42:07.824  6801 12175 D JIGUANG-JCore: [JCommonServiceHelper] onAction action:a3 bundle:Bundle[{internal_action=init, sdk_type=JPUSH}]
06-20 16:42:07.824  6801  6801 E .noahwm.androi: Invalid ID 0x00000000.
06-20 16:42:07.825  6801  6801 I chatty  : uid=10573(com.noahwm.android) identical 2 lines
06-20 16:42:07.825  6801  6801 E .noahwm.androi: Invalid ID 0x00000000.
06-20 16:42:07.825  6801 12166 W JIGUANG-JPush: [ThirdPushManager] loadThirdPush error:cn.jpush.android.thirdpush.xiaomi.XMPushManager
06-20 16:42:07.825  6801  6801 E .noahwm.androi: Invalid ID 0x00000000.
06-20 16:42:07.825  6801  6801 I chatty  : uid=10573(com.noahwm.android) identical 3 lines
06-20 16:42:07.825  6801  6801 E .noahwm.androi: Invalid ID 0x00000000.
06-20 16:42:07.825  1670  1771 W SearchableInfo: Invalid searchable metadata for tv.danmaku.bili/com.bilibili.bililive.videoliveplayer.ui.live.search.LiveSearchActivity: Search label must be a resource reference.
06-20 16:42:07.825  6801  6801 E .noahwm.androi: Invalid ID 0x00000000.
06-20 16:42:07.825  6801  6801 I chatty  : uid=10573(com.noahwm.android) identical 5 lines
06-20 16:42:07.825  6801  6801 E .noahwm.androi: Invalid ID 0x00000000.
06-20 16:42:07.825  6801 12175 D JIGUANG-JCore: [JMessenger] com.noahwm.android:pushcore's aidl not found, cn.jpush.android.service.JCommonService.a3
06-20 16:42:07.826  6801  6801 E .noahwm.androi: Invalid ID 0x00000000.
06-20 16:42:07.826  1670  1761 I ActivityManager: Start proc 12189:com.noahwm.android:pushcore/u0a573 for service {com.noahwm.android/cn.jpush.android.service.JCommonService}
06-20 16:42:07.826  6801  6801 I chatty  : uid=10573(com.noahwm.android) identical 2 lines
06-20 16:42:07.826  6801  6801 E .noahwm.androi: Invalid ID 0x00000000.
06-20 16:42:07.826  2465  2520 D IOLIMITER: onAppStart, app com.noahwm.android start with pid: 12189
06-20 16:42:07.826  6801 12175 D JIGUANG-JCore: [JMessenger] uri is null, check provider config
06-20 16:42:07.827  4727 10712 W Icing   : No valid account for uploading user actions
06-20 16:42:07.828  6801 12175 D JIGUANG-JCore: [JMessenger] sendByService, cn.jpush.android.service.JCommonService.a3
06-20 16:42:07.828  1670  1771 W SearchableInfo: Invalid searchable metadata for tv.danmaku.bili/com.bilibili.bililive.room.ui.roomv3.LiveRoomActivityV3: Search label must be a resource reference.
06-20 16:42:07.828  6801 12175 D JIGUANG-JCore: [JCoreRunnable] name:JCoreGlobal,thread:jg_ic_pool_thread1:543, is main thread:false
06-20 16:42:07.828  6801 12175 D JIGUANG-JCore: [JCommonServiceHelper] onAction action:a3 bundle:Bundle[{internal_action=install_status, sdk_type=JPUSH, install_status=false}]
06-20 16:42:07.829  6801 12175 D JIGUANG-JCore: [JMessenger] com.noahwm.android:pushcore's aidl not found, cn.jpush.android.service.JCommonService.a3
06-20 16:42:07.830  1670  1771 W SearchableInfo: Invalid searchable metadata for tv.danmaku.bili/com.bilibili.bililive.room.ui.roomv3.LiveRoomTranslucentActivity: Search label must be a resource reference.
06-20 16:42:07.831  6801 12175 D JIGUANG-JCore: [JMessenger] uri is null, check provider config
06-20 16:42:07.832  4344  4344 D BoundBrokerSvc: onBind: Intent { act=com.google.android.gms.icing.LIGHTWEIGHT_INDEX_SERVICE cmp=com.google.android.gms/.chimera.PersistentApiService }
06-20 16:42:07.832  4344  4344 D BoundBrokerSvc: Loading bound service for intent: Intent { act=com.google.android.gms.icing.LIGHTWEIGHT_INDEX_SERVICE cmp=com.google.android.gms/.chimera.PersistentApiService }
06-20 16:42:07.832  6801 12175 D JIGUANG-JCore: [JMessenger] sendByService, cn.jpush.android.service.JCommonService.a3
06-20 16:42:07.832  6801 12166 W JIGUANG-JPush: [ThirdPushManager] loadThirdPush error:cn.jpush.android.thirdpush.vivo.VivoPushManager
06-20 16:42:07.832 12189 12189 I libc    : SetHeapTaggingLevel: tag level set to 0
06-20 16:42:07.835  6801 12166 W JIGUANG-JPush: [ThirdPushManager] loadThirdPush error:cn.jpush.android.thirdpush.huawei.HWPushManager
06-20 16:42:07.835 12189 12189 I ndroid:pushcor: Late-enabling -Xcheck:jni
06-20 16:42:07.835  8924  8924 I Finsky  : [2] vzw.f(7): SCH: Cancelling existing jobscheduler jobs: 9000 9001 
06-20 16:42:07.835  8924  8924 I Finsky  : [2] vzw.e(8): SCH: Throttling wakeup for job 9002 (expected to run in 14775 ms) due to recent wakeup
06-20 16:42:07.836  8924  8924 I Finsky  : [2] vzw.e(23): SCH: Scheduling job Id: 9002, L: 30000, D: 56986947, C: false, I: false, N: 1
06-20 16:42:07.836  1670  1771 W Searchables: No global search activity found
06-20 16:42:07.837  6801 12166 W JIGUANG-JPush: [ThirdPushManager] loadThirdPush error:cn.jpush.android.thirdpush.meizu.MeizuPushManager
06-20 16:42:07.840  1670  1771 W VoiceInteractionManager: no available voice interaction services found for user 0
06-20 16:42:07.841  2431  2431 D Launcher.Model: onPackageChanged(com.noahwm.android)
06-20 16:42:07.843  4583  4606 D GamesAppProvider: call : getAppList
06-20 16:42:07.844  4583  4606 D GamesAppProvider: verifyCallingPackage : net.oneplus.launcher
06-20 16:42:07.844  4583  4606 D AppLoader: loadSelectedGameApps
06-20 16:42:07.845  2431  4521 D GameSpaceModel: uid#pkg:10242#com.tencent.tmgp.sgame
06-20 16:42:07.846  6801 12166 W JIGUANG-JPush: [ThirdPushManager] loadThirdPush error:cn.jpush.android.thirdpush.fcm.FCMPushManager
06-20 16:42:07.848  1670  1670 I Telecom : DefaultDialerCache: Refreshing default dialer for user 0: now com.oneplus.dialer: DDC.oR@AGo
06-20 16:42:07.850 12189 12189 I ndroid:pushcor: Unquickening 21 vdex files!
06-20 16:42:07.852  6801 12166 W JIGUANG-JPush: [ThirdPushManager] loadThirdPush error:cn.jpush.android.thridpush.oppo.OPushManager
06-20 16:42:07.852  2431  4521 D DeviceHelper: isAtLeastOP8DeviceVersion: this= kebab , is at least OP8: true
06-20 16:42:07.855  6801  6801 E .noahwm.androi: Invalid ID 0x00000000.
06-20 16:42:07.855  4727 10712 I Icing   : Usage reports ok 1, Failed Usage reports 0, indexed 0, rejected 0
06-20 16:42:07.855 12103 12103 W CTAPermission: ApplicationContext is null, so bypass permission check!
06-20 16:42:07.855 12103 12103 W CTAPermission: ApplicationContext is null, so bypass permission check!
06-20 16:42:07.856  6801  6801 E .noahwm.androi: Invalid ID 0x00000000.
06-20 16:42:07.856 12103 12103 W CTAPermission: ApplicationContext is null, so bypass permission check!
06-20 16:42:07.856  6801  6801 E .noahwm.androi: Invalid ID 0x00000000.
06-20 16:42:07.856  6801  6801 E .noahwm.androi: Invalid ID 0x00000000.
06-20 16:42:07.857 12103 12103 W CTAPermission: ApplicationContext is null, so bypass permission check!
06-20 16:42:07.858  8924  8924 I Finsky  : [2] vzw.e(23): SCH: Scheduling job Id: 9003, L: 1972866, D: 17229865, C: false, I: false, N: 0
06-20 16:42:07.858  6801  6801 E ExampleUtil: getDeviceId: The user 10573 does not meet the requirements to access device identifiers.
06-20 16:42:07.858  6801 12166 W JIGUANG-JPush: [AsusPushHelper] AndroidManifest.xml missing receiver extends asus's AsusPushMessageReceiver
06-20 16:42:07.858  6801 12166 D JIGUANG-JPush: [AsusPushHelper] not support asus
06-20 16:42:07.859  1216  1229 I adbd    : jdwp connection from 12189
06-20 16:42:07.859  2431  4521 D DeviceHelper: isAtLeastOP8DeviceVersion: this= kebab , is at least OP8: true
06-20 16:42:07.860  8924  8924 I Finsky  : [2] sot.d(13): PackageMonitorReceiverImpl - Received: android.intent.action.PACKAGE_CHANGED, [zqNWIL2oVAWlFTEoV9fPvQ7Gb6LqQyjSHF5pfKT0tE0]
06-20 16:42:07.860  8924  8924 I Finsky  : [2] spt.g(1): Invalidating cached PackageState for com.noahwm.android
06-20 16:42:07.860 12103 12103 I MMKV    : <native-bridge.cpp:104::JNI_OnLoad> current API level = 30, libc++_shared=0
06-20 16:42:07.861  6801  6801 D JIGUANG-JUnionAd: [JPushLifecycleCallback] [onActivityStarted], activity: cn.jpush.example.MainActivity, activityTaskCount: 0
06-20 16:42:07.861 12103 12103 I MMKV    : <MMKV.cpp:165::initialize> version v1.2.12, page size 4096, arch arm64-v8a
06-20 16:42:07.861 12103 12103 I MMKV    : <MMKV.cpp:176::initialize> armv8 AES instructions is supported
06-20 16:42:07.861 12103 12103 I MMKV    : <MMKV.cpp:184::initialize> armv8 CRC32 instructions is supported
06-20 16:42:07.861  6801  6801 D JIGUANG-JUnionAd: [JPushLifecycleCallback] is foreground, change foreground state
06-20 16:42:07.861 12103 12103 I MMKV    : <MMKV.cpp:207::initializeMMKV> root dir: /data/user/0/com.tencent.mm/files/mmkv
06-20 16:42:07.861  4727  5046 I Icing   : IndexChimeraService.getServiceInterface callingPackage=com.google.android.gms componentName=null serviceId=30
06-20 16:42:07.861  6801  6801 D JIGUANG-JPush: [AndroidUtil] notitle:false, overlay:null, color:-328966, translucent:falsebackground:android.graphics.drawable.ColorStateListDrawable@aceb016
06-20 16:42:07.862  6801  6801 D JIGUANG-JUnionAd: [DyPushConstants] changeForegroundStat, userType: 1
06-20 16:42:07.862  6801  6801 D JIGUANG-JUnionAd: [DyPushConstants] set foreground: true, old value: false
06-20 16:42:07.862  6801  6801 D JIGUANG-JCore: [JCoreHelper] runActionWithService action:change_foreground_dy
06-20 16:42:07.862  6801  6801 D JIGUANG-JCore: [JCoreGobal] serviceName is cn.jpush.android.service.JCommonService
06-20 16:42:07.862  6801  6801 D JIGUANG-JCore: [JCoreGobal] curProcessName is com.noahwm.android
06-20 16:42:07.862  6801  6801 D JIGUANG-JCore: [JCoreGobal] curProcessName is com.noahwm.android, remoteProcessName is com.noahwm.android:pushcore
06-20 16:42:07.862  6801 12175 D JIGUANG-JCore: [JCoreRunnable] name:JCoreGlobal,thread:jg_ic_pool_thread1:543, is main thread:false
06-20 16:42:07.862  6801 12175 D JIGUANG-JCore: [JCommonServiceHelper] onAction action:a3 bundle:Bundle[{internal_action=change_foreground_dy, sdk_type=JPUSH, user_type=1}]
06-20 16:42:07.862  6801 12175 D JIGUANG-JCore: [JMessenger] com.noahwm.android:pushcore's aidl not found, cn.jpush.android.service.JCommonService.a3
06-20 16:42:07.863  8924  8924 I Finsky  : [2] ljo.d(2): Frosting ID looked up on UI thread. Caller should move to a background thread.
06-20 16:42:07.863  6801  6801 D JIGUANG-JUnionAd: [InAppMessagingManager] change to foreground, start delay to deal cache message, delay time: 5000
06-20 16:42:07.863  6801  6801 D JIGUANG-JPush: [ActivityLifeCallBack] is Foreground
06-20 16:42:07.863  6801  6801 D JIGUANG-JPush: [JPushConstants] changeForegroudStat:true
06-20 16:42:07.863  6801  6801 D JIGUANG-JCore: [JCoreHelper] runActionWithService action:change_foreground
06-20 16:42:07.863  6801  6801 D JIGUANG-JCore: [JCoreGobal] serviceName is cn.jpush.android.service.JCommonService
06-20 16:42:07.863  6801  6801 D JIGUANG-JCore: [JCoreGobal] curProcessName is com.noahwm.android
06-20 16:42:07.863  6801  6801 D JIGUANG-JCore: [JCoreGobal] curProcessName is com.noahwm.android, remoteProcessName is com.noahwm.android:pushcore
06-20 16:42:07.863  6801  6801 D JIGUANG-JCore: [ActivityLifecycle] onActivityStarted:cn.jpush.example.MainActivity
06-20 16:42:07.863  6801  6801 D JIGUANG-JCore: [ActivityLifecycle] isForeground
06-20 16:42:07.863  2431  4521 E neplus.launche: Invalid ID 0x00000000.
06-20 16:42:07.863  6801 12175 D JIGUANG-JCore: [JMessenger] uri is null, check provider config
06-20 16:42:07.863  6801  6801 D JIGUANG-JCore: [ActivityLifecycle] notitle:false, overlay:null, color:-328966, translucent:falsebackground:android.graphics.drawable.ColorStateListDrawable@aabdd97
06-20 16:42:07.863  6801  6801 D JIGUANG-JCore: [JCoreHelper] new change fore:1
06-20 16:42:07.863  6801  6801 D JIGUANG-JCore: [JCoreHelper] changeForegroudStat:true, userActiveType:1
06-20 16:42:07.863  6801  6801 D JIGUANG-JCore: [JCoreGobal] serviceName is cn.jpush.android.service.JCommonService
06-20 16:42:07.863  2431  4521 E neplus.launche: Invalid ID 0x00000000.
06-20 16:42:07.863  6801  6801 D JIGUANG-JCore: [JCoreGobal] curProcessName is com.noahwm.android
06-20 16:42:07.863  6801  6801 D JIGUANG-JCore: [JCoreGobal] curProcessName is com.noahwm.android, remoteProcessName is com.noahwm.android:pushcore
06-20 16:42:07.863  6801  6801 D JIGUANG-JOperate: [JOperateEventDispatch] onEvent:start_app,bundle:Bundle[{type=3}]
06-20 16:42:07.863  2431  4521 E neplus.launche: Invalid ID 0x00000000.
06-20 16:42:07.863  2431  4521 E neplus.launche: Invalid ID 0x00000000.
06-20 16:42:07.864  6801  6801 D JIGUANG-JOperate: [JOperateReport] sendNotificationPermissions
06-20 16:42:07.864  2431  4521 D AssetCache: black_getUsingIconShapePath: 1 getCurrentAssetPackIconShapePath start
06-20 16:42:07.864  2431  4521 D AssetCache: black_getUsingIconShapePath: 2 getCurrentAssetPackIconShapePath end, getSystemIconShapePath start
06-20 16:42:07.864  2431  4521 D AssetCache: black_getUsingIconShapePath: 3 getSystemIconShapePath end
06-20 16:42:07.864  6801 12175 D JIGUANG-JCore: [JMessenger] sendByService, cn.jpush.android.service.JCommonService.a3
06-20 16:42:07.864  6801  6801 D JIGUANG-JOperate: [NotificationHelper] from NotificationManager enable=true
06-20 16:42:07.864  6801 12175 D JIGUANG-JCore: [JCoreRunnable] name:JCoreGlobal,thread:jg_ic_pool_thread1:543, is main thread:false
06-20 16:42:07.864  6801 12175 D JIGUANG-JCore: [JCommonServiceHelper] onAction action:a3 bundle:Bundle[{internal_action=change_foreground, sdk_type=JPUSH, foreground=true}]
06-20 16:42:07.865  6801 12175 D JIGUANG-JCore: [JMessenger] com.noahwm.android:pushcore's aidl not found, cn.jpush.android.service.JCommonService.a3
06-20 16:42:07.865  6801 12175 D JIGUANG-JCore: [JMessenger] uri is null, check provider config
06-20 16:42:07.866  6801 12175 D JIGUANG-JCore: [JMessenger] sendByService, cn.jpush.android.service.JCommonService.a3
06-20 16:42:07.866  6801 12175 D JIGUANG-JCore: [JCoreRunnable] name:JCoreGlobal,thread:jg_ic_pool_thread1:543, is main thread:false
06-20 16:42:07.866  6801 12175 D JIGUANG-JCore: [JCommonServiceHelper] onAction action:a4 bundle:Bundle[{user_type=1, foreground=true}]
06-20 16:42:07.866  6801 12166 D JIGUANG-JCore: [JThreadFactory] threadname: jg_nr_pool_thread1 created, is main thread: false
06-20 16:42:07.867  6801 12166 D JIGUANG-JCore: [JCoreRunnable] name:JOperate,thread:jg_fr_pool_thread3:536, is main thread:false
06-20 16:42:07.867  6801 12175 D JIGUANG-JCore: [JMessenger] com.noahwm.android:pushcore's aidl not found, cn.jpush.android.service.JCommonService.a4
06-20 16:42:07.867  6801 12166 D JIGUANG-JOperate: [JOperateReport] report superProperties:{}
06-20 16:42:07.867  6801 12166 D JIGUANG-JOperate: [JOperateReport] report dynamicSuperProperties:{}
06-20 16:42:07.867  8924  8924 I Finsky  : [2] ljo.d(2): Frosting ID looked up on UI thread. Caller should move to a background thread.
06-20 16:42:07.867  6801 12166 D JIGUANG-JOperate: [JOperateReport] report eventKey:jg_app_active
06-20 16:42:07.867  6801 12166 D JIGUANG-JOperate: [JOperateReport] report jsonObject:{}
06-20 16:42:07.867  6801 12166 D JIGUANG-JOperate: [JOperateReport] userVersion:0
06-20 16:42:07.867  6801 12166 D JIGUANG-JOperate: [JOperateReport] eventVersion:0
06-20 16:42:07.867  6801 12166 D JIGUANG-JOperate: [JOperateReport] hasVersion:false, isSaveWake:false, eventKey:jg_app_active
06-20 16:42:07.867  6801 12175 D JIGUANG-JCore: [JMessenger] uri is null, check provider config
06-20 16:42:07.868  6801 12175 D JIGUANG-JCore: [JMessenger] sendByService, cn.jpush.android.service.JCommonService.a4
06-20 16:42:07.869  6801 12166 D JIGUANG-JOperate: [JOperateLocalHelper] init hasClass: false
06-20 16:42:07.869  8924 11572 I Finsky  : [882] ljb.run(16): Wrote row to frosting DB: 5827
06-20 16:42:07.870  6801 12213 I JIGUANG-JUnionAd: [JUnionBaseAction] Handle action: third_init, data: null
06-20 16:42:07.870  6801 12213 D JIGUANG-JUnionAd: [JUnionBaseAction] Unknown action, third_init
06-20 16:42:07.872  1670  2323 D CompatibilityChangeReporter: Compat change id reported: 136274596; UID 10573; state: DISABLED
06-20 16:42:07.876  6801  6801 D JIGUANG-JCore: [JCoreGobal] serviceName is cn.jpush.android.service.JCommonService
06-20 16:42:07.876  6801  6801 D JIGUANG-JCore: [JCoreGobal] curProcessName is com.noahwm.android
06-20 16:42:07.876  6801  6801 D JIGUANG-JCore: [JCoreGobal] curProcessName is com.noahwm.android, remoteProcessName is com.noahwm.android:pushcore
06-20 16:42:07.876  6801  6801 D JIGUANG-JCore: [JCoreHelper] runActionWithService action:notification_state
06-20 16:42:07.876  6801  6801 D JIGUANG-JCore: [JCoreGobal] serviceName is cn.jpush.android.service.JCommonService
06-20 16:42:07.876  6801  6801 D JIGUANG-JCore: [JCoreGobal] curProcessName is com.noahwm.android
06-20 16:42:07.876  6801  6801 D JIGUANG-JCore: [JCoreGobal] curProcessName is com.noahwm.android, remoteProcessName is com.noahwm.android:pushcore
06-20 16:42:07.876  6801  6801 D JIGUANG-JCore: [JOperateActivityLifecycle] activityLifecycle:onActivityStarted,activity:cn.jpush.example.MainActivity
06-20 16:42:07.876  6801 12175 D JIGUANG-JCore: [JCoreRunnable] name:JCoreGlobal,thread:jg_ic_pool_thread1:543, is main thread:false
06-20 16:42:07.877 12189 12215 E Parcel  : Reading a NULL string not supported here.
06-20 16:42:07.878  2431  4521 E neplus.launche: Invalid ID 0x00000000.
06-20 16:42:07.878  6801  6801 D JIGUANG-JOperate: [JOperateEventDispatch] onEvent:activity_lifecycle,bundle:Bundle[{lifecycle_name=onActivityStarted, activity_hash=9879343, activity_name=cn.jpush.example.MainActivity, activity_intent=Intent { act=android.intent.action.MAIN cat=[android.intent.category.LAUNCHER] flg=0x10000000 cmp=com.noahwm.android/cn.jpush.example.MainActivity }}]
06-20 16:42:07.878  6801  6801 D JIGUANG-JOperate: [JOperateReport] lifecycle_name:onActivityStarted
06-20 16:42:07.878  6801  6801 D JIGUANG-JOperate: [JOperateReport] activity_name:cn.jpush.example.MainActivity
06-20 16:42:07.878  6801  6801 D JIGUANG-JOperate: [JOperateReport] activity_intent:Intent { act=android.intent.action.MAIN cat=[android.intent.category.LAUNCHER] flg=0x10000000 cmp=com.noahwm.android/cn.jpush.example.MainActivity }
06-20 16:42:07.878  6801  6801 D JIGUANG-JOperate: [JOperateReport] setReportDebug intent:Intent { act=android.intent.action.MAIN cat=[android.intent.category.LAUNCHER] flg=0x10000000 cmp=com.noahwm.android/cn.jpush.example.MainActivity }
06-20 16:42:07.878  6801  6801 D JIGUANG-JOperate: [JOperateReport] setReportDebug data:null
06-20 16:42:07.878  2431  4521 E neplus.launche: Invalid ID 0x00000000.
06-20 16:42:07.878  6801 12166 D JIGUANG-JCore: [CheckManifestHelper] manifest:channel - developer-default
06-20 16:42:07.878  2431  4521 E neplus.launche: Invalid ID 0x00000000.
06-20 16:42:07.879  6801 12175 D JIGUANG-JCore: [JCommonServiceHelper] onAction action:tcp_a2 bundle:Bundle[{delay_time=0, force=false}]
06-20 16:42:07.879  2431  4521 E neplus.launche: Invalid ID 0x00000000.
06-20 16:42:07.880  6801 12175 D JIGUANG-JCore: [JMessenger] com.noahwm.android:pushcore's aidl not found, cn.jpush.android.service.JCommonService.tcp_a2
06-20 16:42:07.880 12103 12103 D CompatibilityChangeReporter: Compat change id reported: 147600208; UID 10237; state: ENABLED
06-20 16:42:07.881  8924 11572 I Finsky  : [882] ljb.run(16): Wrote row to frosting DB: 5828
06-20 16:42:07.882  4727 10712 I Icing   : Indexing com.google.android.gms-apps from com.google.android.gms
06-20 16:42:07.882  6801  6801 D JIGUANG-JUnionAd: [InAppMessagingManager] sync current page status, page: cn.jpush.example.MainActivity, isEnter: true, isActivity: true
06-20 16:42:07.882  6801  6801 D JIGUANG-JUnionAd: [InAppHelper] updateCurrentPage current pages: {cn.jpush.example.MainActivity=null}
06-20 16:42:07.883  6801 12175 D JIGUANG-JCore: [JMessenger] uri is null, check provider config
06-20 16:42:07.883  6801  6801 D JIGUANG-JCore: [JCoreHelper] runActionWithService action:handle_life_resume
06-20 16:42:07.883  6801  6801 D JIGUANG-JCore: [JCoreGobal] serviceName is cn.jpush.android.service.JCommonService
06-20 16:42:07.883  6801  6801 D JIGUANG-JCore: [JCoreGobal] curProcessName is com.noahwm.android
06-20 16:42:07.883  6801  6801 D JIGUANG-JCore: [JCoreGobal] curProcessName is com.noahwm.android, remoteProcessName is com.noahwm.android:pushcore
06-20 16:42:07.883  6801  6801 D JIGUANG-JUnionAd: [InAppMessagingManager] enter page reset page time
06-20 16:42:07.883  6801  6801 D JIGUANG-JUnionAd: [JPushLifecycleCallback] resetTimeByPageChange, old: 1655714527792, new: 1655714527883
06-20 16:42:07.883  6801  6801 I JIGUANG-JCore: [ActivityLifecycle] onActivityResumed:cn.jpush.example.MainActivity
06-20 16:42:07.884  6801  6801 D JIGUANG-JCore: [JThreadFactory] threadname: jg_sc_pool_thread1 created, is main thread: true
06-20 16:42:07.884  6801  6801 D JIGUANG-JCore: [JOperateActivityLifecycle] activityLifecycle:onActivityResumed,activity:cn.jpush.example.MainActivity
06-20 16:42:07.884  6801  6801 D JIGUANG-JOperate: [JOperateEventDispatch] onEvent:activity_lifecycle,bundle:Bundle[{lifecycle_name=onActivityResumed, activity_hash=9879343, activity_name=cn.jpush.example.MainActivity, activity_intent=Intent { act=android.intent.action.MAIN cat=[android.intent.category.LAUNCHER] flg=0x10000000 cmp=com.noahwm.android/cn.jpush.example.MainActivity }}]
06-20 16:42:07.884  6801  6801 D JIGUANG-JOperate: [JOperateReport] lifecycle_name:onActivityResumed
06-20 16:42:07.884  6801  6801 D JIGUANG-JOperate: [JOperateReport] activity_name:cn.jpush.example.MainActivity
06-20 16:42:07.884  6801  6801 D JIGUANG-JOperate: [JOperateReport] activity_intent:Intent { act=android.intent.action.MAIN cat=[android.intent.category.LAUNCHER] flg=0x10000000 cmp=com.noahwm.android/cn.jpush.example.MainActivity }
06-20 16:42:07.884 12189 12189 D ApplicationLoaders: Returning zygote-cached class loader: /system/framework/android.test.base.jar
06-20 16:42:07.885  6801  6801 D JIGUANG-JOperate: [JOperateReport] setReportDebug intent:Intent { act=android.intent.action.MAIN cat=[android.intent.category.LAUNCHER] flg=0x10000000 cmp=com.noahwm.android/cn.jpush.example.MainActivity }
06-20 16:42:07.885  6801  6801 D JIGUANG-JOperate: [JOperateReport] setReportDebug data:null
06-20 16:42:07.885  6801 12175 D JIGUANG-JCore: [JMessenger] sendByService, cn.jpush.android.service.JCommonService.tcp_a2
06-20 16:42:07.885  6801 12175 D JIGUANG-JCore: [JCoreRunnable] name:JCoreGlobal,thread:jg_ic_pool_thread1:543, is main thread:false
06-20 16:42:07.885  6801 12175 D JIGUANG-JCore: [JCommonServiceHelper] onAction action:a3 bundle:Bundle[{internal_action=notification_state, scence=1, sdk_type=JCore}]
06-20 16:42:07.886  6801 12175 D JIGUANG-JCore: [JMessenger] com.noahwm.android:pushcore's aidl not found, cn.jpush.android.service.JCommonService.a3
06-20 16:42:07.887  6801 12175 D JIGUANG-JCore: [JMessenger] uri is null, check provider config
06-20 16:42:07.890  6801 12175 D JIGUANG-JCore: [JMessenger] sendByService, cn.jpush.android.service.JCommonService.a3
06-20 16:42:07.890  6801 12175 D JIGUANG-JCore: [JCoreRunnable] name:JCoreGlobal,thread:jg_ic_pool_thread1:543, is main thread:false
06-20 16:42:07.890  6801 12175 D JIGUANG-JCore: [JCommonServiceHelper] onAction action:a3 bundle:Bundle[{internal_action=handle_life_resume, activity_name=cn.jpush.example.MainActivity, type=true, state=1, sdk_type=JPUSH}]
06-20 16:42:07.891 12103 12103 W SQLiteCompatibilityWalFlags: Cannot read global setting sqlite_compatibility_wal_flags - Application state not available
06-20 16:42:07.892 12103 12103 E sqlite3_android: ONEPLUS_NAME_PARTS_MATCH SQLITE_OK
06-20 16:42:07.893  6801 12175 D JIGUANG-JCore: [JMessenger] com.noahwm.android:pushcore's aidl not found, cn.jpush.android.service.JCommonService.a3
06-20 16:42:07.895  6801 12175 D JIGUANG-JCore: [JMessenger] uri is null, check provider config
06-20 16:42:07.895  6801 12224 D JIGUANG-JCore: [JCoreRunnable] name:PushSA,thread:jg_sc_pool_thread1:558, is main thread:false
06-20 16:42:07.895  6801 12224 D JIGUANG-JCore: [PushSA] statistics start
06-20 16:42:07.895  6801 12166 D JIGUANG-JOperate: [JOperateJCoreHelper] getDeviceInfoP start:0
06-20 16:42:07.896  6801 12166 D JIGUANG-JCore: [JCommonServiceHelper] user serviceProcess is:com.noahwm.android:pushcore
06-20 16:42:07.896  6801 12166 D JIGUANG-JCore: [JCoreHelper] getDeviceInfoToService isServiceProcess：false
06-20 16:42:07.896  6801 12166 D JIGUANG-JCore: [JCoreHelper] getDeviceInfoToService deviceInfoBundle：Bundle[{isServiceProcess=false}]
06-20 16:42:07.896  6801 12166 D JIGUANG-JOperate: [JOperateJCoreHelper] getDeviceInfoP：0:Bundle[{isServiceProcess=false}]
06-20 16:42:07.896  6801 12224 D JIGUANG-JCore: [PushSA] lastPause:-1,latestResumeTime:1655714527884,interval:30000,a:1655714527885
06-20 16:42:07.896  6801 12224 I JIGUANG-JCore: [PushSA] new statistics session
06-20 16:42:07.897  6801 12224 D JIGUANG-JCore: [JCoreRunnable] name:null,thread:jg_sc_pool_thread1:558, is main thread:false
06-20 16:42:07.900  6801 12224 D JIGUANG-JCore: [JBridgeHelper] read String is empty
06-20 16:42:07.900  6801 12224 D JIGUANG-JCore: [ReportUtils] going to report data at push service
06-20 16:42:07.900  6801 12224 D JIGUANG-JCore: [JCoreGobal] serviceName is cn.jpush.android.service.JCommonService
06-20 16:42:07.900  6801 12224 D JIGUANG-JCore: [JCoreGobal] curProcessName is com.noahwm.android
06-20 16:42:07.900  6801 12224 D JIGUANG-JCore: [JCoreGobal] curProcessName is com.noahwm.android, remoteProcessName is com.noahwm.android:pushcore
06-20 16:42:07.900 12103 12103 V NativeCrash: Alternative stack installed.
06-20 16:42:07.900 12103 12103 V NativeCrash: Signal handler installed.
06-20 16:42:07.906  6801  6801 V ViewRootImpl: The specified message queue synchronization  barrier token has not been posted or has already been removed
06-20 16:42:07.907  6801 12175 D JIGUANG-JCore: [JMessenger] sendByService, cn.jpush.android.service.JCommonService.a3
06-20 16:42:07.907  6801 12175 D JIGUANG-JCore: [JCoreRunnable] name:JCoreGlobal,thread:jg_ic_pool_thread1:543, is main thread:false
06-20 16:42:07.907  6801 12175 D JIGUANG-JCore: [JCommonServiceHelper] onAction action:a1 bundle:Bundle[{report_data=[{"date":"2022-06-20","time":"16:42:07","itime":1655714527,"type":"active_launch","account_id":"","session_id":"083fe2bbda8260fc498fbce364338274"}], sdk_type=JCore}]
06-20 16:42:07.907  6801 12175 D JIGUANG-JCore: [JMessenger] com.noahwm.android:pushcore's aidl not found, cn.jpush.android.service.JCommonService.a1
06-20 16:42:07.908  6801 12175 D JIGUANG-JCore: [JMessenger] uri is null, check provider config
06-20 16:42:07.912 12103 12103 I ent.mm:hotpot.: Thread[1,tid=12103,Native,Thread*=0xb400006f44955010,peer=0x7244d320,"main"] recursive attempt to load library "/data/app/~~rDrFxd5gtiZhhyWf0rrqrQ==/com.tencent.mm-rNgeaX9pWTgXXnQtHyE9TA==/lib/arm64/libtrace-canary.so"
06-20 16:42:07.912 12103 12103 I ent.mm:hotpot.: Thread[1,tid=12103,Native,Thread*=0xb400006f44955010,peer=0x7244d320,"main"] recursive attempt to load library "/data/app/~~rDrFxd5gtiZhhyWf0rrqrQ==/com.tencent.mm-rNgeaX9pWTgXXnQtHyE9TA==/lib/arm64/libtrace-canary.so"
06-20 16:42:07.917  4727 10712 W Icing   : No valid account for uploading user actions
06-20 16:42:07.923  2431  4521 D GridItemProvider: getToolBoxItems: jsonStr= [{"id":0,"intent":{"mAction":"android.intent.action.MAIN","mCategories":["net.oneplus.launcher.DEEP_SHORTCUT"],"mComponent":{"mClass":"com.tencent.mm.*","mPackage":"com.tencent.mm"},"mContentUserHint":-2,"mFlags":270532608,"mPackage":"com.tencent.mm","mSecureDataString":false},"itemType":999,"launchCount":0,"restored":0,"serialNumber":0,"shortcutId":"wechat_transit"},{"id":0,"intent":{"mAction":"android.intent.action.MAIN","mCategories":["net.oneplus.launcher.DEEP_SHORTCUT"],"mComponent":{"mClass":"com.tencent.mm.plugin.scanner.ui.BaseScanUI","mPackage":"com.tencent.mm"},"mContentUserHint":-2,"mFlags":270532608,"mPackage":"com.tencent.mm","mSecureDataString":false},"itemType":999,"launchCount":0,"restored":0,"serialNumber":0,"shortcutId":"wechat_scan"},{"id":0,"intent":{"mAction":"android.intent.action.MAIN","mCategories":["net.oneplus.launcher.DEEP_SHORTCUT"],"mComponent":{"mClass":"com.tencent.mm.plugin.offline.ui.WalletOfflineCoinPurseUI","mPackage":"com.tencent.mm"},"mContentUserHint":-2,"mFlags":270532608,"mPackage":"com.tencent.mm","mSecureDataString":false},"itemType":999,"launchCount":0,"restored":0,"serialNumber":0,"shortcutId":"wechat_pay"}]
06-20 16:42:07.924  4727  9726 E Parcel  : Reading a NULL string not supported here.
06-20 16:42:07.924  6801 12175 D JIGUANG-JCore: [JMessenger] sendByService, cn.jpush.android.service.JCommonService.a1
06-20 16:42:07.925  4727  9726 E Parcel  : Reading a NULL string not supported here.
06-20 16:42:07.926  4727  9726 E Parcel  : Reading a NULL string not supported here.
06-20 16:42:07.927  4727 10712 I Icing   : Usage reports ok 0, Failed Usage reports 0, indexed 0, rejected 0
06-20 16:42:07.929  4727  9726 E Parcel  : Reading a NULL string not supported here.
06-20 16:42:07.932  4727  9726 E Parcel  : Reading a NULL string not supported here.
06-20 16:42:07.932  4344 12142 I Fitness : OnPackageChangedOperation got intent: Intent { act=android.intent.action.PACKAGE_CHANGED dat=package:com.noahwm.android flg=0x5000010 pkg=com.google.android.gms cmp=com.google.android.gms/.chimera.PersistentIntentOperationService (has extras) } [CONTEXT service_id=17 ]
06-20 16:42:07.933  2431  4521 D Launcher.Utilities: migrateComponent: packageName = com.tencent.mm, user= UserHandle{0}
06-20 16:42:07.934  2431  4521 D GridItemProvider: getToolBoxItems: bean= GridItemBean: itemType=999, intent=Intent { act=android.intent.action.MAIN cat=[net.oneplus.launcher.DEEP_SHORTCUT] flg=0x10200000 pkg=com.tencent.mm cmp=com.tencent.mm/.* (has extras) }, serialNumber= 0, shortcutId= wechat_transit, restored= 0, id= 0, info= ShelfWorkspaceItemInfo(id=-1 type=999 container=-1 screen=-1 cell(-1,-1) span(1,1) minSpan(1,1) rank=0 user=UserHandle{0} title=乘车码 hidden=false dirty = false newInstallTag=null)
06-20 16:42:07.934  2431  4521 D Launcher.Utilities: migrateComponent: packageName = com.tencent.mm, user= UserHandle{0}
06-20 16:42:07.935  4727  9726 E Parcel  : Reading a NULL string not supported here.
06-20 16:42:07.935  2431  4521 D GridItemProvider: getToolBoxItems: bean= GridItemBean: itemType=999, intent=Intent { act=android.intent.action.MAIN cat=[net.oneplus.launcher.DEEP_SHORTCUT] flg=0x10200000 pkg=com.tencent.mm cmp=com.tencent.mm/.plugin.scanner.ui.BaseScanUI (has extras) }, serialNumber= 0, shortcutId= wechat_scan, restored= 0, id= 0, info= ShelfWorkspaceItemInfo(id=-1 type=999 container=-1 screen=-1 cell(-1,-1) span(1,1) minSpan(1,1) rank=0 user=UserHandle{0} title=微信扫一扫 hidden=false dirty = false newInstallTag=null)
06-20 16:42:07.936  4727  9726 E Parcel  : Reading a NULL string not supported here.
06-20 16:42:07.937  2431  4521 D Launcher.Utilities: migrateComponent: packageName = com.tencent.mm, user= UserHandle{0}
06-20 16:42:07.938  2431  4521 D GridItemProvider: getToolBoxItems: bean= GridItemBean: itemType=999, intent=Intent { act=android.intent.action.MAIN cat=[net.oneplus.launcher.DEEP_SHORTCUT] flg=0x10200000 pkg=com.tencent.mm cmp=com.tencent.mm/.plugin.offline.ui.WalletOfflineCoinPurseUI (has extras) }, serialNumber= 0, shortcutId= wechat_pay, restored= 0, id= 0, info= ShelfWorkspaceItemInfo(id=-1 type=999 container=-1 screen=-1 cell(-1,-1) span(1,1) minSpan(1,1) rank=0 user=UserHandle{0} title=微信付款 hidden=false dirty = false newInstallTag=null)
06-20 16:42:07.939  2431  4521 D PackageUpdatedTask: mAllAppsList.updatePackage user = UserHandle{0}, pkg = com.noahwm.android
06-20 16:42:07.940  4727 10712 I Icing   : Indexing done com.google.android.gms-apps
06-20 16:42:07.942  1670  1681 I system_server: Compiler allocated 4220KB to compile int com.android.server.wm.WindowManagerService.relayoutWindow(com.android.server.wm.Session, android.view.IWindow, int, android.view.WindowManager$LayoutParams, int, int, int, int, long, android.graphics.Rect, android.graphics.Rect, android.graphics.Rect, android.graphics.Rect, android.graphics.Rect, android.view.DisplayCutout$ParcelableWrapper, android.util.MergedConfiguration, android.view.SurfaceControl, android.view.InsetsState, android.view.InsetsSourceControl[], android.graphics.Point, android.view.SurfaceControl)
06-20 16:42:07.945  6801 12170 I AdrenoGLES-0: QUALCOMM build                   : 3571974a10, I64bd74b5bd
06-20 16:42:07.945  6801 12170 I AdrenoGLES-0: Build Date                       : 09/11/20
06-20 16:42:07.945  6801 12170 I AdrenoGLES-0: OpenGL ES Shader Compiler Version: EV031.32.02.00
06-20 16:42:07.945  6801 12170 I AdrenoGLES-0: Local Branch                     : 
06-20 16:42:07.945  6801 12170 I AdrenoGLES-0: Remote Branch                    : refs/tags/AU_LINUX_ANDROID_LA.UM.9.12.10.00.00.582.274
06-20 16:42:07.945  6801 12170 I AdrenoGLES-0: Remote Branch                    : NONE
06-20 16:42:07.945  6801 12170 I AdrenoGLES-0: Reconstruct Branch               : NOTHING
06-20 16:42:07.945  6801 12170 I AdrenoGLES-0: Build Config                     : S P 10.0.5 AArch64
06-20 16:42:07.945  6801 12170 I AdrenoGLES-0: Driver Path                      : /vendor/lib64/egl/libGLESv2_adreno.so
06-20 16:42:07.945  2431  4521 E neplus.launche: Invalid ID 0x00000000.
06-20 16:42:07.946  2431  4521 I chatty  : uid=10165(net.oneplus.launcher) launcher-loader identical 2 lines
06-20 16:42:07.946  2431  4521 E neplus.launche: Invalid ID 0x00000000.
06-20 16:42:07.946  2431  4521 D AssetCache: black_getUsingIconShapePath: 1 getCurrentAssetPackIconShapePath start
