06-20 16:42:12.389 12189 12263 D debug_116: getMethodInterval config=cn.jiguang.common.configs.JDataConfig@26a21e
06-20 16:42:12.389 12189 12263 D debug_116: getMethodInterval freq=-1 methodFreq=-1
06-20 16:42:12.389 12189 12263 D JIGUANG-JCommon: [debug_116] configId is 1100, method freq is -1
06-20 16:42:12.389 12189 12263 D JIGUANG-JCommon: [JAppHelper] getInstalledApps by api
06-20 16:42:12.419 12189 12263 E Parcel  : Reading a NULL string not supported here.
06-20 16:42:12.441 12189 12263 I chatty  : uid=10573(com.noahwm.android) jg_dl_pool_thre identical 5 lines
06-20 16:42:12.443 12189 12263 E Parcel  : Reading a NULL string not supported here.
06-20 16:42:12.518 12189 12263 E OpPackageItemInfoInjector: Failed to loadUnsafeLabel : android.content.pm.PackageManager$NameNotFoundException: com.google.android.networkstack
06-20 16:42:12.523 12189 12303 D JIGUANG-JCore: [DefaultHostVerifier] host:ali-stats.jpush.cn,checkHost:ali-stats.jpush.cn
06-20 16:42:12.587 12189 12303 D JIGUANG-JCore: [HttpHelper] status code:200 retry left:2
06-20 16:42:12.588 12189 12303 D JIGUANG-JCore: [ReportUtils] http upload success json={
06-20 16:42:12.588 12189 12303 D JIGUANG-JCore:   "content": [
06-20 16:42:12.588 12189 12303 D JIGUANG-JCore:     {
06-20 16:42:12.588 12189 12303 D JIGUANG-JCore:       "level": 100,
06-20 16:42:12.588 12189 12303 D JIGUANG-JCore:       "scale": 100,
06-20 16:42:12.588 12189 12303 D JIGUANG-JCore:       "status": 3,
06-20 16:42:12.588 12189 12303 D JIGUANG-JCore:       "voltage": 4365,
06-20 16:42:12.588 12189 12303 D JIGUANG-JCore:       "temperature": 306,
06-20 16:42:12.588 12189 12303 D JIGUANG-JCore:       "itime": 1655714531,
06-20 16:42:12.588 12189 12303 D JIGUANG-JCore:       "type": "battery",
06-20 16:42:12.588 12189 12303 D JIGUANG-JCore:       "account_id": ""
06-20 16:42:12.588 12189 12303 D JIGUANG-JCore:     }
06-20 16:42:12.588 12189 12303 D JIGUANG-JCore:   ],
06-20 16:42:12.588 12189 12303 D JIGUANG-JCore:   "platform": "a",
06-20 16:42:12.588 12189 12303 D JIGUANG-JCore:   "uid": 62837076471,
06-20 16:42:12.588 12189 12303 D JIGUANG-JCore:   "app_key": "444e3254283007acc36993cc",
06-20 16:42:12.588 12189 12303 D JIGUANG-JCore:   "core_sdk_ver": "3.3.0",
06-20 16:42:12.588 12189 12303 D JIGUANG-JCore:   "sdk_ver": "4.5.0",
06-20 16:42:12.588 12189 12303 D JIGUANG-JCore:   "sdk_ver_local": "4.5.0",
06-20 16:42:12.588 12189 12303 D JIGUANG-JCore:   "channel": "developer-default",
06-20 16:42:12.588 12189 12303 D JIGUANG-JCore:   "app_version": "4.4.0"
06-20 16:42:12.588 12189 12303 D JIGUANG-JCore: }
06-20 16:42:12.588 12189 12303 D JIGUANG-JCore: [ReportUtils] cancelTimer, task id is : 3c99f09d-5ecd-4461-955f-cec7f34ee4f8
06-20 16:42:12.588 12189 12303 D JIGUANG-JCore: [ReportUtils] pop queue report
06-20 16:42:12.589 12189 12303 D JIGUANG-JCore: [JCoreRunnable] name:ReportUtils#report,thread:jg_rp_pool_thread1:943, is main thread:false
06-20 16:42:12.589 12189 12303 D JIGUANG-JCore: [ReportUtils] push queue report
06-20 16:42:12.590 12189 12303 D JIGUANG-JCore: [ReportUtils] start timer lastTime is : 1212153, task id is : 335839e5-ec77-48bb-a79b-31b9471399f1
06-20 16:42:12.595 12189 12303 D JIGUANG-JCore: [ReportUtils] will upload length=272
06-20 16:42:12.596 12189 12303 D JIGUANG-JCore: [AddressGroupManager] lastUpdateTime=2022-06-20 16:42:11 now=2022-06-20 16:42:12 expire=86400
06-20 16:42:12.597 12189 12303 D JIGUANG-JCore: [ReportUtils] types=[sdk_joa] find urls=[https://ali-stats.jpush.cn, https://stats.jpush.cn, https://183.232.25.151:443]
06-20 16:42:12.597 12189 12303 D JIGUANG-JCore: [ReportUtils] upload type=[sdk_joa] to url:https://ali-stats.jpush.cn/v3/report
06-20 16:42:12.600 12189 12303 V JIGUANG-JCore: [HttpUtils] host:ali-stats.jpush.cn,port:-1
06-20 16:42:12.660  1670  1881 I AppsFilter: interaction: PackageSetting{dab0c2f com.awesomeproject/10329} -> PackageSetting{94e5c9 com.noahwm.android/10573} BLOCKED
06-20 16:42:12.661  1670  1881 D OPFD_CTRL_SVC: notify Package Changed { com.noahwm.android } uid = 10573, Type = android.intent.action.PACKAGE_CHANGED, isVisiblePkg ? true
06-20 16:42:12.673  1670  1724 I RoleManagerService: Granting default roles...
06-20 16:42:12.688 12189 12303 D JIGUANG-JCore: [DefaultHostVerifier] host:ali-stats.jpush.cn,checkHost:ali-stats.jpush.cn
06-20 16:42:12.689  2569  2569 D HeadsetService: getHeadsetService(): returning com.android.bluetooth.hfp.HeadsetService@72035df
06-20 16:42:12.691  2569  2569 D HeadsetService:  isAudioOn: The number of audio connected devices 0
06-20 16:42:12.691  2569  2569 D HeadsetService: isScoOrCallActive(): Call Active:falseCall is Ringing:falseSCO is Active:false
06-20 16:42:12.691  4045  4045 E Parcel  : Reading a NULL string not supported here.
06-20 16:42:12.691  2569  2569 D HeadsetService:  isAudioOn: The number of audio connected devices 0
06-20 16:42:12.691  2569  2569 I Avrcp_ext: updatePlayStatusForDevice: device: null
06-20 16:42:12.691  2569  2569 I Avrcp_ext: Exit updatePlayStatusForDevice
06-20 16:42:12.691  2569  2569 D HeadsetService:  isAudioOn: The number of audio connected devices 0
06-20 16:42:12.691  2569  2569 D HeadsetService: isScoOrCallActive(): Call Active:falseCall is Ringing:falseSCO is Active:false
06-20 16:42:12.691  2569  2569 D HeadsetService:  isAudioOn: The number of audio connected devices 0
06-20 16:42:12.691  2569  2569 I Avrcp_ext: updatePlayStatusForDevice: device: null
06-20 16:42:12.691  2569  2569 I Avrcp_ext: Exit updatePlayStatusForDevice
06-20 16:42:12.692  2569  2569 D HeadsetService:  isAudioOn: The number of audio connected devices 0
06-20 16:42:12.692  2569  2569 D HeadsetService: isScoOrCallActive(): Call Active:falseCall is Ringing:falseSCO is Active:false
06-20 16:42:12.692  2569  2569 D HeadsetService:  isAudioOn: The number of audio connected devices 0
06-20 16:42:12.692  2569  2569 I Avrcp_ext: updatePlayStatusForDevice: device: null
06-20 16:42:12.692  2569  2569 I Avrcp_ext: Exit updatePlayStatusForDevice
06-20 16:42:12.692  2569  2569 D HeadsetService:  isAudioOn: The number of audio connected devices 0
06-20 16:42:12.692  2569  2569 D HeadsetService: isScoOrCallActive(): Call Active:falseCall is Ringing:falseSCO is Active:false
06-20 16:42:12.692  2569  2569 D HeadsetService:  isAudioOn: The number of audio connected devices 0
06-20 16:42:12.692  2569  2569 I Avrcp_ext: updatePlayStatusForDevice: device: null
06-20 16:42:12.692  2569  2569 I Avrcp_ext: Exit updatePlayStatusForDevice
06-20 16:42:12.693  2569  2569 D HeadsetService:  isAudioOn: The number of audio connected devices 0
06-20 16:42:12.693  2569  2569 D HeadsetService: isScoOrCallActive(): Call Active:falseCall is Ringing:falseSCO is Active:false
06-20 16:42:12.693  2569  2569 D HeadsetService:  isAudioOn: The number of audio connected devices 0
06-20 16:42:12.693  2569  2569 I Avrcp_ext: updatePlayStatusForDevice: device: null
06-20 16:42:12.693  2569  2569 I Avrcp_ext: Exit updatePlayStatusForDevice
06-20 16:42:12.699  1670  2211 I InputReader: Reconfiguring input devices, changes=KEYBOARD_LAYOUTS | 
06-20 16:42:12.700  3321  3321 E PhoneInterfaceManager: [PhoneIntfMgr] getCarrierPackageNamesForIntentAndPhone: No UICC
06-20 16:42:12.700  3321  3321 D CarrierSvcBindHelper: No carrier app for: 0
06-20 16:42:12.700  3321  3321 E PhoneInterfaceManager: [PhoneIntfMgr] getCarrierPackageNamesForIntentAndPhone: No UICC
06-20 16:42:12.700  3321  3321 D CarrierSvcBindHelper: No carrier app for: 1
06-20 16:42:12.700  3321  3321 D ImsResolver: maybeAddedImsService, packageName: com.noahwm.android
06-20 16:42:12.711  4045  4045 E RegisteredServicesCache: Skipping application component ComponentInfo{com.autonavi.minimap/com.alibaba.ariver.commonability.device.jsapi.nfc.service.TinyAppHostApduService}: it must request the permission android.permission.NFC
06-20 16:42:12.712  4045  4045 E RegisteredServicesCache: Skipping application component ComponentInfo{com.autonavi.minimap/com.alipay.mobile.aompdevice.nfc.service.TinyAppHostApduService}: it must request the permission android.permission.NFC
06-20 16:42:12.714  4727 10455 E Parcel  : Reading a NULL string not supported here.
06-20 16:42:12.715  4045  4045 D NfcApduServiceInfo: No com.nxp.nfc.extensions meta-data
06-20 16:42:12.715  4045  4045 E NfcApduServiceInfo: SE extension not present, Setting default offhost seID
06-20 16:42:12.715  4045  4045 D RegisteredServicesCache:  Reading service state data always from file
06-20 16:42:12.716  4727 10455 E Parcel  : Reading a NULL string not supported here.
06-20 16:42:12.717  4045  4045 D RegisteredServicesCache: ServiceStateFileVersion=1.0
06-20 16:42:12.717  4045  4045 E RegisteredServicesCache: Next Tag=services
06-20 16:42:12.717  4045  4045 D RegisteredServicesCache:  curr component com.google.android.gms/com.google.android.gms.nearby.mediums.nearfieldcommunication.NfcAdvertisingService
06-20 16:42:12.717  4045  4045 D RegisteredServicesCache:  curr uid 10140
06-20 16:42:12.717  4045  4045 D RegisteredServicesCache:  curr state 2
06-20 16:42:12.717  4045  4045 E RegisteredServicesCache: installedServices no uidString 
06-20 16:42:12.717  4727 10455 E Parcel  : Reading a NULL string not supported here.
06-20 16:42:12.717  4045  4045 E RegisteredServicesCache: 1invalidateCache:WriteServiceStateToFile
06-20 16:42:12.717  4045  4045 E RegisteredServicesCache:  Writing service state Data Always
06-20 16:42:12.718  4045  4045 E RegisteredServicesCache: component namecom.google.android.gms/com.google.android.gms.nearby.mediums.nearfieldcommunication.NfcAdvertisingService
06-20 16:42:12.719  4727 10455 E Parcel  : Reading a NULL string not supported here.
06-20 16:42:12.721  4344 12139 I Fitness : OnPackageChangedOperation got intent: Intent { act=android.intent.action.PACKAGE_CHANGED dat=package:com.noahwm.android flg=0x45000010 pkg=com.google.android.gms cmp=com.google.android.gms/.chimera.PersistentIntentOperationService (has extras) } [CONTEXT service_id=17 ]
06-20 16:42:12.722  4045  4045 D RegisteredNfcFServicesCache: Service unchanged, not updating
06-20 16:42:12.724  4727 10455 E Parcel  : Reading a NULL string not supported here.
06-20 16:42:12.734  4727 10455 E Parcel  : Reading a NULL string not supported here.
06-20 16:42:12.735  4344 12142 I Fitness : FitCleanupIntentOperation received Intent android.intent.action.PACKAGE_CHANGED [CONTEXT service_id=17 ]
06-20 16:42:12.735  4727 11224 I Icing   : Indexing com.google.android.gms-apps from com.google.android.gms
06-20 16:42:12.737 12103 12148 I ent.mm:hotpot.: Waiting for a blocking GC ProfileSaver
06-20 16:42:12.738  4727 10455 E Parcel  : Reading a NULL string not supported here.
06-20 16:42:12.744  4727 11224 I Icing   : Indexing done com.google.android.gms-apps
06-20 16:42:12.746  1670  1771 W SearchableInfo: Invalid searchable metadata for tv.danmaku.bili/com.bilibili.bililive.videoliveplayer.ui.live.LiveAllActivity: Search label must be a resource reference.
06-20 16:42:12.748  1670  1771 W SearchableInfo: Invalid searchable metadata for tv.danmaku.bili/com.bilibili.bililive.videoliveplayer.ui.live.area.LiveAreaVideoListActivity: Search label must be a resource reference.
06-20 16:42:12.749  1670  1771 W SearchableInfo: Invalid searchable metadata for tv.danmaku.bili/com.bilibili.bililive.videoliveplayer.ui.live.search.LiveSearchActivity: Search label must be a resource reference.
06-20 16:42:12.753  4727  4727 D BoundBrokerSvc: onUnbind: Intent { act=com.google.android.gms.auth.key.retrieval.service.START cmp=com.google.android.gms/.chimera.GmsApiService }
06-20 16:42:12.758  1670  1771 W SearchableInfo: Invalid searchable metadata for tv.danmaku.bili/com.bilibili.bililive.room.ui.roomv3.LiveRoomActivityV3: Search label must be a resource reference.
06-20 16:42:12.758 12103 12118 I ent.mm:hotpot.: WaitForGcToComplete blocked RunEmptyCheckpoint on ProfileSaver for 17.585ms
06-20 16:42:12.759  1670  1771 W SearchableInfo: Invalid searchable metadata for tv.danmaku.bili/com.bilibili.bililive.room.ui.roomv3.LiveRoomTranslucentActivity: Search label must be a resource reference.
06-20 16:42:12.760  1670  1670 I Telecom : DefaultDialerCache: Refreshing default dialer for user 0: now com.oneplus.dialer: DDC.oR@AGs
06-20 16:42:12.763  1670  1771 W Searchables: No global search activity found
06-20 16:42:12.767  1670  1771 W VoiceInteractionManager: no available voice interaction services found for user 0
06-20 16:42:12.768  2431  2431 D Launcher.Model: onPackageChanged(com.noahwm.android)
06-20 16:42:12.769  4583  4606 D GamesAppProvider: call : getAppList
06-20 16:42:12.769  4583  4606 D GamesAppProvider: verifyCallingPackage : net.oneplus.launcher
06-20 16:42:12.769  4583  4606 D AppLoader: loadSelectedGameApps
06-20 16:42:12.770  2431  4521 D GameSpaceModel: uid#pkg:10242#com.tencent.tmgp.sgame
06-20 16:42:12.773  2431  4521 D DeviceHelper: isAtLeastOP8DeviceVersion: this= kebab , is at least OP8: true
06-20 16:42:12.775  2431  4521 D DeviceHelper: isAtLeastOP8DeviceVersion: this= kebab , is at least OP8: true
06-20 16:42:12.780  2431  4521 E neplus.launche: Invalid ID 0x00000000.
06-20 16:42:12.780  2431  4521 I chatty  : uid=10165(net.oneplus.launcher) launcher-loader identical 2 lines
06-20 16:42:12.780  2431  4521 E neplus.launche: Invalid ID 0x00000000.
06-20 16:42:12.780  2431  4521 D AssetCache: black_getUsingIconShapePath: 1 getCurrentAssetPackIconShapePath start
06-20 16:42:12.780  2431  4521 D AssetCache: black_getUsingIconShapePath: 2 getCurrentAssetPackIconShapePath end, getSystemIconShapePath start
06-20 16:42:12.780  2431  4521 D AssetCache: black_getUsingIconShapePath: 3 getSystemIconShapePath end
06-20 16:42:12.794  2431  4521 E neplus.launche: Invalid ID 0x00000000.
06-20 16:42:12.795  2431  4521 I chatty  : uid=10165(net.oneplus.launcher) launcher-loader identical 2 lines
06-20 16:42:12.795  2431  4521 E neplus.launche: Invalid ID 0x00000000.
06-20 16:42:12.811  2431  4521 D GridItemProvider: getToolBoxItems: jsonStr= [{"id":0,"intent":{"mAction":"android.intent.action.MAIN","mCategories":["net.oneplus.launcher.DEEP_SHORTCUT"],"mComponent":{"mClass":"com.tencent.mm.*","mPackage":"com.tencent.mm"},"mContentUserHint":-2,"mFlags":270532608,"mPackage":"com.tencent.mm","mSecureDataString":false},"itemType":999,"launchCount":0,"restored":0,"serialNumber":0,"shortcutId":"wechat_transit"},{"id":0,"intent":{"mAction":"android.intent.action.MAIN","mCategories":["net.oneplus.launcher.DEEP_SHORTCUT"],"mComponent":{"mClass":"com.tencent.mm.plugin.scanner.ui.BaseScanUI","mPackage":"com.tencent.mm"},"mContentUserHint":-2,"mFlags":270532608,"mPackage":"com.tencent.mm","mSecureDataString":false},"itemType":999,"launchCount":0,"restored":0,"serialNumber":0,"shortcutId":"wechat_scan"},{"id":0,"intent":{"mAction":"android.intent.action.MAIN","mCategories":["net.oneplus.launcher.DEEP_SHORTCUT"],"mComponent":{"mClass":"com.tencent.mm.plugin.offline.ui.WalletOfflineCoinPurseUI","mPackage":"com.tencent.mm"},"mContentUserHint":-2,"mFlags":270532608,"mPackage":"com.tencent.mm","mSecureDataString":false},"itemType":999,"launchCount":0,"restored":0,"serialNumber":0,"shortcutId":"wechat_pay"}]
06-20 16:42:12.815  2431  4521 D Launcher.Utilities: migrateComponent: packageName = com.tencent.mm, user= UserHandle{0}
06-20 16:42:12.816  2431  4521 D GridItemProvider: getToolBoxItems: bean= GridItemBean: itemType=999, intent=Intent { act=android.intent.action.MAIN cat=[net.oneplus.launcher.DEEP_SHORTCUT] flg=0x10200000 pkg=com.tencent.mm cmp=com.tencent.mm/.* (has extras) }, serialNumber= 0, shortcutId= wechat_transit, restored= 0, id= 0, info= ShelfWorkspaceItemInfo(id=-1 type=999 container=-1 screen=-1 cell(-1,-1) span(1,1) minSpan(1,1) rank=0 user=UserHandle{0} title=乘车码 hidden=false dirty = false newInstallTag=null)
06-20 16:42:12.816  2431  4521 D Launcher.Utilities: migrateComponent: packageName = com.tencent.mm, user= UserHandle{0}
06-20 16:42:12.819  2431  4521 D GridItemProvider: getToolBoxItems: bean= GridItemBean: itemType=999, intent=Intent { act=android.intent.action.MAIN cat=[net.oneplus.launcher.DEEP_SHORTCUT] flg=0x10200000 pkg=com.tencent.mm cmp=com.tencent.mm/.plugin.scanner.ui.BaseScanUI (has extras) }, serialNumber= 0, shortcutId= wechat_scan, restored= 0, id= 0, info= ShelfWorkspaceItemInfo(id=-1 type=999 container=-1 screen=-1 cell(-1,-1) span(1,1) minSpan(1,1) rank=0 user=UserHandle{0} title=微信扫一扫 hidden=false dirty = false newInstallTag=null)
06-20 16:42:12.819  2431  4521 D Launcher.Utilities: migrateComponent: packageName = com.tencent.mm, user= UserHandle{0}
06-20 16:42:12.821  2431  4521 D GridItemProvider: getToolBoxItems: bean= GridItemBean: itemType=999, intent=Intent { act=android.intent.action.MAIN cat=[net.oneplus.launcher.DEEP_SHORTCUT] flg=0x10200000 pkg=com.tencent.mm cmp=com.tencent.mm/.plugin.offline.ui.WalletOfflineCoinPurseUI (has extras) }, serialNumber= 0, shortcutId= wechat_pay, restored= 0, id= 0, info= ShelfWorkspaceItemInfo(id=-1 type=999 container=-1 screen=-1 cell(-1,-1) span(1,1) minSpan(1,1) rank=0 user=UserHandle{0} title=微信付款 hidden=false dirty = false newInstallTag=null)
06-20 16:42:12.821  2431  4521 D PackageUpdatedTask: mAllAppsList.updatePackage user = UserHandle{0}, pkg = com.noahwm.android
06-20 16:42:12.825  2431  4521 E neplus.launche: Invalid ID 0x00000000.
06-20 16:42:12.826  2431  4521 I chatty  : uid=10165(net.oneplus.launcher) launcher-loader identical 2 lines
06-20 16:42:12.826  2431  4521 E neplus.launche: Invalid ID 0x00000000.
06-20 16:42:12.826  2431  4521 D AssetCache: black_getUsingIconShapePath: 1 getCurrentAssetPackIconShapePath start
06-20 16:42:12.826  2431  4521 D AssetCache: black_getUsingIconShapePath: 2 getCurrentAssetPackIconShapePath end, getSystemIconShapePath start
06-20 16:42:12.826  2431  4521 D AssetCache: black_getUsingIconShapePath: 3 getSystemIconShapePath end
06-20 16:42:12.835 12189 12303 D JIGUANG-JCore: [HttpHelper] status code:200 retry left:2
06-20 16:42:12.836 12189 12303 D JIGUANG-JCore: [ReportUtils] http upload success json={
06-20 16:42:12.836 12189 12303 D JIGUANG-JCore:   "content": [
06-20 16:42:12.836 12189 12303 D JIGUANG-JCore:     {
06-20 16:42:12.836 12189 12303 D JIGUANG-JCore:       "data": "0oZ7McYTjkXdh\/V5j1dsUuG5XuVublSGEWefgtNs08yvmBQczGibYXL2cj+CsJfY",
06-20 16:42:12.836 12189 12303 D JIGUANG-JCore:       "itime": 1655714532,
06-20 16:42:12.836 12189 12303 D JIGUANG-JCore:       "type": "sdk_joa",
06-20 16:42:12.836 12189 12303 D JIGUANG-JCore:       "account_id": ""
06-20 16:42:12.836 12189 12303 D JIGUANG-JCore:     }
06-20 16:42:12.836 12189 12303 D JIGUANG-JCore:   ],
06-20 16:42:12.836 12189 12303 D JIGUANG-JCore:   "platform": "a",
06-20 16:42:12.836 12189 12303 D JIGUANG-JCore:   "uid": 62837076471,
06-20 16:42:12.836 12189 12303 D JIGUANG-JCore:   "app_key": "444e3254283007acc36993cc",
06-20 16:42:12.836 12189 12303 D JIGUANG-JCore:   "core_sdk_ver": "3.3.0",
06-20 16:42:12.836 12189 12303 D JIGUANG-JCore:   "sdk_ver": "4.5.0",
06-20 16:42:12.836 12189 12303 D JIGUANG-JCore:   "sdk_ver_local": "4.5.0",
06-20 16:42:12.836 12189 12303 D JIGUANG-JCore:   "channel": "developer-default",
06-20 16:42:12.836 12189 12303 D JIGUANG-JCore:   "app_version": "4.4.0"
06-20 16:42:12.836 12189 12303 D JIGUANG-JCore: }
06-20 16:42:12.836 12189 12303 D JIGUANG-JCore: [ReportUtils] cancelTimer, task id is : 335839e5-ec77-48bb-a79b-31b9471399f1
06-20 16:42:12.836 12189 12303 D JIGUANG-JCore: [ReportUtils] pop queue report
06-20 16:42:12.843  2431  4521 E neplus.launche: Invalid ID 0x00000000.
06-20 16:42:12.843  2431  4521 I chatty  : uid=10165(net.oneplus.launcher) launcher-loader identical 2 lines
06-20 16:42:12.843  2431  4521 E neplus.launche: Invalid ID 0x00000000.
06-20 16:42:12.861  2431  4521 D SkuHelper: showDiscover: false
06-20 16:42:12.861  2431  4521 D PreferencesHelper: getDefaultMinusOneScreen# defaultMinusOneScreen=shelf
06-20 16:42:12.861  2431  4521 D SkuHelper: showDiscover: false
06-20 16:42:12.861  2431  2431 I QuickPage: packageUpdate: com.noahwm.android
06-20 16:42:12.861  2431  4521 D PackageUpdatedTask: addedOrModified count = 1, obj = [AppInfo(id=-1 type=APP container=-1 screen=-1 cell(-1,-1) span(1,1) minSpan(1,1) rank=0 user=UserHandle{0} title=ThrdJCore JPush SDK Demo hidden=false dirty = false newInstallTag=com.noahwm.android#0#1655713459719 componentName=ComponentInfo{com.noahwm.android/cn.jpush.example.MainActivity} searchResult=null suggestionApp=null)]
06-20 16:42:12.861  2431  2431 D Launcher: bindAppsAddedOrUpdated: [AppInfo(id=-1 type=APP container=-1 screen=-1 cell(-1,-1) span(1,1) minSpan(1,1) rank=0 user=UserHandle{0} title=ThrdJCore JPush SDK Demo hidden=false dirty = false newInstallTag=com.noahwm.android#0#1655713459719 componentName=ComponentInfo{com.noahwm.android/cn.jpush.example.MainActivity} searchResult=null suggestionApp=null)]
06-20 16:42:12.861  2431  2431 D AllAppsStore: buildPinYinDictionary# OP: UPDATE diff: 0
06-20 16:42:12.862  2431  2431 D AlphabeticalAppsList: refillAdapterItems# app: 49, recent: 0, suggestion: 0, adapter: 34, hide games: 1, searchResults:  null, filtered: 34. AppsStore# app: 49, recent: 0
06-20 16:42:12.863  2431  2431 D AlphabeticalAppsList: refillAdapterItems# app: 49, recent: 0, suggestion: 0, adapter: 34, hide games: 1, searchResults:  null, filtered: 34. AppsStore# app: 49, recent: 0
06-20 16:42:12.863  2431  2431 D AlphabeticalHiddenAppsList: [refillAdapterItems] hidden app size = 14
06-20 16:42:12.863  2431  2431 D AlphabeticalHiddenAppsList: [updateAdapterItems] hasFilter: false, filtersAppInfos size = 49, mAdapterItems size = 14
06-20 16:42:12.863  2431  2431 D AllAppsStore: notifyUpdate count = 6. (0) net.oneplus.launcher.allapps.-$$Lambda$5tYtGnC2pfJ4XjcysOSp9_vUsUM@4d64bc3. (1) net.oneplus.launcher.allapps.AlphabeticalAppsList@f7ed04. (2) net.oneplus.launcher.allapps.AlphabeticalAppsList@8df52ed. (3) net.oneplus.launcher.allapps.AlphabeticalHiddenAppsList@2a8b522. (4) net.oneplus.launcher.allapps.-$$Lambda$AllAppsContainerView$lOkEWdzg80XCafQCzM8yI6Nmpk0@351abb3. (5) net.oneplus.launcher.allapps.search.AppsSearchContainerLayout{6474914 VFED..CL. ......ID 211,28-869,259 #7f0b03d2 app:id/search_all_apps}. 
06-20 16:42:12.864  2431  2431 D QuickPage: setPackageState: com.noahwm.android, 0, 0
06-20 16:42:12.864  6801  6801 D JIGUANG-JUnionAd: [InAppMessagingManager] timer time-up to process cache message
06-20 16:42:12.864  6801  6801 D JIGUANG-JCore: [JCoreHelper] runActionWithService action:in_app_msg_handle
06-20 16:42:12.864  6801  6801 D JIGUANG-JCore: [JCoreGobal] serviceName is cn.jpush.android.service.JCommonService
06-20 16:42:12.864  6801  6801 D JIGUANG-JCore: [JCoreGobal] curProcessName is com.noahwm.android
06-20 16:42:12.864  6801  6801 D JIGUANG-JCore: [JCoreGobal] curProcessName is com.noahwm.android, remoteProcessName is com.noahwm.android:pushcore
06-20 16:42:12.864  6801 12175 D JIGUANG-JCore: [JCoreRunnable] name:JCoreGlobal,thread:jg_ic_pool_thread1:543, is main thread:false
06-20 16:42:12.864  6801 12175 D JIGUANG-JCore: [JCommonServiceHelper] onAction action:a3 bundle:Bundle[{internal_action=in_app_msg_handle, sdk_type=JPUSH}]
06-20 16:42:12.865  6801 12175 D JIGUANG-JCore: [JMessenger] sendByAidl, cn.jpush.android.service.JCommonService.a3
06-20 16:42:12.865 12189 12216 D JIGUANG-JCore: [JMessenger] directHandle, cn.jpush.android.service.JCommonService.a3
06-20 16:42:12.866 12189 12216 D JIGUANG-JCore: [JMessenger] JCommonService handle succeed,cn.jpush.android.service.JCommonService.a3
06-20 16:42:12.866 12189 12251 D JIGUANG-JCore: [JCoreRunnable] name:JCoreGlobal,thread:jg_mn_pool_thread1:917, is main thread:false
06-20 16:42:12.866 12189 12251 I JIGUANG-JCore: [JCommonServiceHelper] callAction action:a3 bundle:Bundle[mParcelledData.dataSize=128]
06-20 16:42:12.866 12189 12251 D JIGUANG-JCore: [JCoreActionImpl] handleAction action:a3
06-20 16:42:12.866 12189 12251 D JIGUANG-JPush: [ActionHelper] doAction:in_app_msg_handle
06-20 16:42:12.866 12189 12299 D JIGUANG-JPush: [JPushRunnable] name:ActionHelper#Action,thread:jg_mj_pool_thread1:939, is main thread:false
06-20 16:42:12.866 12189 12299 D JIGUANG-JPush: [JPushActionImpl] handleAction:in_app_msg_handle
06-20 16:42:12.866 12189 12336 I JIGUANG-JUnionAd: [JUnionBaseAction] Handle action: in_app_msg_handle, data: Bundle[{internal_action=in_app_msg_handle, sdk_type=JPUSH}]
06-20 16:42:12.867 12189 12336 D JIGUANG-JUnionAd: [InAppMessagingManager] first start create notify to check file cache
06-20 16:42:12.875 12189 12336 D JIGUANG-JUnionAd: [InAppMessagingManager] init in app message, type: 201
06-20 16:42:12.877 12189 12336 I JIGUANG-JUnionAd: [NotifyInAppListUtils] load object size: 0
06-20 16:42:12.878 12189 12336 D JIGUANG-JUnionAd: [InAppMessagingManager] deal cache message, type: 0, priority: 0
06-20 16:42:12.878 12189 12336 D JIGUANG-JUnionAd: [InAppMessagingManager] message is null, no message to deal
06-20 16:42:12.902  1670  1724 W Looper  : Slow delivery took 202ms android.fg h=android.os.Handler c=<recycled PooledLambda@4ee75f5> m=0
06-20 16:42:12.947  9481  9517 I PermissionControllerServiceImpl: Updating user sensitive for uid 10573
06-20 16:42:13.016  1670  1724 W Looper  : Drained
06-20 16:42:13.216 12189 12263 E OpPackageItemInfoInjector: Failed to loadUnsafeLabel : android.content.pm.PackageManager$NameNotFoundException: com.google.android.networkstack
06-20 16:42:13.362 12189 12307 D JIGUANG-JCore: [UserCtrlHelper] sendUserCtrlInfo sdkType:JCore,property:6,verInfo:3.3.0
06-20 16:42:13.363 12189 12307 D JIGUANG-JCore: [JCoreGobal] serviceName is cn.jpush.android.service.JCommonService
06-20 16:42:13.363 12189 12307 D JIGUANG-JCore: [JCoreGobal] curProcessName is com.noahwm.android:pushcore
06-20 16:42:13.363 12189 12307 D JIGUANG-JCore: [JCoreGobal] curProcessName is com.noahwm.android:pushcore, remoteProcessName is com.noahwm.android:pushcore
06-20 16:42:13.364 12189 12307 D JIGUANG-JCore: [UserCtrlHelper] sendUserCtrlInfo sdkType:JPUSH,property:1,verInfo:4.5.0
06-20 16:42:13.364 12189 12251 D JIGUANG-JCore: [JCoreRunnable] name:JCoreGlobal,thread:jg_mn_pool_thread1:917, is main thread:false
06-20 16:42:13.364 12189 12307 D JIGUANG-JCore: [JCoreGobal] serviceName is cn.jpush.android.service.JCommonService
06-20 16:42:13.364 12189 12307 D JIGUANG-JCore: [JCoreGobal] curProcessName is com.noahwm.android:pushcore
06-20 16:42:13.364 12189 12307 D JIGUANG-JCore: [JCoreGobal] curProcessName is com.noahwm.android:pushcore, remoteProcessName is com.noahwm.android:pushcore
06-20 16:42:13.364 12189 12251 I JIGUANG-JCore: [JCommonServiceHelper] callAction action:tcp_a5 bundle:Bundle[{timeout=10000, cmd=26, rid=2, ver=0, body=[6, 1, 0, 5, 51, 46, 51, 46, 48], sdk_type=JCore}]
06-20 16:42:13.364 12189 12251 D JIGUANG-JCore: [JCoreActionImpl] handleAction action:tcp_a5
06-20 16:42:13.365 12189 12251 D JIGUANG-JCore: [JCoreRunnable] name:JCoreGlobal,thread:jg_mn_pool_thread1:917, is main thread:false
06-20 16:42:13.365 12189 12281 D JIGUANG-JCore: [JCoreRunnable] name:TcpManager,thread:jg_nr_pool_thread1:936, is main thread:false
06-20 16:42:13.365 12189 12281 D JIGUANG-JCore: [JCoreTCPManager] send quest,cmd:26,ver:0,rid:2,body size:9
06-20 16:42:13.365 12189 12251 I JIGUANG-JCore: [JCommonServiceHelper] callAction action:tcp_a5 bundle:Bundle[{timeout=10000, cmd=26, rid=3, ver=0, body=[1, 1, 0, 5, 52, 46, 53, 46, 48], sdk_type=JCore}]
06-20 16:42:13.365 12189 12251 D JIGUANG-JCore: [JCoreActionImpl] handleAction action:tcp_a5
06-20 16:42:13.365 12189 12281 D JIGUANG-JCore: [JCoreRunnable] name:null,thread:jg_nr_pool_thread1:936, is main thread:false
06-20 16:42:13.366 12189 12336 D JIGUANG-JCore: [JCoreRunnable] name:TcpManager,thread:jg_nr_pool_thread2:964, is main thread:false
06-20 16:42:13.366 12189 12336 D JIGUANG-JCore: [JCoreTCPManager] send quest,cmd:26,ver:0,rid:3,body size:9
06-20 16:42:13.370 12189 12281 D JIGUANG-JCore: [TcpRequestManager] Generator new rid:535
06-20 16:42:13.370 12189 12336 D JIGUANG-JCore: [JCoreRunnable] name:null,thread:jg_nr_pool_thread2:964, is main thread:false
06-20 16:42:13.371 12189 12281 D JIGUANG-JCore: [NioSocketClient] send data length:40
06-20 16:42:13.372 12189 12281 V JIGUANG-JCore: [NioSocketClient] isWritable has send len:40
06-20 16:42:13.372 12189 12281 D JIGUANG-JCore: [TaskHandlerManager_xxx] sendMsg,action=100535
06-20 16:42:13.372 12189 12336 D JIGUANG-JCore: [TcpRequestManager] Generator new rid:537
06-20 16:42:13.374 12189 12336 D JIGUANG-JCore: [NioSocketClient] send data length:40
06-20 16:42:13.374 12189 12336 V JIGUANG-JCore: [NioSocketClient] isWritable has send len:40
06-20 16:42:13.374 12189 12336 D JIGUANG-JCore: [TaskHandlerManager_xxx] sendMsg,action=100537
06-20 16:42:13.861  6801  6801 D JIGUANG-JCore: [JCoreHelper] runActionWithService action:get_rid
06-20 16:42:13.861  6801  6801 D JIGUANG-JCore: [JCoreGobal] serviceName is cn.jpush.android.service.JCommonService
06-20 16:42:13.861  6801  6801 D JIGUANG-JCore: [JCoreGobal] curProcessName is com.noahwm.android
06-20 16:42:13.862  6801  6801 D JIGUANG-JCore: [JCoreGobal] curProcessName is com.noahwm.android, remoteProcessName is com.noahwm.android:pushcore
06-20 16:42:13.862  6801 12175 D JIGUANG-JCore: [JCoreRunnable] name:JCoreGlobal,thread:jg_ic_pool_thread1:543, is main thread:false
06-20 16:42:13.862  6801 12175 D JIGUANG-JCore: [JCommonServiceHelper] onAction action:a3 bundle:Bundle[{internal_action=get_rid, sdk_type=JPUSH}]
06-20 16:42:13.863  6801 12175 D JIGUANG-JCore: [JMessenger] sendByAidl, cn.jpush.android.service.JCommonService.a3
06-20 16:42:13.863 12189 12216 D JIGUANG-JCore: [JMessenger] directHandle, cn.jpush.android.service.JCommonService.a3
06-20 16:42:13.864 12189 12216 D JIGUANG-JCore: [JMessenger] JCommonService handle succeed,cn.jpush.android.service.JCommonService.a3
06-20 16:42:13.864 12189 12251 D JIGUANG-JCore: [JCoreRunnable] name:JCoreGlobal,thread:jg_mn_pool_thread1:917, is main thread:false
06-20 16:42:13.864 12189 12251 I JIGUANG-JCore: [JCommonServiceHelper] callAction action:a3 bundle:Bundle[mParcelledData.dataSize=108]
06-20 16:42:13.864 12189 12251 D JIGUANG-JCore: [JCoreActionImpl] handleAction action:a3
06-20 16:42:13.864 12189 12251 D JIGUANG-JPush: [ActionHelper] doAction:get_rid
06-20 16:42:13.865 12189 12299 D JIGUANG-JPush: [JPushRunnable] name:ActionHelper#Action,thread:jg_mj_pool_thread1:939, is main thread:false
06-20 16:42:13.865 12189 12299 D JIGUANG-JPush: [JPushActionImpl] handleAction:get_rid
06-20 16:42:13.866  6801  6801 E debug_110: romType: 0, registerId: 13065ffa4ef07a87274
06-20 16:42:13.867 12189 12281 I JIGUANG-JUnionAd: [JUnionBaseAction] Handle action: get_rid, data: Bundle[{internal_action=get_rid, sdk_type=JPUSH}]
06-20 16:42:13.867 12189 12281 D JIGUANG-JUnionAd: [JUnionBaseAction] Unknown action, get_rid
06-20 16:42:13.868  6801 12253 D JIGUANG-JPush: [JPushRunnable] name:JMessageReceiverHelper#MessageReceiverRunable,thread:jg_mj_pool_thread1:563, is main thread:false
06-20 16:42:13.868  6801 12253 D JIGUANG-JPush: [JMessageReceiverHelper] do receiver action :com.noahwm.android.cmd_msg
06-20 16:42:13.869  6801 12213 D JIGUANG-JUnionAd: [JUnionReceiverAction] do receiver action :com.noahwm.android.cmd_msg
06-20 16:42:13.869  6801 12253 D JIGUANG-JPush: [JMessageReceiverHelper] [callCmdMessage] code:0,cmd:2005,message:13065ffa4ef07a87274
06-20 16:42:13.869  6801 12213 V JIGUANG-JUnionAd: [JUnionReceiverAction] handleAction action: com.noahwm.android.cmd_msg, entity: null
06-20 16:42:13.869  6801 12213 D JIGUANG-JUnionAd: [JUnionReceiverAction] unknown action: com.noahwm.android.cmd_msg
06-20 16:42:13.913 12189 12263 D JIGUANG-JCommon: [JAppHelper] fillAppInfo app list size is 337
06-20 16:42:13.913 12189 12263 D JIGUANG-JCommon: [JAppAll] collect success
06-20 16:42:13.913 12189 12263 I JIGUANG-JCommon: [JCommonConfig] update JAppAll lastBusinessTime
06-20 16:42:13.914 12189 12263 D JIGUANG-JCommon: [JAppAll] save appList [com.android.internal.display.cutout.emulation.noCutout&&com.oneplus.calculator&&net.oneplus.weather&&com.android.cts.priv.ctsshim&&com.awesomeproject&&com.oneplus.gamespace&&com.qualcomm.qti.qcolor&&com.android.internal.display.cutout.emulation.corner&&com.eeepay.eeepay_v2_ltb&&com.google.android.ext.services&&com.android.internal.display.cutout.emulation.double&&com.android.providers.telephony&&com.oneplus.commonoverlay.com.google.android.networkstack&&com.android.dynsystem&&com.android.providers.calendar&&com.oneplus.card&&com.oneplus.note&&com.android.providers.media&&com.tencent.tmgp.sgame&&com.qti.service.colorservice&&com.android.theme.icon.square&&com.google.android.onetimeinitializer&&com.google.android.ext.shared&&com.heytap.cloud&&com.android.internal.systemui.navbar.gestural_wide_back&&com.android.wallpapercropper&&com.oneplus.account&&com.oneplus.geoiptime&&com.oneplus.soundrecorder&&com.android.theme.color.cinnamon&&com.finshell.wallet&&com.shineyie.aijianji&&com.android.theme.icon_pack.rounded.systemui&&air.tv.douyu.android&&com.redteamobile.virtual.softsim&&com.qualcomm.qti.gpudrivers.kona.api30&&cn.oneplus.photos&&com.minhui.networkcapture&&com.oneplus.wallpaper&&com.android.externalstorage&&com.qualcomm.uimremoteclient&&com.android.htmlviewer&&net.oneplus.wallpaperresources&&com.android.companiondevicemanager&&com.android.mms.service&&com.android.providers.downloads&&com.qualcomm.qtil.aptxalsOverlay&&com.android.networkstack.inprocess&&com.oneplus.screenshot&&com.android.theme.icon_pack.rounded.android&&vendor.qti.hardware.cacert.server&&com.oneplus.brickmode&&com.oneplus.deskclock&&com.mihoyo.hyperion&&com.qualcomm.qti.telephonyservice&&com.oneplus.permissionutil&&com.qualcomm.qti.performancemode&&com.lapian.appkit&&org.hapjs.debugger&&com.oneplus.sdcardservice&&com.oneplus.security&&com.oneplus.instant.local.service&&com.android.theme.icon_pack.circular.themepicker&&com.oneplus.commonoverlay.com.android.wifi.resources&&com.heytap.market&&vendor.qti.iwlan&&com.google.android.configupdater&&com.google.android.providers.media.module&&com.autonavi.manu.widget&&cn.oneplus.nvbackup&&com.oem.rftoolkit&&com.qualcomm.uimremoteserver&&com.heytap.openid&&com.oneplus.factorymode.specialtest&&com.qti.confuridialer&&android.qvaoverlay.common&&com.google.ar.core&&com.android.providers.downloads.ui&&com.oneplus.wifiapsettings&&com.android.vending&&com.android.pacprocessor&&com.android.simappdialog&&com.dolby.daxservice&&android.overlay.common&&net.oneplus.odm&&com.tencent.mm&&com.android.internal.display.cutout.emulation.hole&&com.android.internal.display.cutout.emulation.tall&&com.oneplus.aodnotification.overlay.purple&&com.android.certinstaller&&com.android.theme.color.black&&com.android.carrierconfig&&com.google.android.marvin.talkback&&com.android.theme.color.green&&com.android.theme.color.ocean&&com.android.theme.color.space&&com.oneplus.communication.data&&com.oneplus.communication.sync&&com.wapi.wapicertmanage&&com.android.internal.systemui.navbar.threebutton&&com.oneplus.coreservice&&com.oneplus.accessory&&com.qti.qualcomm.datastatusnotification&&com.oneplus.applocker&&android&&com.qualcomm.qti.callfeaturessetting&&com.oneplus.productoverlay.android&&com.qualcomm.wfd.service&&com.qualcomm.qtil.aptxals&&com.oneplus.gallery&&com.oneplus.sms.smscplugger&&com.android.theme.icon_pack.rounded.launcher&&com.qti.qualcomm.deviceinfo&&com.rongcard.eid&&com.oneplus.telephonyoptimization&&com.oneplus.factorymode&&com.android.egg&&com.android.mtp&&com.android.nfc&&com.android.ons&&com.android.stk&&com.android.backupconfirm&&org.codeaurora.ims&&com.oneplus.camera.service&&com.android.statementservice&&com.letv.android.client&&com.oneplus.commonoverlay.com.oneplus&&com.oneplus.commonoverlay.com.android.systemui&&android.overlay.target&&com.google.android.overlay.gmsconfig.common&&com.android.settings.intelligence&&net.oneplus.odm.provider&&com.oneplus.simcontacts&&com.android.internal.systemui.navbar.gestural_extra_wide_back&&com.qualcomm.qti.dynamicddsser
06-20 16:42:13.915 12189 12263 I JIGUANG-JCommon: [JCommonConfig] is JAppAll reportTime:true,curTime:1655714533915,lastReportTime:0,reportInterval:604800000
06-20 16:42:13.915 12189 12263 D JIGUANG-JCommon: [JCommon] JAppAll isReportEnable:true
06-20 16:42:13.916 12189 12263 D JIGUANG-JCommon: [JDataConfigManager] config 1100 enable:true
06-20 16:42:13.916 12189 12263 I JIGUANG-JCommon: [JCommonConfig] configId : 1100, isBackgroundBusiness : false
06-20 16:42:13.916 12189 12263 D JIGUANG-JCommon: [JDataConfigManager] configId is 1100, isNotCollect is false
06-20 16:42:13.930 12189 12263 I JIGUANG-JCommon: [JCommonConfig] update JAppAll lastReportTime
06-20 16:42:13.930 12189 12303 D JIGUANG-JCore: [JCoreRunnable] name:ReportUtils#report,thread:jg_rp_pool_thread1:943, is main thread:false
06-20 16:42:13.930 12189 12263 I JIGUANG-JCommon: [JCommonConfig] update JAppAll lastReportTime
06-20 16:42:13.930 12189 12303 D JIGUANG-JCore: [ReportUtils] push queue report
06-20 16:42:13.930 12189 12281 D JIGUANG-JCore: [JCoreRunnable] name:ReportHistory#submitReportAll,thread:jg_nr_pool_thread1:936, is main thread:false
06-20 16:42:13.930 12189 12263 D JIGUANG-JCommon: [JDataConfigManager] mark first collect delay :JAppSdk:1103
06-20 16:42:13.930 12189 12263 I JIGUANG-JCommon: [JCommonConfig] is JAppSdk businessTime:true,curTime:1655714533930,lastBusinessTime:0,businessInterval:604800000
06-20 16:42:13.930 12189 12263 D JIGUANG-JCommon: [JCommon] JAppSdk isBusinessEnable:true
06-20 16:42:13.931 12189 12263 I JIGUANG-JCommon: [JCommonConfig] is JAppSdk reportTime:true,curTime:1655714533930,lastReportTime:0,reportInterval:604800000
06-20 16:42:13.931 12189 12263 D JIGUANG-JCommon: [JCommon] JAppSdk isReportEnable:true
06-20 16:42:13.931 12189 12281 D JIGUANG-JCore: [ReportHistory] upload space=jpush_stat_history_pushcore/444e3254283007acc36993cc/normal
06-20 16:42:13.931 12189 12303 D JIGUANG-JCore: [ReportUtils] start timer lastTime is : 1213494, task id is : f4ff1c82-cc52-4a23-9090-b582dd8e5285
06-20 16:42:13.931 12189 12263 D JIGUANG-JCommon: [JDataConfigManager] config 1103 enable:true
06-20 16:42:13.931 12189 12263 I JIGUANG-JCommon: [JCommonConfig] configId : 1103, isBackgroundBusiness : false
06-20 16:42:13.931 12189 12263 D JIGUANG-JCommon: [JDataConfigManager] configId is 1103, isNotCollect is false
06-20 16:42:13.931 12189 12263 D JIGUANG-JCommon: [JAppSdk] doBusiness
06-20 16:42:13.932 12189 12263 D debug_116: getMethodInterval config=cn.jiguang.common.configs.JDataConfig@26a21e
06-20 16:42:13.932 12189 12263 D debug_116: getMethodInterval freq=-1 methodFreq=-1
06-20 16:42:13.932 12189 12263 D JIGUANG-JCommon: [debug_116] configId is 1100, method freq is -1
06-20 16:42:13.932 12189 12263 D JIGUANG-JCore: [ReportHistory] isRunning, no need report
06-20 16:42:13.932 12189 12263 I JIGUANG-JCommon: [JCommonConfig] update JAppSdk lastReportTime
06-20 16:42:13.932 12189 12263 D JIGUANG-JCommon: [JDataConfigManager] mark first collect delay :JAppMovement:1101
06-20 16:42:13.932 12189 12263 I JIGUANG-JCommon: [JCommonConfig] is JAppMovement businessTime:true,curTime:1655714533932,lastBusinessTime:0,businessInterval:3600000
06-20 16:42:13.932 12189 12263 D JIGUANG-JCommon: [JCommon] JAppMovement isBusinessEnable:true
06-20 16:42:13.933 12189 12263 D JIGUANG-JCommon: [JDataConfigManager] config 1101 enable:true
06-20 16:42:13.933 12189 12263 I JIGUANG-JCommon: [JCommonConfig] configId : 1101, isBackgroundBusiness : false
06-20 16:42:13.933 12189 12263 D JIGUANG-JCommon: [JDataConfigManager] configId is 1101, isNotCollect is false
06-20 16:42:13.933 12189 12263 I JIGUANG-JCommon: [JCommonConfig] update JAppMovement lastBusinessTime
06-20 16:42:13.933 12189 12263 D debug_116: getMethodInterval config=cn.jiguang.common.configs.JDataConfig@26a21e
06-20 16:42:13.933 12189 12263 D debug_116: getMethodInterval freq=-1 methodFreq=-1
06-20 16:42:13.933 12189 12263 D JIGUANG-JCommon: [debug_116] configId is 1100, method freq is -1
06-20 16:42:13.933 12189 12263 D JIGUANG-JCommon: [JAppMovement] collect installedAppList success
06-20 16:42:13.933 12189 12281 D JIGUANG-JCore: [ReportHistory] upload space=jpush_stat_history_pushcore/444e3254283007acc36993cc/android_notification_state
06-20 16:42:13.934 12189 12281 D JIGUANG-JCore: [ReportHistory] upload space=jpush_stat_history_pushcore/444e3254283007acc36993cc/active_user
06-20 16:42:13.935 12189 12263 D JIGUANG-JCommon: [JAppMovement] get installedAppList cache:[com.oneplus.telephonyoptimization, com.qualcomm.qti.devicestatisticsservice, com.android.storagemanager, com.android.printspooler, com.oneplus.instant.local.service, com.qti.service.colorservice, com.google.ar.core, com.tencent.mobileqq, com.qualcomm.qti.poweroffalarm, com.oneplus.coreservice, com.heytap.cloud, com.android.pacprocessor, com.oneplus.mms.ext, com.heytap.market, com.oneplus.appupgrader, com.wapi.wapicertmanage, com.oneplus.commonoverlay.com.google.android.networkstack, com.android.permissioncontroller, com.qualcomm.qtil.aptxalsOverlay, com.android.wallpaper.livepicker, com.oneplus.communication.sync, com.android.internal.systemui.navbar.gestural_narrow_back, com.android.providers.telephony, com.android.internal.display.cutout.emulation.waterfall, com.qualcomm.qti.networksetting, com.minhui.networkcapture, com.oneplus.orm, cn.oneplus.photos, com.oneplus.gpudrivers.kona.api30, net.oneplus.commonlogtool, com.oneplus.contacts, com.google.android.ext.shared, com.oneplus.permissionutil, com.oneplus.accessory, com.oneplus.diagnosemanager, com.android.cts.ctsshim, cmccwm.mobilemusic, com.android.mtp, com.lapian.appkit, com.android.nfc, com.amap.android.location, com.android.inputmethod.latin, com.android.wifi.resources.overlay.target, com.oneplus.odmoverlay.android, com.android.emergency, com.oneplus.commonoverlay.com.google.android.networkstack.cn, com.oneplus.backuprestore.remoteservice, com.android.carrierdefaultapp, com.oneplus.account, com.google.mainline.telemetry, net.oneplus.provider.appcategoryprovider, net.oneplus.weather, com.qualcomm.qti.dynamicddsservice, com.android.internal.systemui.navbar.gestural_extra_wide_back, com.android.location.fused, com.android.localtransport, com.android.theme.icon.squircle, com.iflytek.inputmethod.oneplus, com.oneplus.vendoroverlay.com.oneplus.wifiapsettings, org.codeaurora.ims, com.android.companiondevicemanager, com.oneplus.productoverlay.com.oneplus, com.oneplus.aodnotification.overlay.purple, com.android.dreams.basic, org.hapjs.debugger, net.oneplus.odm.provider, com.android.theme.icon_pack.rounded.themepicker, com.qualcomm.qcrilmsgtunnel, com.google.android.overlay.modules.documentsui, com.android.internal.systemui.navbar.gestural_wide_back, com.oneplus.odmoverlay.com.oneplus, com.oneplus.card, com.google.android.overlay.gmsconfig.gsa, com.android.theme.icon.circle, com.finshell.wallet, com.android.theme.icon_pack.rounded.launcher, com.eeepay.eeepay_v2_ltb, com.android.shell, com.qualcomm.embms, com.android.providers.userdictionary, com.oneplus.vendoroverlay.com.android.systemui, com.qualcomm.qti.ims, com.android.theme.icon_pack.rounded.systemui, com.ss.android.ugc.aweme, com.android.settings.intelligence, air.tv.douyu.android, com.oneplus.soundrecorder, com.heytap.openid, com.android.theme.icon_pack.filled.android, com.android.theme.icon_pack.filled.launcher, com.android.bluetoothmidiservice, com.tencent.mm, com.qualcomm.wfd.service, com.android.internal.display.cutout.emulation.double, com.android.carrierconfig, com.qualcomm.qti.workloadclassifier, com.oneplus.commonoverlay.com.android.systemui, com.google.android.webview, com.android.theme.icon_pack.circular.systemui, com.oneplus.opbackup, com.qualcomm.qti.services.systemhelper, com.google.android.printservice.recommendation, com.android.captiveportallogin, com.acceleration.manager.clean, com.oneplus.gamespace, com.oneplus.camera, com.oneplus.wifiapsettings, com.oneplus.brickmode, com.android.externalstorage, org.ifaa.aidl.manager, com.qualcomm.qti.callfeaturessetting, com.android.wifi.resources.overlay.common, com.heytap.speechassist, com.android.cellbroadcastreceiver.overlay.common, com.oneplus.aodnotification.overlay.gold, com.oneplus.calendar, com.android.keychain, com.oneplus.iconpack.onepluso2, com.android.managedprovisioning, com.android.soundpicker, com.tencent.tmgp.sgame, com.android.settings.overlay.common, com.oneplus, com.numberrecognition, cn.kuwo.player, vendor.qti.iwlan, com.oneplus.commonoverlay.android, androi
06-20 16:42:13.936 12189 12336 D JIGUANG-JCore: [JCoreRunnable] name:ReportHistory#submitReportAll,thread:jg_nr_pool_thread2:964, is main thread:false
06-20 16:42:13.936 12189 12263 D JIGUANG-JCommon: [JAppMovement] installedAppList has no change
06-20 16:42:13.936 12189 12263 D JIGUANG-JCommon: [JCommon] JAppMovement isReportEnable:false
06-20 16:42:13.936 12189 12263 D JIGUANG-JCommon: [JDataConfigManager] mark first collect delay :JAppRunning:1102
06-20 16:42:13.936 12189 12263 I JIGUANG-JCommon: [JCommonConfig] is JAppRunning businessTime:true,curTime:1655714533936,lastBusinessTime:0,businessInterval:3600000
06-20 16:42:13.936 12189 12263 D JIGUANG-JCommon: [JCommon] JAppRunning isBusinessEnable:true
06-20 16:42:13.936 12189 12336 D JIGUANG-JCore: [ReportHistory] upload space=jpush_stat_history_pushcore/444e3254283007acc36993cc/normal
06-20 16:42:13.937 12189 12263 D JIGUANG-JCommon: [JDataConfigManager] config 1102 enable:true
06-20 16:42:13.937 12189 12263 I JIGUANG-JCommon: [JCommonConfig] configId : 1102, isBackgroundBusiness : false
06-20 16:42:13.937 12189 12263 D JIGUANG-JCommon: [JDataConfigManager] configId is 1102, isNotCollect is false
06-20 16:42:13.938 12189 12336 D JIGUANG-JCore: [ReportHistory] upload space=jpush_stat_history_pushcore/444e3254283007acc36993cc/android_notification_state
06-20 16:42:13.939 12189 12336 D JIGUANG-JCore: [ReportHistory] upload space=jpush_stat_history_pushcore/444e3254283007acc36993cc/active_user
06-20 16:42:13.941 12189 12303 D JIGUANG-JCore: [ReportUtils] will upload length=15424
06-20 16:42:13.941 12189 12303 D JIGUANG-JCore: [AddressGroupManager] lastUpdateTime=2022-06-20 16:42:11 now=2022-06-20 16:42:13 expire=86400
06-20 16:42:13.941 12189 12303 D JIGUANG-JCore: [ReportUtils] types=[app_list] find urls=[https://gd-stats.jpush.cn, https://stats.jpush.cn, https://183.232.25.151:443]
06-20 16:42:13.941 12189 12303 D JIGUANG-JCore: [ReportUtils] upload type=[app_list] to url:https://gd-stats.jpush.cn/v3/report
06-20 16:42:13.943 12189 12303 V JIGUANG-JCore: [HttpUtils] host:gd-stats.jpush.cn,port:-1
06-20 16:42:13.961  1670  1759 V ProcessCpuTracker: NP(pids.length): 1280
06-20 16:42:13.963  1670  1759 V ProcessCpuTracker: curStatsIndex: 100
06-20 16:42:13.965  1670  1759 V ProcessCpuTracker: curStatsIndex: 200
06-20 16:42:13.967  1670  1759 V ProcessCpuTracker: curStatsIndex: 300
06-20 16:42:13.969  1670  1759 V ProcessCpuTracker: curStatsIndex: 400
06-20 16:42:13.972  1670  1759 V ProcessCpuTracker: curStatsIndex: 500
06-20 16:42:13.976  1670  1759 V ProcessCpuTracker: curStatsIndex: 600
06-20 16:42:13.980  1670  1759 V ProcessCpuTracker: curStatsIndex: 700
06-20 16:42:13.983 12189 12263 D JIGUANG-JCommon: [JAppRunning] collect runningAppList success
06-20 16:42:13.983 12189 12263 D JIGUANG-JCommon: [JAppRunning] collect runningProcessList success
06-20 16:42:13.983 12189 12263 I JIGUANG-JCommon: [JCommonConfig] update JAppRunning lastBusinessTime
06-20 16:42:13.983 12189 12263 I JIGUANG-JCommon: [JCommonConfig] is JAppRunning reportTime:true,curTime:1655714533983,lastReportTime:0,reportInterval:3600000
06-20 16:42:13.983 12189 12263 D JIGUANG-JCommon: [JCommon] JAppRunning isReportEnable:true
06-20 16:42:13.984 12189 12263 D JIGUANG-JCommon: [JDataConfigManager] config 1102 enable:true
06-20 16:42:13.984 12189 12263 I JIGUANG-JCommon: [JCommonConfig] configId : 1102, isBackgroundBusiness : false
06-20 16:42:13.984 12189 12263 D JIGUANG-JCommon: [JDataConfigManager] configId is 1102, isNotCollect is false
06-20 16:42:13.984 12189 12263 I JIGUANG-JCommon: [JCommonConfig] update JAppRunning lastReportTime
06-20 16:42:13.984  1670  1759 V ProcessCpuTracker: curStatsIndex: 800
06-20 16:42:13.984 12189 12263 D JIGUANG-JCommon: [JDataConfigManager] mark first collect delay :JAppActive:1104
06-20 16:42:13.984 12189 12281 D JIGUANG-JCore: [JCoreRunnable] name:ReportHistory#submitReportAll,thread:jg_nr_pool_thread1:936, is main thread:false
06-20 16:42:13.984 12189 12263 I JIGUANG-JCommon: [JCommonConfig] is JAppActive businessTime:true,curTime:1655714533984,lastBusinessTime:0,businessInterval:300000
06-20 16:42:13.984 12189 12263 D JIGUANG-JCommon: [JCommon] JAppActive isBusinessEnable:true
06-20 16:42:13.985 12189 12281 D JIGUANG-JCore: [ReportHistory] upload space=jpush_stat_history_pushcore/444e3254283007acc36993cc/normal
06-20 16:42:13.985 12189 12263 D JIGUANG-JCommon: [JDataConfigManager] config 1104 enable:true
06-20 16:42:13.985 12189 12263 I JIGUANG-JCommon: [JCommonConfig] configId : 1104, isBackgroundBusiness : false
06-20 16:42:13.985 12189 12263 D JIGUANG-JCommon: [JDataConfigManager] configId is 1104, isNotCollect is false
06-20 16:42:13.986 12189 12263 D JIGUANG-JCommon: [JAppActiveHelper] start app active collect business
06-20 16:42:13.986 12189 12263 I JIGUANG-JCommon: [JCommonConfig] update JAppActive lastBusinessTime
06-20 16:42:13.986 12189 12263 D JIGUANG-JCommon: [JCommon] JAppActive isReportEnable:true
06-20 16:42:13.986 12189 12281 D JIGUANG-JCore: [ReportHistory] upload space=jpush_stat_history_pushcore/444e3254283007acc36993cc/android_notification_state
06-20 16:42:13.986 12189 12245 D JIGUANG-JCommon: [JAppActiveHelper] read app active from cache file, file size: 0
06-20 16:42:13.986 12189 12263 D JIGUANG-JCommon: [JDataConfigManager] config 1104 enable:true
06-20 16:42:13.986 12189 12263 I JIGUANG-JCommon: [JCommonConfig] configId : 1104, isBackgroundBusiness : false
