--------- beginning of perf
06-20 16:22:14.898  2947  2947 I 100     : Open /data/app/~~46ZzKVmRW8TRC__7hVlhFw==/net.oneplus.launcher-N7iTS2fSdue6o-UzGVLPRg==/base.apk took:64ms
06-20 16:22:18.235  4265  4265 I 100     : Open /system/app/By_3rd_OposAdsChina/By_3rd_OposAdsChina.apk took:54ms
06-20 16:22:18.920  4045  4045 I 309     : package:com.android.nfc took:1061 calssname:android.app.ActivityThread$H callback:null what:110
06-20 16:22:19.396  4344  4344 I 309     : package:com.google.android.gms took:1113 calssname:android.app.ActivityThread$H callback:null what:110
06-20 16:22:19.817  4801  4801 I 100     : Open /product/app/talkback/talkback.apk took:73ms
06-20 16:22:18.207  5255  5255 I 100     : Open /system_ext/priv-app/OPMms/OPMms.apk took:76ms
06-20 16:22:18.725  5564  5564 I 100     : Open /system/app/OPYellowpage/OPYellowpage.apk took:57ms
06-20 16:22:19.393  5835  5835 I 100     : Open /data/app/~~rDrFxd5gtiZhhyWf0rrqrQ==/com.tencent.mm-rNgeaX9pWTgXXnQtHyE9TA==/base.apk took:141ms
06-20 16:22:20.325  6242  6242 I 100     : Open /data/app/~~qu8rtNs1-c1dIgs0Avj6Mg==/com.oneplus.account-uCWLNvo-FXOw_1XlyfavMg==/base.apk took:58ms
06-20 16:22:24.865  7028  7028 I 100     : Open /data/app/~~s3tsHj_7YODXrC-LSYuA4Q==/com.android.vending-cNUYNHbqngbVsFs0miskgA==/base.apk took:93ms
06-20 16:22:25.033  7048  7048 I 100     : Open /system/priv-app/By_3rd_NearmeBrowserChina/By_3rd_NearmeBrowserChina.apk took:173ms
06-20 16:22:25.311  7135  7135 I 100     : Open /data/app/~~s3tsHj_7YODXrC-LSYuA4Q==/com.android.vending-cNUYNHbqngbVsFs0miskgA==/base.apk took:60ms
06-20 16:22:25.509  7160  7160 I 100     : Open /data/app/~~HRzYYcva7nPILV60QjQ5rQ==/com.heytap.market-fw1xeQrhT6fmeviENNKWzg==/base.apk took:163ms
06-20 16:22:25.664  7048  7205 I 100     : Open /system/priv-app/By_3rd_NearmeBrowserChina/By_3rd_NearmeBrowserChina.apk took:123ms
06-20 16:22:25.849  7048  7205 I 100     : Open /data/data/com.heytap.browser/plugins/pluginwebdiff_ad/1655376982054.apk took:89ms
06-20 16:22:25.962  7373  7373 I 100     : Open /data/app/~~2-lAOB9EXwZoHt9wfdWOtA==/com.heytap.speechassist-tVqQbLprTTXzyXfGlddoFA==/base.apk took:80ms
06-20 16:22:25.972  7048  7205 I 100     : Open /data/data/com.heytap.browser/plugins/pluginwebdiff_bookstore/1655376982016.apk took:107ms
06-20 16:22:26.072  7048  7205 I 100     : Open /data/data/com.heytap.browser/plugins/pluginwebdiff_bookdetail/1655376981844.apk took:95ms
06-20 16:22:26.628  7464  7464 I 100     : Open /data/app/~~-CDIJJyIO-ETwcMZfRL1kA==/com.nearme.instant.platform-VAyKOSwZTG-fs6qNqe7JeA==/base.apk took:203ms
06-20 16:22:27.225  7654  7654 I 100     : Open /system/priv-app/OPAod/OPAod.apk took:58ms
06-20 16:22:38.953  8400  8400 I 309     : package:com.qti.ltebc took:1307 calssname:android.app.ActivityThread$H callback:null what:110
06-20 16:22:42.422  8755  8755 I 309     : package:com.qti.ltebc took:1782 calssname:android.app.ActivityThread$H callback:null what:110
06-20 16:24:07.020  1670  1856 I 300     : 181
06-20 16:24:19.818  1670  1846 I 322     : com.noahwm.android#91#487
06-20 16:25:15.479  1670  1846 I 322     : com.noahwm.android#92#563
06-20 16:27:46.215  1670  1846 I 322     : com.noahwm.android#76#508
06-20 16:28:55.180  1670  1846 I 322     : com.noahwm.android#73#471
06-20 16:37:54.468  1670  1846 I 322     : com.noahwm.android#88#584
06-20 16:41:39.830  1670  1846 I 322     : com.android.packageinstaller#-1#115
06-20 16:41:43.744  1670  1846 I 322     : com.android.packageinstaller#-1#70
--------- beginning of main
06-20 16:41:45.550  2431  7575 D Stats   : save stats in background ...
06-20 16:41:45.775 11756 11980 I Matrix.ThreadWatcher: [DumpThreadJiffiesTask] RUN!
06-20 16:41:46.069 11608 11635 I m.heytap.marke: Waiting for a blocking GC ProfileSaver
06-20 16:41:46.179 11608 11635 I m.heytap.marke: WaitForGcToComplete blocked ProfileSaver on AddRemoveAppImageSpace for 109.759ms
06-20 16:41:46.189 11608 11625 I m.heytap.marke: WaitForGcToComplete blocked RunEmptyCheckpoint on ProfileSaver for 10.235ms
06-20 16:41:46.212 11608 12015 E sqlite3_android: ONEPLUS_NAME_PARTS_MATCH SQLITE_OK
06-20 16:41:46.553  2593  2593 D NavigationHandle: triggerChangeColorAnimation
06-20 16:41:46.553  2593  2593 D NavigationHandle: current color is match top app. no need to change color
06-20 16:41:46.555 11756 11794 I nstant.platfor: Waiting for a blocking GC ProfileSaver
06-20 16:41:46.577 11756 11794 I nstant.platfor: WaitForGcToComplete blocked ProfileSaver on RunEmptyCheckpoint for 21.745ms
06-20 16:41:46.989 11608 11645 V BrandPBuild:  getOSVERSION Hydrogen OS 11.0.12.12.KB05
06-20 16:41:46.989 11608 11645 V BrandPBuild:  VERSIONS[ 14]11.0
06-20 16:41:47.395  2593  2593 E ndroid.systemu: Invalid ID 0x00000000.
06-20 16:41:47.395  2593  2593 E ndroid.systemu: Invalid ID 0x00000000.
06-20 16:41:47.399  2593  2593 E NavigationButtonUtils: res.getInteger(resId) = 2
06-20 16:41:47.401  2593  2593 I chatty  : uid=10172(com.android.systemui) identical 1 line
06-20 16:41:47.401  2593  2593 E NavigationButtonUtils: res.getInteger(resId) = 2
06-20 16:41:47.720  1011  1419 D Grayscale: isGray took 23 ms
06-20 16:41:47.720  1011  1419 I DispPerfService: setHwcRefreshRate to rate=60, mode=1
06-20 16:41:47.730   974  9911 I IRIS_LOG_SERV: SetActiveConfig: 60 2400x1080 => -1
06-20 16:41:47.732   980  1863 I SDM     : HWDeviceDRM::UpdateMixerAttributes: Mixer WxH 1080x2400-1 for Peripheral
06-20 16:41:47.732   980  1863 I SDM     : StrategyImpl::SetIdleTimeoutMs: Idle timeout set to zero for command mode panels
06-20 16:41:47.732   980  1863 W SDM     : HWCDisplay::SubmitDisplayConfig: HWC SubmitDisplayConfig [ 1, 0 ]
06-20 16:41:47.733   980  1863 I SDM     : StrategyImpl::SetIdleTimeoutMs: Idle timeout set to zero for command mode panels
06-20 16:41:47.733   980  1863 I SDM     : DisplayBase::SetFrameBufferConfig: New framebuffer resolution (1080x2400)
06-20 16:41:47.733   980  1863 I SDM     : HWCDisplay::SetFrameBufferConfig: New framebuffer resolution (1080x2400)
06-20 16:41:47.733   980  1863 I SDM     : HWCDisplay::SubmitDisplayConfig: Active configuration changed to: 0
--------- beginning of system
06-20 16:41:47.773  1670  1727 I DisplayManagerService: Display device changed: DisplayDeviceInfo{"内置屏幕": uniqueId="local:19260932529451905", 1080 x 2400, modeId 1, defaultModeId 1, supportedModes [{id=1, width=1080, height=2400, fps=60.0}, {id=2, width=1080, height=2400, fps=120.0}], colorMode 0, supportedColorModes [0, 7, 9], HdrCapabilities HdrCapabilities{mSupportedHdrTypes=[2, 3, 4], mMaxLuminance=540.0, mMaxAverageLuminance=270.1, mMinLuminance=0.2}, allmSupported false, gameContentTypeSupported false, density 450, 391.885 x 403.708 dpi, appVsyncOff 1000000, presDeadline 16666666, cutout DisplayCutout{insets=Rect(0, 103 - 0, 0) waterfall=Insets{left=0, top=0, right=0, bottom=0} boundingRect={Bounds=[Rect(0, 0 - 0, 0), Rect(0, 0 - 133, 103), Rect(0, 0 - 0, 0), Rect(0, 0 - 0, 0)]}}, touch INTERNAL, rotation 0, type INTERNAL, address {port=129, model=0x446db75175f3}, deviceProductInfo DeviceProductInfo{name=, manufacturerPnpId=QCM, productId=1, modelYear=null, manufactureDate=ManufactureDate{week=27, year=2006}, relativeAddress=null}, state ON, FLAG_DEFAULT_DISPLAY, FLAG_ROTATES_WITH_CONTENT, FLAG_SECURE, FLAG_SUPPORTS_PROTECTED_BUFFERS}
06-20 16:41:47.782  2431  2431 D TouchInteractionService: onDisplayChanged displayId = 0, mDefaultDisplayId = 0
06-20 16:41:47.782  2569  3473 I BtGatt.ScanManager: msg.what = 8
06-20 16:41:47.784  2569  3473 I BtGatt.ScanManager: msg.what = 5
06-20 16:41:47.785  3135  3161 D IHansComunication: HANS handleMessage: Got message from kernel
06-20 16:41:47.785  3135  3161 E IHansComunication: HANS printMessageBody: RCVed message body: type = 0, port = 86870, caller_pid = 1670, target_uid = 10199, pkg_cmd = -1
06-20 16:41:47.785  3135  3161 D IHansComunication: sendMsgToFW--type: 0, callerPid: 1670, targetUid: 10199
06-20 16:41:47.788  2593  3281 I ScreenDecorations: onDisplayChanged, displayId:0, now Rotation:0, newRotation:0
06-20 16:41:47.789  2431  2431 D TouchInteractionService: initTouchBounds realSize = (1080, 2400), rotation = 0, sizeFromWM = (1080,2400), rotationFromWM = 0, sizeFromDisplay = (1080,2400), rotationFromDisplay = 0, sizeFromService = (1080,2400), rotationFromService = 0, sizeFromLauncherCache = (1080,2400), rotationFromLauncherCache = 0, sizeFromActivity = (1080,2400), rotationFromActivity = 0
06-20 16:41:47.789  3135  3161 D IHansComunication: HANS handleMessage: Got message from kernel
06-20 16:41:47.789  3135  3161 E IHansComunication: HANS printMessageBody: RCVed message body: type = 0, port = 86870, caller_pid = 1670, target_uid = 10219, pkg_cmd = -1
06-20 16:41:47.789  3135  3161 D IHansComunication: sendMsgToFW--type: 0, callerPid: 1670, targetUid: 10219
06-20 16:41:47.789  2431  2431 D TouchInteractionService: initTouchBounds# swipeTouchRegion: RectF(0.0, 2338.0, 1080.0, 2400.0)
06-20 16:41:47.789  2431  2431 D TouchInteractionService: initTouchBounds# assistantLeftRegion: RectF(0.0, 2338.0, 135.0, 2400.0)
06-20 16:41:47.789  2431  2431 D TouchInteractionService: initTouchBounds# assistantRightRegion: RectF(945.0, 2338.0, 1080.0, 2400.0)
06-20 16:41:48.307  1670 11123 W NotificationService: Toast already killed. pkg=com.android.packageinstaller token=android.os.BinderProxy@d8f0f63
06-20 16:41:49.362  1216  1216 W adbd    : timeout expired while flushing socket, closing
06-20 16:41:50.443  1670  3368 I FastCharge: read mChargeType = 0
06-20 16:41:50.447  1670  3368 I FastCharge: set protect_charging = false
06-20 16:41:50.451  1670  1771 W AlarmManager: Unrecognized alarm listener com.android.server.OpPowerControllerService$tsu@3c361e3
06-20 16:41:50.453  3166  3166 D QtiCarrierConfigHelper: WARNING, no carrier configs on phone Id: 0
06-20 16:41:50.455  2593  2593 D BatteryController: estimate_time_to_full:0 isSwarp:false
06-20 16:41:50.455  2593  2593 D OpSWarpChargingView: level is same as latest one [100]
06-20 16:41:50.459  2593  2593 D KeyguardUpdateMonitor: received broadcast android.intent.action.BATTERY_CHANGED
06-20 16:41:50.459  2593  2593 D KeyguardUpdateMonitor: pdCharge false, chargingstatus 0, fastcharge:0
06-20 16:41:50.461  3244  3244 D DeviceStatisticsService: chargerType=2 batteryLevel=100 totalBatteryCapacity=2064800
06-20 16:41:50.461  3244  3244 D DeviceInfoHidlClient: isPowerInfoNeverSent()=true
06-20 16:41:50.461  3244  3244 D DeviceInfoHidlClient: getPowerInfoSupportStatus()=-1
06-20 16:41:50.471  2593  2593 E NavigationButtonUtils: res.getInteger(resId) = 2
06-20 16:41:50.473  2593  2593 I chatty  : uid=10172(com.android.systemui) identical 1 line
06-20 16:41:50.473  2593  2593 E NavigationButtonUtils: res.getInteger(resId) = 2
06-20 16:41:51.520 11702 11702 D CompatibilityChangeReporter: Compat change id reported: 150939131; UID 10084; state: ENABLED
06-20 16:41:55.428  1670  1670 W WindowManager: removeWindowToken: Attempted to remove non-existing token: android.os.Binder@b9f3674
06-20 16:41:55.571  1670  4645 D OpNetworkMonitor:  * ValidatedState * UNKNOWN
06-20 16:41:55.926  1670  2114 V AlarmManager: Triggering alarm #0: 3 when =1195487 package =android operation = null listenTag =*job.delay* flags =0x0
06-20 16:41:55.962  8924  8924 I Finsky  : [2] wdm.onStartJob(3): SCH: onJobSchedulerWakeup with jobId 9002
06-20 16:41:55.966  8924  8924 I Finsky  : [2] vyq.a(9): SCH: Scheduling fallback job with id: 9034, and delay: 43200000 ms
06-20 16:41:55.975  8924  8924 I Finsky  : [2] vyq.b(9): SCH: Scheduling fallback in 64799999 (absolute: 65995537)
06-20 16:41:56.080  4727  4727 D BoundBrokerSvc: onUnbind: Intent { act=com.google.android.gms.feedback.internal.IFeedbackService cmp=com.google.android.gms/.chimera.GmsBoundBrokerService }
06-20 16:41:56.087  4344  4344 D BoundBrokerSvc: onUnbind: Intent { act=com.google.android.gms.icing.LIGHTWEIGHT_INDEX_SERVICE cmp=com.google.android.gms/.chimera.PersistentApiService }
06-20 16:41:56.093  8924  8924 I Finsky  : [2] vyz.handleMessage(4): SCH: DeviceState: DeviceState{currentTime=1655714516091, isCharging=true, isIdle=false, netAny=true, netNotRoaming=true, netUnmetered=true, batteryPercent=100.0}
06-20 16:41:56.096  8924 11573 I Finsky  : [883] wbk.b(5): SCH: Jobs in database: 1-1337 12-1 26-1414141414 35-44269 
06-20 16:41:56.097  8924  8924 I Finsky  : [2] vza.b(11): SCH: Running job: 12-1
06-20 16:41:56.098  8924  8924 I Finsky  : [2] ContentSyncJob.r(1): [ContentSync] job started
06-20 16:41:56.098  8924  8924 I Finsky  : [2] vyz.handleMessage(27): SCH: RunningQueue size: 1, PendingQueue size: 0
06-20 16:41:56.098  8924  8924 I Finsky  : [2] vza.p(3): SCH: Running queue: 12-1 
06-20 16:41:56.178  8924 11588 I Finsky  : [895] fls.b(1): Completed 0 account content syncs with 0 successful.
06-20 16:41:56.178  8924  8924 I Finsky  : [2] ContentSyncJob.a(1): [ContentSync] Installation state replication succeeded.
06-20 16:41:56.178  8924  8924 I Finsky  : [2] waj.n(4): SCH: jobFinished: 12-1. TimeElapsed: 80ms.
06-20 16:41:56.178  8924  8924 I Finsky  : [2] vza.e(4): SCH: Job 12-1 finished. Not rescheduling.
06-20 16:41:56.179  8924  8924 I Finsky  : [2] vyz.handleMessage(27): SCH: RunningQueue size: 0, PendingQueue size: 0
06-20 16:41:56.179  8924  8924 I Finsky  : [2] vyz.handleMessage(10): SCH: Executor finished
06-20 16:41:56.189  8924  8924 I Finsky  : [2] wbk.b(5): SCH: Jobs in database: 1-1337 26-1414141414 35-44269 
06-20 16:41:56.190  8924  8924 I Finsky  : [2] vzw.d(37): SCH: ConstraintMapping: 1-1337,  -> L: 13798466ms, D: 56998466ms, C: false, I: false, N: 1
06-20 16:41:56.190  8924  8924 I Finsky  : [2] vzw.d(37): SCH: ConstraintMapping: 26-1414141414, 35-44269,  -> L: 1984385ms, D: 17241384ms, C: false, I: false, N: 0
06-20 16:41:56.197  8924  8924 I Finsky  : [2] vzw.f(7): SCH: Cancelling existing jobscheduler jobs: 9003 
06-20 16:41:56.197  8924  8924 I Finsky  : [2] vzw.e(23): SCH: Scheduling job Id: 9000, L: 13798466, D: 56998466, C: false, I: false, N: 1
06-20 16:41:56.199  8924  8924 I Finsky  : [2] vzw.e(23): SCH: Scheduling job Id: 9001, L: 1984385, D: 17241384, C: false, I: false, N: 0
06-20 16:41:56.366   934   934 D vendor.qti.bluetooth@1.0-ibs_handler: SerialClockVote: vote for UART CLK ON
06-20 16:41:56.367   934   934 D vendor.qti.bluetooth@1.0-wake_lock: Acquire wakelock is acquired 
06-20 16:41:56.367   934   934 I vendor.qti.bluetooth@1.0-ibs_handler: DeviceWakeUp: Writing IBS_WAKE_IND
06-20 16:41:56.373  2569  3487 E bt_osi_wakelock: wakelock_acquire wakelock acquired
06-20 16:41:56.374  2569  2661 E bt_osi_wakelock: wakelock_release wakelock released
06-20 16:41:56.468   634   634 I hwservicemanager: getTransport: Cannot find entry android.hardware.power.stats@1.0::IPowerStats/default in either framework or device manifest.
06-20 16:41:56.468   634   634 I hwservicemanager: getTransport: Cannot find entry android.hardware.power@1.0::IPower/default in either framework or device manifest.
06-20 16:41:56.469  1670  1780 E BatteryStatsService: Unable to load Power Hal or power.stats HAL
06-20 16:41:56.476  1670  1771 D ExtBatteryStatsService: @@@@ awaitUninterruptibly in 134 ms
06-20 16:41:56.476  1670  1771 D MyBatteryStatsHelper: ===processSingleAppUsage===
06-20 16:41:56.486  1670  1771 D ExtBatteryStatsService: ext-flush too soon, skip
06-20 16:41:56.487  1670  1771 E BGC     : get NameNotFoundException error:android.content.pm.PackageManager$NameNotFoundException: oppo.uid.instant
06-20 16:41:56.582  1670  3368 I FastCharge: read mChargeType = 0
06-20 16:41:56.586  1670  3368 I FastCharge: set protect_charging = false
06-20 16:41:56.486  1670  1771 D MyBatteryStatsHelper: ===processSingleAppUsage===
06-20 16:41:56.589  1670  1771 W AlarmManager: Unrecognized alarm listener com.android.server.OpPowerControllerService$tsu@3c361e3
06-20 16:41:56.590  2593  2593 D BatteryController: estimate_time_to_full:0 isSwarp:false
06-20 16:41:56.590  2593  2593 D OpSWarpChargingView: level is same as latest one [100]
06-20 16:41:56.591  3166  3166 D QtiCarrierConfigHelper: WARNING, no carrier configs on phone Id: 0
06-20 16:41:56.592  2593  2593 D KeyguardUpdateMonitor: received broadcast android.intent.action.BATTERY_CHANGED
06-20 16:41:56.592  2593  2593 D KeyguardUpdateMonitor: pdCharge false, chargingstatus 0, fastcharge:0
06-20 16:41:56.594  3244  3244 D DeviceStatisticsService: chargerType=2 batteryLevel=100 totalBatteryCapacity=2064800
06-20 16:41:56.595  3244  3244 D DeviceInfoHidlClient: isPowerInfoNeverSent()=true
06-20 16:41:56.595  3244  3244 D DeviceInfoHidlClient: getPowerInfoSupportStatus()=-1
06-20 16:41:56.608  2593  2593 E NavigationButtonUtils: res.getInteger(resId) = 2
06-20 16:41:56.635  1670  1771 D ExtBatteryStatsService: ext-flush too soon, skip
06-20 16:41:56.609  2593  2593 I chatty  : uid=10172(com.android.systemui) identical 1 line
06-20 16:41:56.610  2593  2593 E NavigationButtonUtils: res.getInteger(resId) = 2
06-20 16:41:56.635  1670  1771 D MyBatteryStatsHelper: ===processSingleAppUsage===
06-20 16:41:56.709  1670  1771 D MyBatteryStatsHelper: ===processSingleAppUsage===
06-20 16:41:57.373   934  3781 I vendor.qti.bluetooth@1.0-ibs_handler: DeviceSleep: TX Awake, Sending SLEEP_IND
06-20 16:41:57.374   934  3781 D vendor.qti.bluetooth@1.0-ibs_handler: SerialClockVote: vote for UART CLK OFF
06-20 16:41:57.534   934  3488 D vendor.qti.bluetooth@1.0-wake_lock: Release wakelock is released 
06-20 16:41:56.709  1670  1771 D ExtBatteryStatsService: ext-flush too soon, skip
06-20 16:41:59.297  1670  1670 W WindowManager: removeWindowToken: Attempted to remove non-existing token: android.os.Binder@934f77b
06-20 16:41:59.659   934   934 D vendor.qti.bluetooth@1.0-ibs_handler: SerialClockVote: vote for UART CLK ON
06-20 16:41:59.659   934   934 D vendor.qti.bluetooth@1.0-wake_lock: Acquire wakelock is acquired 
06-20 16:41:59.659   934   934 I vendor.qti.bluetooth@1.0-ibs_handler: DeviceWakeUp: Writing IBS_WAKE_IND
06-20 16:41:59.666  2569  3487 E bt_osi_wakelock: wakelock_acquire wakelock acquired
06-20 16:41:59.667  2569  2661 E bt_osi_wakelock: wakelock_release wakelock released
06-20 16:41:59.769   634   634 I hwservicemanager: getTransport: Cannot find entry android.hardware.power.stats@1.0::IPowerStats/default in either framework or device manifest.
06-20 16:41:59.769   634   634 I hwservicemanager: getTransport: Cannot find entry android.hardware.power@1.0::IPower/default in either framework or device manifest.
06-20 16:41:59.770  1670  1780 E BatteryStatsService: Unable to load Power Hal or power.stats HAL
06-20 16:41:59.776  1670  1771 D ExtBatteryStatsService: @@@@ awaitUninterruptibly in 159 ms
06-20 16:41:59.776  1670  1771 D MyBatteryStatsHelper: ===processSingleAppUsage===
06-20 16:42:00.001  2593  2752 I ClockCtrl:  schedule next: 59999
06-20 16:42:00.001  2593  2752 I OpKeyguardUpdateMonitor: onTimeChanged
06-20 16:42:00.001  1670  2114 V AlarmManager: Triggering alarm #0: 3 when =1199563 package =android operation = null listenTag =TIME_TICK flags =0x1
06-20 16:42:00.002  2593  2593 D KeyguardUpdateMonitor: handleTimeUpdate
06-20 16:42:00.010  2593  2593 I OpColorTextView: index:0
06-20 16:42:00.014  2593  2593 D KeyguardUpdateMonitor: received broadcast android.intent.action.TIME_TICK
06-20 16:42:00.028  2593  2593 E NavigationButtonUtils: res.getInteger(resId) = 2
06-20 16:42:00.118  1670 11123 I ActivityManager: Killing 7135:com.android.vending:download_service/u0a139 (adj 999): empty #31
06-20 16:42:00.156  1670  4161 D ConnectivityService: ConnectivityService NetworkRequestInfo binderDied(NetworkRequest [ TRACK_DEFAULT id=34, [ Capabilities: INTERNET&NOT_RESTRICTED&TRUSTED Uid: 10139 AdministratorUids: [] RequestorUid: 10139 RequestorPackageName: com.android.vending] ], android.os.BinderProxy@dc15cd8)
06-20 16:42:00.156  1670  2298 D ConnectivityService: releasing NetworkRequest [ TRACK_DEFAULT id=34, [ Capabilities: INTERNET&NOT_RESTRICTED&TRUSTED Uid: 10139 AdministratorUids: [] RequestorUid: 10139 RequestorPackageName: com.android.vending] ] (release request)
06-20 16:42:00.158  1670 11123 W ProcessStats: setState index out of bounds
06-20 16:42:00.030  2593  2593 I chatty  : uid=10172(com.android.systemui) identical 1 line
06-20 16:42:00.030  2593  2593 E NavigationButtonUtils: res.getInteger(resId) = 2
06-20 16:42:00.158  3321  3321 D PhoneSwitcherNetworkRequstListener: releaseNetworkFor NetworkRequest [ TRACK_DEFAULT id=34, [ Capabilities: INTERNET&NOT_RESTRICTED&TRUSTED Uid: 10139 AdministratorUids: [] RequestorUid: 10139 RequestorPackageName: com.android.vending] ]
06-20 16:42:00.159   802   802 I Zygote  : Process 7135 exited due to signal 9 (Killed)
06-20 16:42:00.168  1670  1764 I libprocessgroup: Successfully killed process cgroup uid 10139 pid 7135 in 43ms
06-20 16:42:00.666   934  3781 I vendor.qti.bluetooth@1.0-ibs_handler: DeviceSleep: TX Awake, Sending SLEEP_IND
06-20 16:42:00.666   934  3781 D vendor.qti.bluetooth@1.0-ibs_handler: SerialClockVote: vote for UART CLK OFF
06-20 16:42:00.828   934  3488 D vendor.qti.bluetooth@1.0-wake_lock: Release wakelock is released 
06-20 16:42:00.159  1670 11123 W ProcessStats: setState index out of bounds
06-20 16:42:03.498  1670  3368 I FastCharge: read mChargeType = 0
06-20 16:42:03.501  1670  3368 I FastCharge: set protect_charging = false
06-20 16:42:03.505  1670  1771 W AlarmManager: Unrecognized alarm listener com.android.server.OpPowerControllerService$tsu@3c361e3
06-20 16:42:03.505  2593  2593 D BatteryController: estimate_time_to_full:0 isSwarp:false
06-20 16:42:03.506  2593  2593 D OpSWarpChargingView: level is same as latest one [100]
06-20 16:42:03.507  3166  3166 D QtiCarrierConfigHelper: WARNING, no carrier configs on phone Id: 0
06-20 16:42:03.509  2593  2593 D KeyguardUpdateMonitor: received broadcast android.intent.action.BATTERY_CHANGED
06-20 16:42:03.509  2593  2593 D KeyguardUpdateMonitor: pdCharge false, chargingstatus 0, fastcharge:0
06-20 16:42:03.512  3244  3244 D DeviceStatisticsService: chargerType=2 batteryLevel=100 totalBatteryCapacity=2064700
06-20 16:42:03.512  3244  3244 D DeviceInfoHidlClient: getPowerInfoSupportStatus()=-1
06-20 16:42:03.522  2593  2593 E NavigationButtonUtils: res.getInteger(resId) = 2
06-20 16:42:05.435  1670  3368 I FastCharge: read mChargeType = 0
06-20 16:42:05.439  1670  3368 I FastCharge: set protect_charging = false
06-20 16:42:03.523  2593  2593 I chatty  : uid=10172(com.android.systemui) identical 1 line
06-20 16:42:03.524  2593  2593 E NavigationButtonUtils: res.getInteger(resId) = 2
06-20 16:42:05.443  1670  1771 W AlarmManager: Unrecognized alarm listener com.android.server.OpPowerControllerService$tsu@3c361e3
06-20 16:42:05.446  3166  3166 D QtiCarrierConfigHelper: WARNING, no carrier configs on phone Id: 0
06-20 16:42:05.447  2593  2593 D BatteryController: estimate_time_to_full:0 isSwarp:false
06-20 16:42:05.448  2593  2593 D OpSWarpChargingView: level is same as latest one [100]
06-20 16:42:05.449  3244  3244 D DeviceStatisticsService: chargerType=2 batteryLevel=100 totalBatteryCapacity=2064700
06-20 16:42:05.449  3244  3244 D DeviceInfoHidlClient: isPowerInfoNeverSent()=true
06-20 16:42:05.449  3244  3244 D DeviceInfoHidlClient: getPowerInfoSupportStatus()=-1
06-20 16:42:05.464  2593  2593 E NavigationButtonUtils: res.getInteger(resId) = 2
06-20 16:42:05.466  2593  2593 I chatty  : uid=10172(com.android.systemui) identical 1 line
06-20 16:42:05.466  2593  2593 E NavigationButtonUtils: res.getInteger(resId) = 2
06-20 16:42:05.475  2593  2593 D KeyguardUpdateMonitor: received broadcast android.intent.action.BATTERY_CHANGED
06-20 16:42:05.475  2593  2593 D KeyguardUpdateMonitor: pdCharge false, chargingstatus 0, fastcharge:0
06-20 16:42:06.689  1670 11123 W ActivityManager: Invalid packageName: com.noahwm.android
06-20 16:42:06.689 12042 12044 I cmd     : oneway function results will be dropped but finished with status OK and parcel size 4
06-20 16:42:06.759 12050 12053 I cmd     : oneway function results will be dropped but finished with status OK and parcel size 4
06-20 16:42:06.767 12049 12049 E studio.deploy: Could not get package user id: run-as: unknown package: com.noahwm.android
06-20 16:42:06.782 12054 12056 I cmd     : oneway function results will be dropped but finished with status OK and parcel size 4
06-20 16:42:06.784 12049 12049 E studio.deploy: Could not find apks for this package: com.noahwm.android
06-20 16:42:06.784 12049 12049 E studio.deploy: Error: 
06-20 16:42:06.869 12057 12060 I cmd     : oneway function results will be dropped but finished with status OK and parcel size 4
06-20 16:42:07.095  2593  2593 D OpScreenBurnInProtector: moveToNext -9
06-20 16:42:07.102 12061 12064 I cmd     : oneway function results will be dropped but finished with status OK and parcel size 4
06-20 16:42:07.214  1670  2225 I ActivityManager: Killing 8849:com.android.cellbroadcastreceiver/u0a152 (adj 999): empty #31
06-20 16:42:07.216  1670  2225 I ActivityManager: Killing 5092:com.android.providers.calendar/u0a86 (adj 999): empty #32
06-20 16:42:07.229  8924  8924 I Finsky  : [2] abjv.b(14): Skipping verification because disabled
06-20 16:42:07.245  1670  1881 I PackageManager: Integrity check passed for file:///data/app/vmdl1499516373.tmp
06-20 16:42:07.261   802   802 I Zygote  : Process 8849 exited due to signal 9 (Killed)
06-20 16:42:07.261  1670 11123 W ProcessStats: setState index out of bounds
06-20 16:42:07.262   802   802 I Zygote  : Process 5092 exited due to signal 9 (Killed)
06-20 16:42:07.262  1670 11123 W ProcessStats: setState index out of bounds
06-20 16:42:07.267  1670  1693 W ProcessStats: setState index out of bounds
06-20 16:42:07.268  1670  1693 W ProcessStats: setState index out of bounds
06-20 16:42:07.274  1670  1881 D CompatibilityChangeReporter: Compat change id reported: 135549675; UID 10573; state: DISABLED
06-20 16:42:07.275  1670  1881 I PackageManager: Permission ownership changed. Updating all permissions.
06-20 16:42:07.284  1670  1764 I libprocessgroup: Successfully killed process cgroup uid 10152 pid 8849 in 68ms
06-20 16:42:07.284  1670  1764 I libprocessgroup: Successfully killed process cgroup uid 10086 pid 5092 in 0ms
06-20 16:42:07.370  1670  1724 V StorageManagerService: Package null does not have legacy storage
06-20 16:42:07.371  1670  1881 V BackupManagerService: [UserID:0] restoreAtInstall pkg=com.noahwm.android token=6 restoreSet=0
06-20 16:42:07.371  1670  1881 V BackupManagerService: [UserID:0] Finishing install immediately
06-20 16:42:07.372  1670  1881 I AppsFilter: interaction: PackageSetting{dab0c2f com.awesomeproject/10329} -> PackageSetting{94e5c9 com.noahwm.android/10573} BLOCKED
06-20 16:42:07.375  1291  1303 E installd: Couldn't opendir /data/app/vmdl1499516373.tmp: No such file or directory
06-20 16:42:07.375  1291  1303 E installd: Failed to delete /data/app/vmdl1499516373.tmp: No such file or directory
06-20 16:42:07.377 12065 12068 I cmd     : oneway function results will be dropped but finished with status OK and parcel size 4
06-20 16:42:07.378  1670  2391 D gwy     : OS Event: install
06-20 16:42:07.380  2431  2431 D SessionCommitReceiver: onReceive# action: android.content.pm.action.SESSION_COMMITTED, info = android.content.pm.PackageInstaller$SessionInfo@d37c5a0, user = UserHandle{0}
06-20 16:42:07.380  2431  2431 D SessionCommitReceiver: onReceive# InstallReason = 0
06-20 16:42:07.392  1670  1881 D OPFD_CTRL_SVC: notify Package Changed { com.noahwm.android } uid = 0, Type = android.intent.action.PACKAGE_ADDED, isVisiblePkg ? true
06-20 16:42:07.392  1670  2433 D OPSA    : ==MSG_PKG_INSTALL== OPBackgroundThread
06-20 16:42:07.392  1670  1757 D OPFD_CTRL_SVC: com.noahwm.android : UnSpec, Use Global Def
06-20 16:42:07.404  1670  1724 I RoleManagerService: Granting default roles...
06-20 16:42:07.411  3995  4252 I CTAPermission: [PP] action 0 pkg com.noahwm.android
06-20 16:42:07.418  4583  4583 D InstallAppReceiver: InstallAppReceiver onReceive
06-20 16:42:07.422  1670  2211 I InputReader: Reconfiguring input devices, changes=KEYBOARD_LAYOUTS | 
06-20 16:42:07.427  4583 10372 E Parcel  : Reading a NULL string not supported here.
06-20 16:42:07.432  4583 10372 I chatty  : uid=1000(system) postOnBackgroun identical 5 lines
06-20 16:42:07.433  4583 10372 E Parcel  : Reading a NULL string not supported here.
06-20 16:42:07.435  4189  6660 E Parcel  : Reading a NULL string not supported here.
06-20 16:42:07.436  4189  6660 E Parcel  : Reading a NULL string not supported here.
06-20 16:42:07.436  4045  4045 E Parcel  : Reading a NULL string not supported here.
06-20 16:42:07.438  4189  6660 E Parcel  : Reading a NULL string not supported here.
06-20 16:42:07.444  4189  6660 I chatty  : uid=10185(com.qualcomm.qti.workloadclassifier) WLCServiceHandl identical 4 lines
06-20 16:42:07.446  4189  6660 E Parcel  : Reading a NULL string not supported here.
06-20 16:42:07.449  4583 10372 E Parcel  : Reading a NULL string not supported here.
06-20 16:42:07.451  4583 10372 I chatty  : uid=1000(system) postOnBackgroun identical 1 line
06-20 16:42:07.452  4583 10372 E Parcel  : Reading a NULL string not supported here.
06-20 16:42:07.452  2569  2569 D HeadsetService: getHeadsetService(): returning com.android.bluetooth.hfp.HeadsetService@72035df
06-20 16:42:07.452  2569  2569 D HeadsetService:  isAudioOn: The number of audio connected devices 0
06-20 16:42:07.452  2569  2569 D HeadsetService: isScoOrCallActive(): Call Active:falseCall is Ringing:falseSCO is Active:false
06-20 16:42:07.453  2569  2569 D HeadsetService:  isAudioOn: The number of audio connected devices 0
06-20 16:42:07.453  2569  2569 I Avrcp_ext: updatePlayStatusForDevice: device: null
06-20 16:42:07.453  2569  2569 I Avrcp_ext: Exit updatePlayStatusForDevice
06-20 16:42:07.453  2569  2569 D HeadsetService:  isAudioOn: The number of audio connected devices 0
06-20 16:42:07.453  2569  2569 D HeadsetService: isScoOrCallActive(): Call Active:falseCall is Ringing:falseSCO is Active:false
06-20 16:42:07.453  4583 10372 E Parcel  : Reading a NULL string not supported here.
06-20 16:42:07.454  8924  8924 I Finsky  : [2] sot.d(13): PackageMonitorReceiverImpl - Received: android.intent.action.PACKAGE_ADDED, [zqNWIL2oVAWlFTEoV9fPvQ7Gb6LqQyjSHF5pfKT0tE0]
06-20 16:42:07.454  8924  8924 I Finsky  : [2] spt.g(1): Invalidating cached PackageState for com.noahwm.android
06-20 16:42:07.454  4583 10372 E Parcel  : Reading a NULL string not supported here.
06-20 16:42:07.456  1670  7536 I ActivityTaskManager: START u0 {act=android.intent.action.MAIN cat=[android.intent.category.LAUNCHER] flg=0x10000000 cmp=com.noahwm.android/cn.jpush.example.MainActivity} from uid 2000 pid 12076
06-20 16:42:07.456  4583 10372 I chatty  : uid=1000(system) postOnBackgroun identical 1 line
06-20 16:42:07.457  4583 10372 E Parcel  : Reading a NULL string not supported here.
06-20 16:42:07.457  2569  2569 D HeadsetService:  isAudioOn: The number of audio connected devices 0
06-20 16:42:07.457  2569  2569 I Avrcp_ext: updatePlayStatusForDevice: device: null
06-20 16:42:07.458  2569  2569 I Avrcp_ext: Exit updatePlayStatusForDevice
06-20 16:42:07.462  8924 11572 I Finsky  : [882] ljb.run(16): Wrote row to frosting DB: 5825
06-20 16:42:07.470  2569  2569 D HeadsetService:  isAudioOn: The number of audio connected devices 0
06-20 16:42:07.470  2569  2569 D HeadsetService: isScoOrCallActive(): Call Active:falseCall is Ringing:falseSCO is Active:false
06-20 16:42:07.470  8924  8924 I Finsky  : [2] ljo.d(2): Frosting ID looked up on UI thread. Caller should move to a background thread.
06-20 16:42:07.471  2569  2569 D HeadsetService:  isAudioOn: The number of audio connected devices 0
06-20 16:42:07.471  2569  2569 I Avrcp_ext: updatePlayStatusForDevice: device: null
06-20 16:42:07.471  2569  2569 I Avrcp_ext: Exit updatePlayStatusForDevice
06-20 16:42:07.471  2569  2569 D HeadsetService:  isAudioOn: The number of audio connected devices 0
06-20 16:42:07.471  2569  2569 D HeadsetService: isScoOrCallActive(): Call Active:falseCall is Ringing:falseSCO is Active:false
06-20 16:42:07.471  2569  2569 D HeadsetService:  isAudioOn: The number of audio connected devices 0
06-20 16:42:07.471  2569  2569 I Avrcp_ext: updatePlayStatusForDevice: device: null
06-20 16:42:07.471  2569  2569 I Avrcp_ext: Exit updatePlayStatusForDevice
06-20 16:42:07.471  2569  2569 D HeadsetService:  isAudioOn: The number of audio connected devices 0
06-20 16:42:07.471  2569  2569 D HeadsetService: isScoOrCallActive(): Call Active:falseCall is Ringing:falseSCO is Active:false
06-20 16:42:07.471  2569  2569 D HeadsetService:  isAudioOn: The number of audio connected devices 0
06-20 16:42:07.471  2569  2569 I Avrcp_ext: updatePlayStatusForDevice: device: null
06-20 16:42:07.471  2569  2569 I Avrcp_ext: Exit updatePlayStatusForDevice
06-20 16:42:07.471  2569  2569 D BluetoothMapAppObserver: onReceive
06-20 16:42:07.471  2569  2569 D BluetoothMapAppObserver: The installed package is: com.noahwm.android
06-20 16:42:07.472  2569  2569 D BluetoothMapAppObserver: Found 0 application(s) with intent android.bluetooth.action.BLUETOOTH_MAP_PROVIDER
06-20 16:42:07.472  2569  2569 D BluetoothMapAppObserver: Found 0 application(s) with intent android.bluetooth.action.BLUETOOTH_MAP_IM_PROVIDER
06-20 16:42:07.472  1670  7536 E ANDR-PERF-JNI: com_qualcomm_qtiperformance_native_perf_io_prefetch_start
06-20 16:42:07.473  4583 10372 E Parcel  : Reading a NULL string not supported here.
06-20 16:42:07.473  1670  7536 V ActivityTaskManager: checkAndUpdateLocalList list: [com.android.chrome, com.autonavi.minimap, com.shuqiyuedu823.google, com.snapchat.android, com.tencent.mm, com.sdu.didi.psnger, com.oppo.im, com.oneplus.calculator, com.nearme.gamecenter, com.google.android.youtube, com.amazon.avod.thirdpartyclient, com.google.android.apps.maps, com.tencent.qqlive, com.youku.phone, com.qiyi.video, com.duowan.kiwi, tv.danmaku.bili, com.google.android.calendar, com.lingdian.activity, local.pivot.pingmeter, com.whatsapp, com.netflix.mediaclient] UpdateDay: 2
06-20 16:42:07.474  4583 10372 I chatty  : uid=1000(system) postOnBackgroun identical 1 line
06-20 16:42:07.475  4583 10372 E Parcel  : Reading a NULL string not supported here.
06-20 16:42:07.476   982  1116 E ANDR-IOP: io prefetch is disabled
06-20 16:42:07.477  4045  4045 E RegisteredServicesCache: Skipping application component ComponentInfo{com.autonavi.minimap/com.alibaba.ariver.commonability.device.jsapi.nfc.service.TinyAppHostApduService}: it must request the permission android.permission.NFC
06-20 16:42:07.477  1670  1759 W BroadcastQueue: Background execution not allowed: receiving Intent { act=android.intent.action.PACKAGE_ADDED dat=package:com.noahwm.android flg=0x4000010 (has extras) } to com.android.settings/com.oneplus.settings.receiver.SettingsReceiver
06-20 16:42:07.477  1670  7536 D ActivityTaskManager: Updating New task bounds Rect(0, 0 - 0, 0)
06-20 16:42:07.478  4583 10372 E Parcel  : Reading a NULL string not supported here.
06-20 16:42:07.479  1670  7536 D ActivityTrigger: ActivityTrigger activityPauseTrigger 
06-20 16:42:07.480  4583 10372 E Parcel  : Reading a NULL string not supported here.
06-20 16:42:07.480  8924  8924 I Finsky  : [2] adfq.a(3): Do not start WearSupportService due to Wear service optimization
06-20 16:42:07.480  3321  3321 E PhoneInterfaceManager: [PhoneIntfMgr] getCarrierPackageNamesForIntentAndPhone: No UICC
06-20 16:42:07.480  3321  3321 D CarrierSvcBindHelper: No carrier app for: 0
06-20 16:42:07.480  3321  3321 E PhoneInterfaceManager: [PhoneIntfMgr] getCarrierPackageNamesForIntentAndPhone: No UICC
06-20 16:42:07.480  3321  3321 D CarrierSvcBindHelper: No carrier app for: 1
06-20 16:42:07.481  8924  8924 I Finsky  : [2] adfq.a(3): Do not start WearSupportService due to Wear service optimization
06-20 16:42:07.482  8924  8924 I Finsky  : [2] xrs.a(8): Clearing split related stale data.
06-20 16:42:07.482  8924 11574 I Finsky  : [884] fuh.a(12): Asset module storage cleared for package com.noahwm.android.
06-20 16:42:07.483  4583 10372 E Parcel  : Reading a NULL string not supported here.
06-20 16:42:07.484  4583 10372 E Parcel  : Reading a NULL string not supported here.
06-20 16:42:07.485  3321  3321 E VvmPkgInstalledRcvr: cannot create TelephonyManager from ComponentInfo{com.android.phone/com.android.services.telephony.TelephonyConnectionService}, ***, UserHandle{0}
06-20 16:42:07.486  4045  4045 E RegisteredServicesCache: Skipping application component ComponentInfo{com.autonavi.minimap/com.alipay.mobile.aompdevice.nfc.service.TinyAppHostApduService}: it must request the permission android.permission.NFC
06-20 16:42:07.486  8924  8924 I Finsky  : [2] ljo.d(2): Frosting ID looked up on UI thread. Caller should move to a background thread.
06-20 16:42:07.486  2431  2431 D Launcher: onPause# hashcode: 151722980
06-20 16:42:07.486  2431  2431 I ShelfLauncherCallbacks: onPause
06-20 16:42:07.488  8924 11572 I Finsky  : [882] ljb.run(16): Wrote row to frosting DB: 5826
06-20 16:42:07.490  4045  4045 D NfcApduServiceInfo: No com.nxp.nfc.extensions meta-data
06-20 16:42:07.490  4045  4045 E NfcApduServiceInfo: SE extension not present, Setting default offhost seID
06-20 16:42:07.490  4045  4045 D RegisteredServicesCache:  Reading service state data always from file
06-20 16:42:07.491  4045  4045 D RegisteredServicesCache: ServiceStateFileVersion=1.0
06-20 16:42:07.491  4045  4045 E RegisteredServicesCache: Next Tag=services
06-20 16:42:07.491  4045  4045 D RegisteredServicesCache:  curr component com.google.android.gms/com.google.android.gms.nearby.mediums.nearfieldcommunication.NfcAdvertisingService
06-20 16:42:07.491  4045  4045 D RegisteredServicesCache:  curr uid 10140
06-20 16:42:07.491  4045  4045 D RegisteredServicesCache:  curr state 2
06-20 16:42:07.491  4045  4045 E RegisteredServicesCache: installedServices no uidString 
06-20 16:42:07.491  4045  4045 E RegisteredServicesCache: 1invalidateCache:WriteServiceStateToFile
06-20 16:42:07.491  4045  4045 E RegisteredServicesCache:  Writing service state Data Always
06-20 16:42:07.491  4045  4045 E RegisteredServicesCache: component namecom.google.android.gms/com.google.android.gms.nearby.mediums.nearfieldcommunication.NfcAdvertisingService
06-20 16:42:07.496  4045  4045 D RegisteredNfcFServicesCache: Service unchanged, not updating
06-20 16:42:07.496  1670  1728 E system_server: Invalid ID 0x00000000.
06-20 16:42:07.497  1670  1728 I chatty  : uid=1000(system) android.anim identical 2 lines
06-20 16:42:07.497  1670  1728 E system_server: Invalid ID 0x00000000.
06-20 16:42:07.507  4727  4929 E sqlite3_android: ONEPLUS_NAME_PARTS_MATCH SQLITE_OK
06-20 16:42:07.508  4583 10372 E Parcel  : Reading a NULL string not supported here.
06-20 16:42:07.509  3321  3321 D ImsResolver: maybeAddedImsService, packageName: com.noahwm.android
06-20 16:42:07.510  4583 10372 E Parcel  : Reading a NULL string not supported here.
06-20 16:42:07.510  3321  3321 D CarrierConfigLoader: mHandler: 9 phoneId: 0
06-20 16:42:07.512  1670  1728 D OPFD_CTRL_SVC: [2]handle Starting Window for { com.noahwm.android }, Dark? false
06-20 16:42:07.512  4583 10372 E Parcel  : Reading a NULL string not supported here.
06-20 16:42:07.515  1670  1670 D OnePlusThemeController: Theme Controller onReceive:android.intent.action.PACKAGE_ADDED
06-20 16:42:07.515  1670  1670 W ContextImpl: Calling a method in the system process without a qualified user: android.app.ContextImpl.sendBroadcast:1122 com.oneplus.server.theme.zta$you.onReceive:433 android.app.LoadedApk$ReceiverDispatcher$Args.lambda$getRunnable$0$LoadedApk$ReceiverDispatcher$Args:1566 android.app.-$$Lambda$LoadedApk$ReceiverDispatcher$Args$_BumDX2UKsnxLVrE6UJsJZkotuA.run:2 android.os.Handler.handleCallback:938 
06-20 16:42:07.514  4583 10372 I chatty  : uid=1000(system) postOnBackgroun identical 2 lines
06-20 16:42:07.516  4583 10372 E Parcel  : Reading a NULL string not supported here.
06-20 16:42:07.517  1670  1771 W SearchableInfo: Invalid searchable metadata for tv.danmaku.bili/com.bilibili.bililive.videoliveplayer.ui.live.LiveAllActivity: Search label must be a resource reference.
06-20 16:42:07.517  4583 10372 E Parcel  : Reading a NULL string not supported here.
06-20 16:42:07.518  1670  1771 W SearchableInfo: Invalid searchable metadata for tv.danmaku.bili/com.bilibili.bililive.videoliveplayer.ui.live.area.LiveAreaVideoListActivity: Search label must be a resource reference.
06-20 16:42:07.518  1670  1727 I ActivityManager: ProcessRecord{e38287d 0:com.noahwm.android/u0a573}: disable GPU RLIMIT_STACK_MASK, pkg=com.noahwm.android
06-20 16:42:07.518  1670  1727 D CompatibilityChangeReporter: Compat change id reported: 135634846; UID 10573; state: DISABLED
06-20 16:42:07.519  1670  1727 D CompatibilityChangeReporter: Compat change id reported: 135754954; UID 10573; state: DISABLED
06-20 16:42:07.520  1670  1682 I system_server: Background concurrent copying GC freed 424484(19MB) AllocSpace objects, 153(8636KB) LOS objects, 35% free, 44MB/68MB, paused 385us total 144.463ms
06-20 16:42:07.522  1670  1727 D OpPowerConsumpStatsInjector: notifyPkgEvent
06-20 16:42:07.523  1670  1727 D OpRestartProcessManager: updateSelf :  com.noahwm.android, size : 7
06-20 16:42:07.523  1670  1761 D CompatibilityChangeReporter: Compat change id reported: 143937733; UID 10573; state: DISABLED
06-20 16:42:07.523  2431  2431 D ViewRootImpl[Launcher]: windowFocusChanged hasFocus=false inTouchMode=true
06-20 16:42:07.526  1670  1771 W SearchableInfo: Invalid searchable metadata for tv.danmaku.bili/com.bilibili.bililive.videoliveplayer.ui.live.search.LiveSearchActivity: Search label must be a resource reference.
06-20 16:42:07.526  4583 10372 E Parcel  : Reading a NULL string not supported here.
06-20 16:42:07.527  1670  1771 W SearchableInfo: Invalid searchable metadata for tv.danmaku.bili/com.bilibili.bililive.room.ui.roomv3.LiveRoomActivityV3: Search label must be a resource reference.
06-20 16:42:07.527  2431  2431 D Launcher: onWindowFocusChanged# hasFocus: false
06-20 16:42:07.527   802   802 I ZygoteServer: Get USAP proc command with pid # 6801 block_kill# true
06-20 16:42:07.527  4583 10372 E Parcel  : Reading a NULL string not supported here.
06-20 16:42:07.527   802   802 I ZygoteServer: Get USAP proc command with pid # 6801 block_kill# false
06-20 16:42:07.528   802   802 I ZygoteServer: Get USAP proc command with pid # 6801 block_kill# false
06-20 16:42:07.528  1670  1771 W SearchableInfo: Invalid searchable metadata for tv.danmaku.bili/com.bilibili.bililive.room.ui.roomv3.LiveRoomTranslucentActivity: Search label must be a resource reference.
06-20 16:42:07.528  6801  6801 I libc    : SetHeapTaggingLevel: tag level set to 0
06-20 16:42:07.528  4583 10372 E Parcel  : Reading a NULL string not supported here.
06-20 16:42:07.529  1670  1761 I ActivityManager: Start proc 6801:com.noahwm.android/u0a573 for pre-top-activity {com.noahwm.android/cn.jpush.example.MainActivity}
06-20 16:42:07.530  4583 10372 E Parcel  : Reading a NULL string not supported here.
06-20 16:42:07.530  6801  6801 I .noahwm.androi: Late-enabling -Xcheck:jni
06-20 16:42:07.530  2465  2520 D IOLIMITER: onAppStart, app com.noahwm.android start with pid: 6801
06-20 16:42:07.531  4583 10372 E Parcel  : Reading a NULL string not supported here.
06-20 16:42:07.532  1670  1771 W Searchables: No global search activity found
06-20 16:42:07.532  4583 10372 E Parcel  : Reading a NULL string not supported here.
06-20 16:42:07.533  4583 10372 E Parcel  : Reading a NULL string not supported here.
06-20 16:42:07.534  1670  1881 D OPFD_CTRL_SVC: notify Package Changed { com.noahwm.android } uid = 0, Type = android.intent.action.PACKAGE_ADDED, isVisiblePkg ? true
06-20 16:42:07.534  1670  1757 D OPFD_CTRL_SVC: com.noahwm.android : UnSpec, Use Global Def
06-20 16:42:07.535  2431  2431 D Launcher.Model: onPackageAdded(com.noahwm.android)
06-20 16:42:07.535  1670  2433 D OPSA    : ==MSG_PKG_INSTALL== OPBackgroundThread
06-20 16:42:07.535  4583  4606 D GamesAppProvider: call : getAppList
06-20 16:42:07.535  4583  4606 D GamesAppProvider: verifyCallingPackage : net.oneplus.launcher
06-20 16:42:07.535  4583  4606 D AppLoader: loadSelectedGameApps
06-20 16:42:07.536  2431  4521 D GameSpaceModel: uid#pkg:10242#com.tencent.tmgp.sgame
06-20 16:42:07.538  2431  4521 D DeviceHelper: isAtLeastOP8DeviceVersion: this= kebab , is at least OP8: true
06-20 16:42:07.539  2431  4521 D PackageUpdatedTask: mAllAppsList.addPackage user = UserHandle{0}, pkg = com.noahwm.android
06-20 16:42:07.541  6801  6801 I .noahwm.androi: Unquickening 21 vdex files!
06-20 16:42:07.542  2431  4521 E neplus.launche: Invalid ID 0x00000000.
06-20 16:42:07.542  2431  4521 I chatty  : uid=10165(net.oneplus.launcher) launcher-loader identical 2 lines
06-20 16:42:07.542  2431  4521 E neplus.launche: Invalid ID 0x00000000.
06-20 16:42:07.542  2431  4521 D AssetCache: black_getUsingIconShapePath: 1 getCurrentAssetPackIconShapePath start
06-20 16:42:07.542  2431  4521 D AssetCache: black_getUsingIconShapePath: 2 getCurrentAssetPackIconShapePath end, getSystemIconShapePath start
06-20 16:42:07.542  2431  4521 D AssetCache: black_getUsingIconShapePath: 3 getSystemIconShapePath end
06-20 16:42:07.544  2431  2431 D ConfigMonitor: Overlay changed.
06-20 16:42:07.545  1670  1759 W BroadcastQueue: Background execution not allowed: receiving Intent { act=android.intent.action.PACKAGE_ADDED dat=package:com.noahwm.android flg=0x4000010 (has extras) } to com.android.packageinstaller/.PackageInstalledReceiver
06-20 16:42:07.548  1216  1229 I adbd    : jdwp connection from 6801
06-20 16:42:07.552  2431  2431 D DefaultLayoutHelper: getDefinedDeviceProfiles - swType= H2, customType= NONE
06-20 16:42:07.552  2431  2431 D DefaultLayoutHelper: WORKSPACE_XML - default_workspace_cn_5x5_kebab
06-20 16:42:07.553  2431  2431 D IDP     : getDefaultToolboxLayout# customType=NONE
06-20 16:42:07.554  2431  2431 D DeviceProfile: updateIconTextLine: numRows : 6 , dummyRow: 0
06-20 16:42:07.556  1670  8512 I ActivityManager: ProcessRecord{e231656 0:com.tencent.mm:hotpot../u0a237}: disable GPU RLIMIT_STACK_MASK, pkg=com.tencent.mm
06-20 16:42:07.556  1670  8512 I ActivityManager: ProcessRecord{e231656 0:com.tencent.mm:hotpot../u0a237}: GPU RLIMIT_STACK_MASK, pkg=com.tencent.mm, size=416
06-20 16:42:07.556  1670  8512 D CompatibilityChangeReporter: Compat change id reported: 135634846; UID 10237; state: DISABLED
06-20 16:42:07.557  1670  1761 D CompatibilityChangeReporter: Compat change id reported: 143937733; UID 10237; state: DISABLED
06-20 16:42:07.554  2431  2431 D DeviceProfile: updateIconTextLine: numRows : 6 , dummyRow: 0
06-20 16:42:07.557  2431  4521 E neplus.launche: Invalid ID 0x00000000.
06-20 16:42:07.557  2431  4521 I chatty  : uid=10165(net.oneplus.launcher) launcher-loader identical 2 lines
06-20 16:42:07.557  2431  4521 E neplus.launche: Invalid ID 0x00000000.
06-20 16:42:07.558  1670  1670 D OpSlaNetlinkHelper: Received package broadcast:android.intent.action.PACKAGE_ADDED
06-20 16:42:07.559  1670  1670 D OPBF    : pkg:com.noahwm.android is installed
06-20 16:42:07.560  1670  1759 W BroadcastQueue: Background execution not allowed: receiving Intent { act=android.intent.action.PACKAGE_ADDED dat=package:com.noahwm.android flg=0x4000010 (has extras) } to com.android.vending/com.google.android.finsky.packagemanager.impl.PackageMonitorReceiverImpl$RegisteredReceiver
06-20 16:42:07.561  1670  1670 I Telecom : DefaultDialerCache: Refreshing default dialer for user 0: now com.oneplus.dialer: DDC.oR@AGk
06-20 16:42:07.563  2479  2479 W ContextImpl: Calling a method in the system process without a qualified user: android.app.ContextImpl.startService:1690 android.content.ContextWrapper.startService:720 android.content.ContextWrapper.startService:720 com.oneplus.coreservice.OpThemesApkHandlerReceiver.onReceive:222 android.app.ActivityThread.handleReceiver:4225 
06-20 16:42:07.564  1291 12102 E ANDR-RAMBOOST_SERVER: ramboost cmd_len = 118 cmd: iop_start -1 com.noahwm.android /data/app/~~5jfQYf_wxPUxPDmvd9k34g==/com.noahwm.android-y3Vstt_yfRvKgrD2DtXX4w== false
06-20 16:42:07.564  1291 12102 E ANDR-RAMBOOST_SERVER: is_in_recent_list is TRUE
06-20 16:42:07.564  1291 12102 E ANDR-RAMBOOST_SERVER: io prefetch is deactivate
06-20 16:42:07.569   802   802 D Zygote  : Forked child process 12103
06-20 16:42:07.573 12103 12103 I libc    : SetHeapTaggingLevel: tag level set to 0
06-20 16:42:07.575 12103 12103 E ent.mm:hotpot.: Unknown bits set in runtime_flags: 0x3800000
06-20 16:42:07.576  2431  4521 D NewInstallTagModel: createTag# new: false, key: com.noahwm.android#0#1655713459719
06-20 16:42:07.576  2431  4521 D SessionCommitReceiver: queueAppIconAdditionIfNeeded# com.noahwm.android UserHandle{0} createBubble: true
06-20 16:42:07.576  2431  4521 D SessionCommitReceiver: queueAppIconAdditionIfNeeded# do not add to home screen due to force = false, isEnabled = false, PreferencesHelper.isRecommendApp = false, isSimplify = false, isAsLeastO = true
06-20 16:42:07.576  2431  4521 D SkuHelper: showDiscover: false
06-20 16:42:07.576  2431  4521 D PreferencesHelper: getDefaultMinusOneScreen# defaultMinusOneScreen=shelf
06-20 16:42:07.577  2431  4521 D PackageUpdatedTask: execute OP_ADD: removeTaskLockState, packageName= com.noahwm.android, uid= 10573
06-20 16:42:07.577  2431  4521 D PackageUpdatedTask: addedOrModified count = 1, obj = [AppInfo(id=-1 type=APP container=-1 screen=-1 cell(-1,-1) span(1,1) minSpan(1,1) rank=0 user=UserHandle{0} title=ThrdJCore JPush SDK Demo hidden=false dirty = false newInstallTag=com.noahwm.android#0#1655713459719 componentName=ComponentInfo{com.noahwm.android/cn.jpush.example.MainActivity} searchResult=null suggestionApp=null)]
06-20 16:42:07.577  2431  4866 D OpLockStateController: uninstall Lock task , com.noahwm.android, 0
