06-20 16:42:11.592 12189 12273 D JIGUANG-JCommon: [JWakeConfigHelper] responseBody:IjUgwkVTLIWmXO7eB9ESruk4pNL9pf9848j6lBByJMXSigpf58rtCdRn9Rgk1Xe9b5ihvK3vy+uTpeHsS7UULyVX38/q9ERWmp4UYBiqfmBgUPUu8ianCTq5Ay3KOgmlw39wPSs3vkPgteLMZixPlEWku1U7IBmSLpXfH52iJAhMnrc+OucJxPAOyWcyiu+5QrnjNxdx/FLr1S7mIwIdrcosJis78YxsprnedkOqRKiGu3ATx183uU9RVr0GvZ6ET7QJ5DvI1Fhoqv/P7dB9PPiH4AwWf3OqvTplPLiORRQCIRVKW1S3N7ExlBt+R2mej+emRETd+zfPLxuJP6a96RL/mQsFKZezenQGDAuQZOVxCGO/JeKrhm6DS7plQTC4pTh6i5t3ga1C0wzaylf9Tw==
06-20 16:42:11.595 12189 12273 D JIGUANG-JCommon: [JWakeConfigHelper] responseBody after decrypt:{"app_wakeup_stat":2,"app_wakeup_disable":2,"app_get_threshold":86400,"app_package_config":"","app_wakeup_config":"disable","app_wakeuped_config":"","app_blacklist":[],"app_wakeup_api_type":0,"app_wakeup_count":5,"app_unsupported_wakeup_type":0,"app_blacklist_third_package":["com.oppo.im"]}
06-20 16:42:11.597 12189 12273 D JIGUANG-JCommon: [JWakeConfigHelper] write wakeConfigJson:eyJhcHBfd2FrZXVwX3N0YXQiOjIsImFwcF93YWtldXBfZGlzYWJsZSI6MiwiYXBwX2dldF90aHJlc2hvbGQiOjg2NDAwLCJhcHBfcGFja2FnZV9jb25maWciOiIiLCJhcHBfd2FrZXVwX2NvbmZpZyI6ImRpc2FibGUiLCJhcHBfd2FrZXVwZWRfY29uZmlnIjoiIiwiYXBwX2JsYWNrbGlzdCI6W10sImFwcF93YWtldXBfYXBpX3R5cGUiOjAsImFwcF93YWtldXBfY291bnQiOjUsImFwcF91bnN1cHBvcnRlZF93YWtldXBfdHlwZSI6MCwiYXBwX2JsYWNrbGlzdF90aGlyZF9wYWNrYWdlIjpbImNvbS5vcHBvLmltIl19
06-20 16:42:11.606 12189 12273 D JIGUANG-JCommon: [JDataConfigManager] config 1100 enable:true
06-20 16:42:11.606 12189 12273 I JIGUANG-JCommon: [JCommonConfig] configId : 1100, isBackgroundBusiness : false
06-20 16:42:11.606 12189 12273 D JIGUANG-JCommon: [JDataConfigManager] configId is 1100, isCanCollect is true
06-20 16:42:11.606 12189 12273 I JIGUANG-JCommon: [JCommonConfig] update JAppAll reportInterval:604800000000
06-20 16:42:11.607 12189 12273 D JIGUANG-JCommon: [JWakeConfigHelper] wakeTimeEnable:true, app unsupported_wakeup_type: 0
06-20 16:42:11.609 12189 12273 D JIGUANG-JCommon: [JWakeLocalState] lastCacheWakeState:,userWakeupEnable:true,isNeedReport:false
06-20 16:42:11.609 12189 12273 D JIGUANG-JCommon: [JWakeLocalState] do not need report local wake state
06-20 16:42:11.610 12189 12273 D JIGUANG-JCommon: [JWake] use config:JWakeConfigInfo{wakeEnableByAppKey=false, beWakeEnableByAppKey=true, wakeEnableByUId=false, beWakeEnableByUId=true, ignorLocal=false, maxWakeCount=5, wakeInterval=1800000, wakeTimeEnable=true, noWakeTimeConfig=true, apiType=0, wakeTypeInfoMap=null, wakeConfigInterval=86400000, wakeReportInterval=3600000, config='disable', pkgList=null, blackPackageList=[], accountWakeInterval=1800000, dactivityWakeInterval=1800000, activityWakeInterval=7200000, wakeReportEnable=false, beWakeReportEnable=false, appUnsupportedWakeupType=0, blacklistThirdPackage=[com.oppo.im]}
06-20 16:42:11.617 12189 12273 D JIGUANG-JCommon: [JWakeComponentHelper] ComponentInfo{com.noahwm.android/cn.jpush.example.MyDaemonService} setComponentEnabledSetting newState: 1
06-20 16:42:11.621 12189 12273 D JIGUANG-JCommon: [JWakeComponentHelper] ComponentInfo{com.noahwm.android/cn.jpush.android.service.DownloadProvider} setDownloadProviderEnabledSetting newState: 1
06-20 16:42:11.623 12189 12273 D JIGUANG-JCommon: [JWakeComponentHelper] ComponentInfo{com.noahwm.android/cn.jpush.android.service.DActivity} setActivityEnabledSetting newState: 1
06-20 16:42:11.625 12189 12273 D JIGUANG-JCommon: [JWakeComponentHelper] ComponentInfo{com.noahwm.android/cn.jpush.android.service.BActivity} setActivityEnabledSetting newState: 1
06-20 16:42:11.627 12189 12273 W JIGUANG-JCommon: [JWakeComponentHelper] setActivityEnabled throwable:Component class cn.jpush.android.service.BActivity does not exist in com.noahwm.android
06-20 16:42:11.627 12189 12273 D JIGUANG-JCommon: [JWake] can't w because r time
06-20 16:42:11.627 12189 12273 I JIGUANG-JCommon: [JCommonConfig] is JDataConfigManager businessTime:false,curTime:1655714531627,lastBusinessTime:1655714529131,businessInterval:86400000
06-20 16:42:11.627 12189 12273 D JIGUANG-JCommon: [JCommonActionHelper] data config is prepare finished
06-20 16:42:11.630 12189 12273 D JIGUANG-JCommon: [JDataConfigManager] config 1600 enable:true
06-20 16:42:11.632 12189 12273 D JIGUANG-JCommon: [JCommon] executeActionSingle: [JArp] from heartBeat, will delay 0ms execute
06-20 16:42:11.633 12189 12273 D JIGUANG-JCommon: [JCommon] JArp isActionEnable:false,actionUserEnable:true,actionCommandEnable:false,actionUidEnable:true
06-20 16:42:11.633 12189 12273 D JIGUANG-JCommon: [JCommon] JArp isActionEnable:false, isBusinessEnable:true
06-20 16:42:11.634 12189 12273 D JIGUANG-JCommon: [JDataConfigManager] config 1500 enable:true
06-20 16:42:11.634 12189 12273 D JIGUANG-JCore: [JBridgeHelper] canShowLbsPermissionDialog
06-20 16:42:11.634 12189 12273 D JIGUANG-JCore: [JBridgeHelper] lbs permission dialog shield, firstInit=1655714530278, delay=0
06-20 16:42:11.634 12189 12273 D JIGUANG-JCommon: [JCommon] executeActionSingle: [JLocation] from heartBeat, will delay 0ms execute
06-20 16:42:11.634 12189 12273 D JIGUANG-JCommon: [JCommon] JLocation isActionEnable:true,actionUserEnable:true,actionCommandEnable:true,actionUidEnable:true
06-20 16:42:11.634 12189 12273 I JIGUANG-JCommon: [JCommonConfig] is JLocation businessTime:true,curTime:1655714531634,lastBusinessTime:0,businessInterval:900000
06-20 16:42:11.634 12189 12273 D JIGUANG-JCommon: [JCommon] JLocation isActionEnable:true, isBusinessEnable:true
06-20 16:42:11.635 12189 12273 D JIGUANG-JCommon: [JDataConfigManager] config 1500 enable:true
06-20 16:42:11.635 12189 12273 D JIGUANG-JCommon: [JLocationv2] locationConfig:
06-20 16:42:11.635 12189 12273 D JIGUANG-JCommon: [JLocationHelper] parseConfig empty
06-20 16:42:11.636 12189 12273 D JIGUANG-JCommon: [JDataConfigManager] config 1500 enable:true
06-20 16:42:11.636 12189 12273 D JIGUANG-JCommon: [JCommon] executeActionSingle: [JLocationv2] from heartBeat, will delay 0ms execute
06-20 16:42:11.637 12189 12273 D JIGUANG-JCommon: [JDataConfigManager] config 1500 enable:true
06-20 16:42:11.637 12189 12273 D JIGUANG-JCommon: [JCommon] JLocationv2 isActionEnable:true,actionUserEnable:true,actionCommandEnable:true,actionUidEnable:true
06-20 16:42:11.638 12189 12273 D JIGUANG-JCommon: [JDataConfigManager] config 1500 enable:true
06-20 16:42:11.638 12189 12273 D JIGUANG-JCommon: [JCommon] JLocationv2 isActionEnable:true, isBusinessEnable:true
06-20 16:42:11.639 12189 12273 D JIGUANG-JCommon: [JDataConfigManager] config 1000 enable:true
06-20 16:42:11.639 12189 12273 D JIGUANG-JCommon: [JCommon] executeActionSingle: [JDevice] from heartBeat, will delay 0ms execute
06-20 16:42:11.639 12189 12273 D JIGUANG-JCommon: [JCommon] JDevice isActionEnable:true,actionUserEnable:true,actionCommandEnable:true,actionUidEnable:true
06-20 16:42:11.639 12189 12273 I JIGUANG-JCommon: [JCommonConfig] is JDevice businessTime:true,curTime:1655714531639,lastBusinessTime:0,businessInterval:86400000
06-20 16:42:11.639 12189 12273 D JIGUANG-JCommon: [JCommon] JDevice isActionEnable:true, isBusinessEnable:true
06-20 16:42:11.640 12189 12273 D JIGUANG-JCommon: [JDataConfigManager] config 1200 enable:true
06-20 16:42:11.640 12189 12273 I JIGUANG-JCommon: [JCommonConfig] configId : 1200, isBackgroundBusiness : false
06-20 16:42:11.640 12189 12273 D JIGUANG-JCommon: [JDataConfigManager] configId is 1200, isCanCollect is true
06-20 16:42:11.640 12189 12273 D JIGUANG-JCommon: [JCommon] executeActionSingle: [JDeviceBattery] from heartBeat, will delay 0ms execute
06-20 16:42:11.640 12189 12273 D JIGUANG-JCommon: [JCommon] JDeviceBattery isActionEnable:true,actionUserEnable:true,actionCommandEnable:true,actionUidEnable:true
06-20 16:42:11.640 12189 12273 I JIGUANG-JCommon: [JCommonConfig] is JDeviceBattery businessTime:true,curTime:1655714531640,lastBusinessTime:0,businessInterval:3600000
06-20 16:42:11.640 12189 12273 D JIGUANG-JCommon: [JCommon] JDeviceBattery isActionEnable:true, isBusinessEnable:true
06-20 16:42:11.641 12189 12273 D JIGUANG-JCommon: [JDataConfigManager] config 1900 enable:true
06-20 16:42:11.641 12189 12273 I JIGUANG-JCommon: [JCommonConfig] configId : 1900, isBackgroundBusiness : false
06-20 16:42:11.641 12189 12273 D JIGUANG-JCommon: [JDataConfigManager] configId is 1900, isCanCollect is true
06-20 16:42:11.641 12189 12273 D JIGUANG-JCommon: [JCommon] executeActionSingle: [JDeviceIds] from heartBeat, will delay 0ms execute
06-20 16:42:11.641 12189 12273 D JIGUANG-JCommon: [JCommon] JDeviceIds isActionEnable:true,actionUserEnable:true,actionCommandEnable:true,actionUidEnable:true
06-20 16:42:11.641 12189 12273 I JIGUANG-JCommon: [JCommonConfig] is JDeviceIds businessTime:true,curTime:1655714531641,lastBusinessTime:0,businessInterval:86400000
06-20 16:42:11.641 12189 12273 D JIGUANG-JCommon: [JCommon] JDeviceIds isActionEnable:true, isBusinessEnable:true
06-20 16:42:11.642 12189 12273 D JIGUANG-JCommon: [JDataConfigManager] config 1100 enable:true
06-20 16:42:11.642 12189 12273 I JIGUANG-JCommon: [JCommonConfig] configId : 1100, isBackgroundBusiness : false
06-20 16:42:11.642 12189 12273 D JIGUANG-JCommon: [JDataConfigManager] configId is 1100, isCanCollect is true
06-20 16:42:11.643 12189 12273 D JIGUANG-JCommon: [JCommon] executeActionSingle: [JAppAll] from heartBeat, will delay 0ms execute
06-20 16:42:11.643 12189 12273 D JIGUANG-JCommon: [JAppAll] for googlePlay:false
06-20 16:42:11.643 12189 12273 D JIGUANG-JCommon: [JDataConfigManager] config 1100 enable:true
06-20 16:42:11.643 12189 12273 I JIGUANG-JCommon: [JCommonConfig] configId : 1100, isBackgroundBusiness : false
06-20 16:42:11.643 12189 12273 D JIGUANG-JCommon: [JDataConfigManager] configId is 1100, isCanCollect is true
06-20 16:42:11.643 12189 12273 D JIGUANG-JCommon: [JCommon] JAppAll isActionEnable:true,actionUserEnable:true,actionCommandEnable:true,actionUidEnable:true
06-20 16:42:11.643 12189 12273 I JIGUANG-JCommon: [JCommonConfig] is JAppAll businessTime:true,curTime:1655714531643,lastBusinessTime:0,businessInterval:604800000
06-20 16:42:11.644 12189 12273 D JIGUANG-JCommon: [JCommon] JAppAll isActionEnable:true, isBusinessEnable:true
06-20 16:42:11.644 12189 12273 D JIGUANG-JCommon: [JDataConfigManager] config 1103 enable:true
06-20 16:42:11.644 12189 12273 I JIGUANG-JCommon: [JCommonConfig] configId : 1103, isBackgroundBusiness : false
06-20 16:42:11.644 12189 12273 D JIGUANG-JCommon: [JDataConfigManager] configId is 1103, isCanCollect is true
06-20 16:42:11.645 12189 12273 D JIGUANG-JCommon: [JCommon] executeActionSingle: [JAppSdk] from heartBeat, will delay 0ms execute
06-20 16:42:11.645 12189 12273 D JIGUANG-JCommon: [JDataConfigManager] config 1103 enable:true
06-20 16:42:11.645 12189 12273 I JIGUANG-JCommon: [JCommonConfig] configId : 1103, isBackgroundBusiness : false
06-20 16:42:11.645 12189 12273 D JIGUANG-JCommon: [JDataConfigManager] configId is 1103, isCanCollect is true
06-20 16:42:11.645 12189 12273 D JIGUANG-JCommon: [JCommon] JAppSdk isActionEnable:true,actionUserEnable:true,actionCommandEnable:true,actionUidEnable:true
06-20 16:42:11.645 12189 12273 I JIGUANG-JCommon: [JCommonConfig] is JAppSdk businessTime:true,curTime:1655714531645,lastBusinessTime:0,businessInterval:604800000
06-20 16:42:11.645 12189 12273 D JIGUANG-JCommon: [JCommon] JAppSdk isActionEnable:true, isBusinessEnable:true
06-20 16:42:11.646 12189 12273 D JIGUANG-JCommon: [JDataConfigManager] config 1101 enable:true
06-20 16:42:11.646 12189 12273 I JIGUANG-JCommon: [JCommonConfig] configId : 1101, isBackgroundBusiness : false
06-20 16:42:11.646 12189 12273 D JIGUANG-JCommon: [JDataConfigManager] configId is 1101, isCanCollect is true
06-20 16:42:11.647 12189 12273 D JIGUANG-JCommon: [JCommon] executeActionSingle: [JAppMovement] from heartBeat, will delay 0ms execute
06-20 16:42:11.647 12189 12273 D JIGUANG-JCommon: [JAppMovement] for googlePlay:false
06-20 16:42:11.647 12189 12273 D JIGUANG-JCommon: [JDataConfigManager] config 1101 enable:true
06-20 16:42:11.647 12189 12273 I JIGUANG-JCommon: [JCommonConfig] configId : 1101, isBackgroundBusiness : false
06-20 16:42:11.648 12189 12273 D JIGUANG-JCommon: [JDataConfigManager] configId is 1101, isCanCollect is true
06-20 16:42:11.648 12189 12273 D JIGUANG-JCommon: [JCommon] JAppMovement isActionEnable:true,actionUserEnable:true,actionCommandEnable:true,actionUidEnable:true
06-20 16:42:11.648 12189 12273 I JIGUANG-JCommon: [JCommonConfig] is JAppMovement businessTime:true,curTime:1655714531648,lastBusinessTime:0,businessInterval:3600000
06-20 16:42:11.648 12189 12273 D JIGUANG-JCommon: [JCommon] JAppMovement isActionEnable:true, isBusinessEnable:true
06-20 16:42:11.648 12189 12273 D JIGUANG-JCommon: [JDataConfigManager] config 1102 enable:true
06-20 16:42:11.648 12189 12273 I JIGUANG-JCommon: [JCommonConfig] configId : 1102, isBackgroundBusiness : false
06-20 16:42:11.649 12189 12273 D JIGUANG-JCommon: [JDataConfigManager] configId is 1102, isCanCollect is true
06-20 16:42:11.649 12189 12273 D JIGUANG-JCommon: [JCommon] executeActionSingle: [JAppRunning] from heartBeat, will delay 0ms execute
06-20 16:42:11.649 12189 12273 D JIGUANG-JCommon: [JAppRunning] for googlePlay:false
06-20 16:42:11.649 12189 12273 D JIGUANG-JCommon: [JDataConfigManager] config 1102 enable:true
06-20 16:42:11.649 12189 12273 I JIGUANG-JCommon: [JCommonConfig] configId : 1102, isBackgroundBusiness : false
06-20 16:42:11.649 12189 12273 D JIGUANG-JCommon: [JDataConfigManager] configId is 1102, isCanCollect is true
06-20 16:42:11.650 12189 12273 D JIGUANG-JCommon: [JCommon] JAppRunning isActionEnable:true,actionUserEnable:true,actionCommandEnable:true,actionUidEnable:true
06-20 16:42:11.650 12189 12273 I JIGUANG-JCommon: [JCommonConfig] is JAppRunning businessTime:true,curTime:1655714531650,lastBusinessTime:0,businessInterval:3600000
06-20 16:42:11.650 12189 12273 D JIGUANG-JCommon: [JCommon] JAppRunning isActionEnable:true, isBusinessEnable:true
06-20 16:42:11.650 12189 12273 D JIGUANG-JCommon: [JDataConfigManager] config 1104 enable:true
06-20 16:42:11.650 12189 12273 I JIGUANG-JCommon: [JCommonConfig] configId : 1104, isBackgroundBusiness : false
06-20 16:42:11.650 12189 12273 D JIGUANG-JCommon: [JDataConfigManager] configId is 1104, isCanCollect is true
06-20 16:42:11.651 12189 12273 D JIGUANG-JCommon: [JCommon] executeActionSingle: [JAppActive] from heartBeat, will delay 0ms execute
06-20 16:42:11.651 12189 12273 D JIGUANG-JCommon: [JAppActive] for googlePlay:false
06-20 16:42:11.651 12189 12273 D JIGUANG-JCommon: [JDataConfigManager] config 1104 enable:true
06-20 16:42:11.651 12189 12273 I JIGUANG-JCommon: [JCommonConfig] configId : 1104, isBackgroundBusiness : false
06-20 16:42:11.651 12189 12273 D JIGUANG-JCommon: [JDataConfigManager] configId is 1104, isCanCollect is true
06-20 16:42:11.651 12189 12273 D JIGUANG-JCommon: [JCommon] JAppActive isActionEnable:true,actionUserEnable:true,actionCommandEnable:true,actionUidEnable:true
06-20 16:42:11.651 12189 12273 D JIGUANG-JCommon: [JCommon] JAppActive isActionEnable:true, isBusinessEnable:true
06-20 16:42:11.652 12189 12273 D JIGUANG-JCommon: [JWakeCmd] executeWakeAction: [JWakeCmd] from heartBeat
06-20 16:42:11.653 12189 12273 D JIGUANG-JCommon: [JDataConfigManager] config 1100 enable:true
06-20 16:42:11.653 12189 12273 I JIGUANG-JCommon: [JCommonConfig] configId : 1100, isBackgroundBusiness : false
06-20 16:42:11.653 12189 12273 D JIGUANG-JCommon: [JDataConfigManager] configId is 1100, isCanCollect is true
06-20 16:42:11.653 12189 12273 I JIGUANG-JCommon: [JCommonConfig] update JAppAll reportInterval:604800000000
06-20 16:42:11.653 12189 12273 D JIGUANG-JCommon: [JWakeConfigHelper] wakeTimeEnable:true, app unsupported_wakeup_type: 0
06-20 16:42:11.653 12189 12273 D JIGUANG-JCommon: [JWake] isActionUserEnable :true
06-20 16:42:11.653 12189 12273 D JIGUANG-JCommon: [JWakeCmd] JWakeCmd isActionUserEnable:true
06-20 16:42:11.654 12189 12273 D JIGUANG-JCommon: [JCommon] executeAction: [JWakeReport] from heartBeat
06-20 16:42:11.654 12189 12273 D JIGUANG-JCommon: [JCommon] JWakeReport isActionEnable:true,actionUserEnable:true,actionCommandEnable:true,actionUidEnable:true
06-20 16:42:11.654 12189 12273 D JIGUANG-JCommon: [JCommon] JWakeReport - isActionEnable:true, isBusinessEnable:true
06-20 16:42:11.654 12189 12273 D JIGUANG-JCommon: [JWake] wake with:heartbeat
06-20 16:42:11.655 12189 12273 D JIGUANG-JCommon: [JDataConfigManager] config 1100 enable:true
06-20 16:42:11.655 12189 12273 I JIGUANG-JCommon: [JCommonConfig] configId : 1100, isBackgroundBusiness : false
06-20 16:42:11.655 12189 12273 D JIGUANG-JCommon: [JDataConfigManager] configId is 1100, isCanCollect is true
06-20 16:42:11.655 12189 12273 I JIGUANG-JCommon: [JCommonConfig] update JAppAll reportInterval:604800000000
06-20 16:42:11.655 12189 12273 D JIGUANG-JCommon: [JWakeConfigHelper] wakeTimeEnable:true, app unsupported_wakeup_type: 0
06-20 16:42:11.655 12189 12273 D JIGUANG-JCommon: [JWake] [refeshWakeConfig] currentTimeMillis:1655714531655,lastBusinessTime:1655714531279,wakeConfigInterval:86400000
06-20 16:42:11.655 12189 12273 D JIGUANG-JCommon: [JWake] need not get wake config
06-20 16:42:11.655 12189 12273 D JIGUANG-JCommon: [JWake] use config:JWakeConfigInfo{wakeEnableByAppKey=false, beWakeEnableByAppKey=true, wakeEnableByUId=false, beWakeEnableByUId=true, ignorLocal=false, maxWakeCount=5, wakeInterval=1800000, wakeTimeEnable=true, noWakeTimeConfig=true, apiType=0, wakeTypeInfoMap=null, wakeConfigInterval=86400000, wakeReportInterval=3600000, config='disable', pkgList=null, blackPackageList=[], accountWakeInterval=1800000, dactivityWakeInterval=1800000, activityWakeInterval=7200000, wakeReportEnable=false, beWakeReportEnable=false, appUnsupportedWakeupType=0, blacklistThirdPackage=[com.oppo.im]}
06-20 16:42:11.656 12189 12273 D JIGUANG-JCommon: [JWakeComponentHelper] ComponentInfo{com.noahwm.android/cn.jpush.example.MyDaemonService} setComponentEnabledSetting newState: 1
06-20 16:42:11.656 12189 12273 D JIGUANG-JCommon: [JWakeComponentHelper] DaemonService  enabled is :true, no need repeat set.
06-20 16:42:11.656 12189 12273 D JIGUANG-JCommon: [JWakeComponentHelper] cn.jpush.android.service.DownloadProvider enabled is :true, no need repeat set.
06-20 16:42:11.656 12189 12273 D JIGUANG-JCommon: [JWakeComponentHelper] cn.jpush.android.service.DActivity enabled is :true, no need repeat set.
06-20 16:42:11.656 12189 12273 D JIGUANG-JCommon: [JWakeComponentHelper] ComponentInfo{com.noahwm.android/cn.jpush.android.service.BActivity} setActivityEnabledSetting newState: 1
06-20 16:42:11.657 12189 12273 W JIGUANG-JCommon: [JWakeComponentHelper] setActivityEnabled throwable:Component class cn.jpush.android.service.BActivity does not exist in com.noahwm.android
06-20 16:42:11.657 12189 12273 D JIGUANG-JCommon: [JWake] can't w because r time
06-20 16:42:11.657 12189 12273 I JIGUANG-JCommon: [JCommonConfig] update JWakeCmdcmd lastBusinessTime
06-20 16:42:11.657 12189 12273 D JIGUANG-JCommon: [JWakeCmd] read cmd wakeTarget:null
06-20 16:42:11.657 12189 12273 W JIGUANG-JCommon: [JWakeCmd] there are no cache cmd wakeTarget
06-20 16:42:11.657 12189 12273 D JIGUANG-JCommon: [JCommon] JWakeReport isBusinessEnable:true
06-20 16:42:11.658 12189 12273 D JIGUANG-JCommon: [JDataConfigManager] config 1100 enable:true
06-20 16:42:11.658 12189 12273 I JIGUANG-JCommon: [JCommonConfig] configId : 1100, isBackgroundBusiness : false
06-20 16:42:11.658 12189 12273 D JIGUANG-JCommon: [JDataConfigManager] configId is 1100, isCanCollect is true
06-20 16:42:11.658 12189 12273 I JIGUANG-JCommon: [JCommonConfig] update JAppAll reportInterval:604800000000
06-20 16:42:11.658 12189 12273 D JIGUANG-JCommon: [JWakeConfigHelper] wakeTimeEnable:true, app unsupported_wakeup_type: 0
06-20 16:42:11.658 12189 12273 I JIGUANG-JCommon: [JCommonConfig] update JWakeReport lastBusinessTime
06-20 16:42:11.658 12189 12273 I JIGUANG-JCommon: [JCommonConfig] is JWakeReport reportTime:true,curTime:1655714531658,lastReportTime:0,reportInterval:3600000
06-20 16:42:11.658 12189 12273 D JIGUANG-JCommon: [JCommon] JWakeReport isReportEnable:true
06-20 16:42:11.658 12189 12273 W JIGUANG-JCommon: [JWakeReport] server set do not report wake data.
06-20 16:42:11.658 12189 12273 W JIGUANG-JCommon: [JWakeReport] server set do not report waked data.
06-20 16:42:11.668 12189 12263 D JIGUANG-JCommon: [JLocationHelper] responseCode:200
06-20 16:42:11.668 12189 12263 D JIGUANG-JCommon: [JLocationHelper] responseBody:wkVk1Q1wfyxnZtg7I8iKBiFVUP4HBG/Gg/AWaN5mQlBwqFkWnC9KVisuYoTwa6rkab7OzHS+zKBwUtFxBw3IWJQBvgzXJ7Ftvt7KuLGUgTiX+o7pVT0bSK9xmkutYCrdFoE+KcY11ryuSfZ+Y6TFaI56JI+1yvOFpWHihnR2n3BLuSnsLTNbT2nfomgwWv60ZMw/236Je1RsP1XnKXXJFEutXJDQL5cU7oF6zIkZJsNOOTdEEyCm+0pyz0xy9APC
06-20 16:42:11.669 12189 12250 D JIGUANG-JCore: [HttpHelper] status code:200 retry left:2
06-20 16:42:11.669 12189 12250 D JIGUANG-JCore: [ReportSis] report sis code[0] from url=https://tsis.jpush.cn
06-20 16:42:11.669 12189 12250 D JIGUANG-JCore:  body={"code":200,"ret":{"ips":{"active_user":["https://ali-stats.jpush.cn"],"android_notification_state":["https://gd-stats.jpush.cn"],"app_list":["https://gd-stats.jpush.cn"],"app_running":["https://gd-stats.jpush.cn"],"awake":["https://gd-stats.jpush.cn"],"loc_info":["https://gd-stats.jpush.cn"],"normal":["https://ali-stats.jpush.cn"]},"sis_ips":["http://tsis.jpush.cn:80","https://tsis.jpush.cn:443"],"ttl":86400}}
06-20 16:42:11.669 12189 12263 D JIGUANG-JCommon: [JLocationHelper] request l config success,response body:{"code":0,"pkgList":"","servList":"","enable":"1,1,1","r_interval":3600,"b_interval":"800,800,800","wi_level":0,"wi_count":20,"wi_percent":30,"g_interval":240,"g_distance":800}
06-20 16:42:11.670 12189 12263 I JIGUANG-JCommon: [JCommonConfig] update JLocationv2_cfg lastBusinessTime
06-20 16:42:11.670 12189 12250 D JIGUANG-JCore: [JCoreRunnable] name:null,thread:jg_fr_pool_thread2:916, is main thread:false
06-20 16:42:11.670 12189 12263 D JIGUANG-JCommon: [JLocationHelper] parseConfig:{"code":0,"pkgList":"","servList":"","enable":"1,1,1","r_interval":3600,"b_interval":"800,800,800","wi_level":0,"wi_count":20,"wi_percent":30,"g_interval":240,"g_distance":800}
06-20 16:42:11.670 12189 12263 I JIGUANG-JCommon: [JCommonConfig] update JLocationv2 reportInterval:3600000
06-20 16:42:11.671 12189 12263 I JIGUANG-JCommon: [JCommonConfig] update JLocationv2_g businessInterval:800000
06-20 16:42:11.671 12189 12263 I JIGUANG-JCommon: [JCommonConfig] update JLocationv2_w businessInterval:800000
06-20 16:42:11.671 12189 12263 I JIGUANG-JCommon: [JCommonConfig] update JLocationv2_c businessInterval:800000
06-20 16:42:11.674 12189 12263 D JIGUANG-JCommon: [JDataConfigManager] config 1500 enable:true
06-20 16:42:11.676 12189 12336 D JIGUANG-JCore: [ReportUtils] types=[sdk_type, ad_load] find urls=[https://ali-stats.jpush.cn, https://stats.jpush.cn, https://183.232.25.151:443]
06-20 16:42:11.676 12189 12336 D JIGUANG-JCore: [ReportUtils] upload type=[sdk_type, ad_load] to url:https://ali-stats.jpush.cn/v3/report
06-20 16:42:11.676 12189 12303 D JIGUANG-JCore: [ReportUtils] types=[api_record] find urls=[https://ali-stats.jpush.cn, https://stats.jpush.cn, https://183.232.25.151:443]
06-20 16:42:11.676 12189 12303 D JIGUANG-JCore: [ReportUtils] upload type=[api_record] to url:https://ali-stats.jpush.cn/v3/report
06-20 16:42:11.676 12189 12250 E ndroid:pushcor: No implementation found for void com.bun.lib.a.a(boolean) (tried Java_com_bun_lib_a_a and Java_com_bun_lib_a_a__Z)
06-20 16:42:11.677 12189 12245 W JIGUANG-JCommon: [IdHelper] not get ids by mitts
06-20 16:42:11.677 12189 12263 D JIGUANG-JCommon: [JDataConfigManager] mark first collect delay :JLocation:1500
06-20 16:42:11.677 12189 12245 D JIGUANG-JCommon: [IdHelper] [getAllIds] miit id is: 
06-20 16:42:11.677 12189 12245 D JIGUANG-JCommon: [IdHelper] start getAllIds by local
06-20 16:42:11.677 12189 12336 V JIGUANG-JCore: [HttpUtils] host:ali-stats.jpush.cn,port:-1
06-20 16:42:11.677 12189 12303 V JIGUANG-JCore: [HttpUtils] host:ali-stats.jpush.cn,port:-1
06-20 16:42:11.677 12189 12263 I JIGUANG-JCommon: [JCommonConfig] is JLocation businessTime:true,curTime:1655714531677,lastBusinessTime:0,businessInterval:900000
06-20 16:42:11.677 12189 12263 D JIGUANG-JCommon: [JCommon] JLocation isBusinessEnable:true
06-20 16:42:11.680 12189 12263 D JIGUANG-JCommon: [JDataConfigManager] config 1500 enable:true
06-20 16:42:11.682 12189 12263 D JIGUANG-JCommon: [JDataConfigManager] config 1505 enable:true
06-20 16:42:11.682 12189 12263 I JIGUANG-JCommon: [JCommonConfig] configId : 1505, isBackgroundBusiness : false
06-20 16:42:11.682 12189 12263 D JIGUANG-JCommon: [JDataConfigManager] configId is 1505, isCanCollect is true
06-20 16:42:11.682 12189 12263 D JIGUANG-JCore: [AndroidUtil] find permission: android.permission.ACCESS_WIFI_STATE
06-20 16:42:11.683 12189 12263 D JIGUANG-JCore: [AndroidUtil] brand = OnePlus
06-20 16:42:11.683 12189 12250 E ndroid:pushcor: No implementation found for void com.bun.lib.a.a(boolean) (tried Java_com_bun_lib_a_a and Java_com_bun_lib_a_a__Z)
06-20 16:42:11.683 12189 12263 D JIGUANG-JCore: [JConstants] is Android Q, msg: canGetLbsInBackGround
06-20 16:42:11.683 12189 12256 W JIGUANG-JCommon: [IdHelper] not get ids by mitts
06-20 16:42:11.683 12189 12256 D JIGUANG-JCommon: [IdHelper] [getAllIds] miit id is: 
06-20 16:42:11.683 12189 12256 D JIGUANG-JCommon: [IdHelper] start getAllIds by local
06-20 16:42:11.684  1670  3094 E WifiService: Permission violation - getConfiguredNetworks not allowed for uid=10573, packageName=com.noahwm.android, reason=java.lang.SecurityException: UID 10573 has no location permission
06-20 16:42:11.685 12189 12263 D JIGUANG-JCommon: [JLocationWifi] ssid is <unknown ssid>
06-20 16:42:11.685 12189 12263 D JIGUANG-JCommon: [JLocationWifi] connectingWifi:JLocationWifiInfo{time=1655714531, ssid='unknownssid', state='connect', level=-47, macAddress='02:00:00:00:00:00'}
06-20 16:42:11.686 12189 12263 W JIGUANG-JCommon: [JLocationWifi] scan wifi list failed because has no Manifest.permission.LOCATION
06-20 16:42:11.686 12189 12263 D JIGUANG-JCommon: [JLocation] collect wifi success:[JLocationWifiInfo{time=1655714531, ssid='unknownssid', state='connect', level=-47, macAddress='02:00:00:00:00:00'}]
06-20 16:42:11.687 12189 12263 D JIGUANG-JCommon: [JDataConfigManager] config 1501 enable:true
06-20 16:42:11.687 12189 12263 I JIGUANG-JCommon: [JCommonConfig] configId : 1501, isBackgroundBusiness : false
06-20 16:42:11.687 12189 12263 D JIGUANG-JCommon: [JDataConfigManager] configId is 1501, isCanCollect is true
06-20 16:42:11.687 12189 12263 W JIGUANG-JCommon: [JLocation] collect cell failed because has no Manifest.permission.LOCATION
06-20 16:42:11.688 12189 12263 D JIGUANG-JCommon: [JDataConfigManager] config 1502 enable:true
06-20 16:42:11.688 12189 12263 I JIGUANG-JCommon: [JCommonConfig] configId : 1502, isBackgroundBusiness : false
06-20 16:42:11.688 12189 12263 D JIGUANG-JCommon: [JDataConfigManager] configId is 1502, isCanCollect is true
06-20 16:42:11.688 12189 12263 D JIGUANG-JCommon: [JLocation] coares:false
06-20 16:42:11.689 12189 12263 D JIGUANG-JCommon: [JLocation] fine:false
06-20 16:42:11.689 12189 12263 W JIGUANG-JCommon: [JLocation] collect gps failed because has no Manifest.permission.LOCATION
06-20 16:42:11.690 12189 12263 D JIGUANG-JCommon: [JDataConfigManager] config 1505 enable:true
06-20 16:42:11.690 12189 12263 I JIGUANG-JCommon: [JCommonConfig] configId : 1505, isBackgroundBusiness : false
06-20 16:42:11.690 12189 12263 D JIGUANG-JCommon: [JDataConfigManager] configId is 1505, isCanCollect is true
06-20 16:42:11.691 12189 12263 D JIGUANG-JCommon: [JDataConfigManager] config 1501 enable:true
06-20 16:42:11.691 12189 12263 I JIGUANG-JCommon: [JCommonConfig] configId : 1501, isBackgroundBusiness : false
06-20 16:42:11.691 12189 12263 D JIGUANG-JCommon: [JDataConfigManager] configId is 1501, isCanCollect is true
06-20 16:42:11.691 12189 12263 D JIGUANG-JCommon: [JDataConfigManager] config 1502 enable:true
06-20 16:42:11.692 12189 12263 I JIGUANG-JCommon: [JCommonConfig] configId : 1502, isBackgroundBusiness : false
06-20 16:42:11.692 12189 12263 D JIGUANG-JCommon: [JDataConfigManager] configId is 1502, isCanCollect is true
06-20 16:42:11.692 12189 12263 D JIGUANG-JCommon: [JDataConfigManager] config 1504 enable:true
06-20 16:42:11.693 12189 12263 I JIGUANG-JCommon: [JCommonConfig] configId : 1504, isBackgroundBusiness : false
06-20 16:42:11.693 12189 12263 D JIGUANG-JCommon: [JDataConfigManager] configId is 1504, isCanCollect is true
06-20 16:42:11.694 12189 12263 D JIGUANG-JCommon: [JDataConfigManager] config 1503 enable:true
06-20 16:42:11.694 12189 12263 I JIGUANG-JCommon: [JCommonConfig] configId : 1503, isBackgroundBusiness : false
06-20 16:42:11.694 12189 12263 D JIGUANG-JCommon: [JDataConfigManager] configId is 1503, isCanCollect is true
06-20 16:42:11.697 12189 12263 D JIGUANG-JCore: [JBridgeHelper] read String is empty
06-20 16:42:11.697 12189 12263 D JIGUANG-JCommon: [JLocation] currentJson:{"wifi":[{"itime":1655714531,"tag":"connect","ssid":"unknownssid","mac_address":"02:00:00:00:00:00","signal_strength":-47,"age":0}],"itime":1655714531,"type":"loc_info","account_id":"","network_type":"WIFI","local_dns":"10.224.61.11"},cacheJson:null
06-20 16:42:11.698 12189 12263 D JIGUANG-JCommon: [JLocation] save json:{"content":[{"wifi":[{"itime":1655714531,"tag":"connect","ssid":"unknownssid","mac_address":"02:00:00:00:00:00","signal_strength":-47,"age":0}],"itime":1655714531,"type":"loc_info","account_id":"","network_type":"WIFI","local_dns":"10.224.61.11"}]}
06-20 16:42:11.698 12189 12263 I JIGUANG-JCommon: [JCommonConfig] update JLocation lastBusinessTime
06-20 16:42:11.698 12189 12263 I JIGUANG-JCommon: [JCommonConfig] is JLocation reportTime:true,curTime:1655714531698,lastReportTime:0,reportInterval:3600000
06-20 16:42:11.698 12189 12263 D JIGUANG-JCommon: [JCommon] JLocation isReportEnable:true
06-20 16:42:11.699 12189 12245 W JIGUANG-JCommon: [IdHelper] not supported this device: OnePlus
06-20 16:42:11.699 12189 12256 W JIGUANG-JCommon: [IdHelper] not supported this device: OnePlus
06-20 16:42:11.699 12189 12263 D JIGUANG-JCommon: [JDataConfigManager] config 1500 enable:true
06-20 16:42:11.699 12189 12263 D JIGUANG-JCore: [ReportHistory] isRunning, no need report
06-20 16:42:11.700 12189 12263 D JIGUANG-JCommon: [JLocation] clean cache json
06-20 16:42:11.700 12189 12263 I JIGUANG-JCommon: [JCommonConfig] update JLocation lastReportTime
06-20 16:42:11.700 12189 12263 I JIGUANG-JCommon: [JCommonConfig] update JLocationHelper lastBusinessTime
06-20 16:42:11.701 12189 12263 D JIGUANG-JCommon: [JDataConfigManager] config 1019 enable:true
06-20 16:42:11.701 12189 12263 D JIGUANG-JCommon: [JDataConfigManager] configId is 1019, isConfigCanCollect is true
06-20 16:42:11.702 12189 12263 D JIGUANG-JCommon: [JDataConfigManager] config 2008 enable:true
06-20 16:42:11.702 12189 12263 D JIGUANG-JCommon: [JDataConfigManager] configId is 2008, isConfigCanCollect is true
06-20 16:42:11.702 12189 12263 D JIGUANG-JCommon: [JDataConfigManager] config 2009 enable:true
06-20 16:42:11.702 12189 12263 D JIGUANG-JCommon: [JDataConfigManager] configId is 2009, isConfigCanCollect is true
06-20 16:42:11.703 12189 12263 D JIGUANG-JCommon: [JDataConfigManager] config 2011 enable:true
06-20 16:42:11.703 12189 12263 D JIGUANG-JCommon: [JDataConfigManager] configId is 2011, isConfigCanCollect is true
06-20 16:42:11.703 12189 12263 D JIGUANG-JCommon: [JLocationHelper] url:https://fcapi.jpush.cn/lbs/v1/appgwc/status, param json:{"appkey":"444e3254283007acc36993cc","uid":62837076471,"platform":"a","user_enable":true,"rom":"Hydrogen OS 11.0.12.12.KB05","manufacturer":"OnePlus","model":"KB2000","osversion":30,"itime":1655714531703,"apitype":0,"coreversion":"3.3.0"}
06-20 16:42:11.704 12189 12263 V JIGUANG-JCore: [HttpUtils] host:fcapi.jpush.cn,port:-1
06-20 16:42:11.707 12189 12256 D JIGUANG-JCommon: [IdHelper] google ad id:6e383eef-a9d5-4f5b-98c7-f80841f2376b
06-20 16:42:11.708 12189 12245 D JIGUANG-JCommon: [IdHelper] google ad id:6e383eef-a9d5-4f5b-98c7-f80841f2376b
06-20 16:42:11.709 12189 12281 D JIGUANG-JCommon: [IdHelper] [getAllIds] allIds：{"jgad":"6e383eef-a9d5-4f5b-98c7-f80841f2376b"}
06-20 16:42:11.709 12189 12281 D JIGUANG-JCore: [JAppListProbeHelper] transfer dev info succeed
06-20 16:42:11.709 12189 12281 D JIGUANG-JCommon: [JCommonInterface] onEvent action:get_all_ids
06-20 16:42:11.710 12189 12281 D JIGUANG-JCommon: [JDataConfigManager] config 2010 enable:true
06-20 16:42:11.710 12189 12281 I JIGUANG-JCommon: [JCommonConfig] configId : 2010, isBackgroundBusiness : false
06-20 16:42:11.710 12189 12281 D JIGUANG-JCommon: [JDataConfigManager] configId is 2010, isCanCollect is true
06-20 16:42:11.711 12189 12250 D JIGUANG-JCommon: [IdHelper] MdidSdkHelper name:com.bun.miitmdid.core.MdidSdkHelper
06-20 16:42:11.713 12189 12216 D JIGUANG-JCommon: [IdHelper] [getAllIds] allIds：{"jgad":"6e383eef-a9d5-4f5b-98c7-f80841f2376b"}
06-20 16:42:11.713 12189 12216 D JIGUANG-JCore: [JCoreHelper] getDeviceInfoToService deviceInfoJson：{"cpu_info":"AArch64 Processor rev 14 (aarch64)","cpu_count":8,"cpu_max_freq":2841600,"cpu_hardware":"Qualcomm Technologies, Inc KONA","ram":7702292,"rom":-1,"resolution":"1080*2252","screensize":"6.2","os_version":"11","model":"KB2000","brand":"OnePlus","product":"OnePlus8T_CH","serial":"","fingerprint":"OnePlus\/OnePlus8T_CH\/OnePlus8T:11\/RP1A.201005.001\/2110102331:user\/release-keys","language":"zh_CN","manufacturer":"OnePlus","timezone":"+8","romversion":"Hydrogen OS 11.0.12.12.KB05","meid":"","sim_slots":[{"imei":"","iccid":"","imsi":""},{"imei":"","iccid":"","imsi":""}],"ids":{"jgad":"6e383eef-a9d5-4f5b-98c7-f80841f2376b"},"android_ver":30,"android_target_ver":29}
06-20 16:42:11.713 12189 12216 D JIGUANG-JCore: [JCoreHelper] getDeviceInfoToService deviceInfoBundle：Bundle[{de_inf={"cpu_info":"AArch64 Processor rev 14 (aarch64)","cpu_count":8,"cpu_max_freq":2841600,"cpu_hardware":"Qualcomm Technologies, Inc KONA","ram":7702292,"rom":-1,"resolution":"1080*2252","screensize":"6.2","os_version":"11","model":"KB2000","brand":"OnePlus","product":"OnePlus8T_CH","serial":"","fingerprint":"OnePlus\/OnePlus8T_CH\/OnePlus8T:11\/RP1A.201005.001\/2110102331:user\/release-keys","language":"zh_CN","manufacturer":"OnePlus","timezone":"+8","romversion":"Hydrogen OS 11.0.12.12.KB05","meid":"","sim_slots":[{"imei":"","iccid":"","imsi":""},{"imei":"","iccid":"","imsi":""}],"ids":{"jgad":"6e383eef-a9d5-4f5b-98c7-f80841f2376b"},"android_ver":30,"android_target_ver":29}, isServiceProcess=true}]
06-20 16:42:11.713  6801 12166 D JIGUANG-JCore: [JCoreHelper] getDeviceInfoToService deviceInfoBundle：Bundle[mParcelledData.dataSize=1444]
06-20 16:42:11.713  6801 12166 D JIGUANG-JOperate: [JOperateJCoreHelper] getDeviceInfoP：0:Bundle[mParcelledData.dataSize=1444]
06-20 16:42:11.714 12189 12250 W JIGUANG-JCommon: [IdHelper] getMittIds by version 10 failed:java.lang.ClassNotFoundException: com.bun.miitmdid.core.IIdentifierListener
06-20 16:42:11.715 12189 12256 E ndroid:pushcor: No implementation found for void com.bun.lib.a.a(boolean) (tried Java_com_bun_lib_a_a and Java_com_bun_lib_a_a__Z)
06-20 16:42:11.715 12189 12250 W JIGUANG-JCommon: [IdHelper] not get ids by mitts
06-20 16:42:11.715 12189 12250 D JIGUANG-JCommon: [IdHelper] [getAllIds] miit id is: 
06-20 16:42:11.715 12189 12250 D JIGUANG-JCommon: [IdHelper] start getAllIds by local
06-20 16:42:11.715  6801 12166 D JIGUANG-JOperate: [JOperateJCoreHelper] sendHttp ulr:https://smartop-sdkapi.jiguang.cn/v1/visual-bury-sdk-api/smartop/1/getEvent
06-20 16:42:11.715  6801 12166 D JIGUANG-JOperate: [JOperateJCoreHelper] sendHttp body:{"userVersion":0,"eventVersion":0,"model_num":"KB2000","manufacturer":"OnePlus","appkey":"444e3254283007acc36993cc","cuid":"","rid":"13065ffa4ef07a87274","imei":"","resolution":"1080*2252","os":"a","sysver":"11","oaid":"","time":1655714531714,"jcore_sdk_version":"3.3.0","app_version":"4.4.0"}
06-20 16:42:11.716  6801 12166 V JIGUANG-JCore: [HttpUtils] host:smartop-sdkapi.jiguang.cn,port:-1
06-20 16:42:11.724 12189 12250 W JIGUANG-JCommon: [IdHelper] not supported this device: OnePlus
06-20 16:42:11.730 12189 12250 D JIGUANG-JCommon: [IdHelper] google ad id:6e383eef-a9d5-4f5b-98c7-f80841f2376b
06-20 16:42:11.732 12189 12281 D JIGUANG-JCommon: [IdHelper] [getAllIds] allIds：{"jgad":"6e383eef-a9d5-4f5b-98c7-f80841f2376b"}
06-20 16:42:11.732 12189 12281 D JIGUANG-JCore: [JAppListProbeHelper] transfer ids single, ids: 
06-20 16:42:11.732 12189 12281 D JIGUANG-JCore: [JAppListProbeHelper] force dev info {"manufacturer":"OnePlus","model":"KB2000","imei1":"","os_version":"11","language":"zh_CN"}
06-20 16:42:11.732 12189 12281 D JIGUANG-JUnionAd: [InAppHbPeriodManager] osVersion:11
06-20 16:42:11.732 12189 12281 D JIGUANG-JUnionAd: [InAppHbPeriodManager] send status report - userType:1, supportInstall:0, sspLayoutVersion=2 , suppprtINAPP:0, supportSSP: 0, pkgIndex:, devInfo: $$ $$ $$ $$OnePlus$$KB2000$$Hydrogen OS 11.0.12.12.KB05$$11$$zh_CN$$1080$$2400$$OnePlus$$4.4.0, adInfo:  $$cn.jpush.example.MainActivity$$ $$d0121944-190a-4990-b81c-34544d7b0bda$$1, extra: {"ad_type":1,"user_type":1,"sdk_type":0,"render_type":0}
06-20 16:42:11.733 12189 12281 D JIGUANG-JCore: [JCoreGobal] serviceName is cn.jpush.android.service.JCommonService
06-20 16:42:11.733 12189 12281 D JIGUANG-JCore: [JCoreGobal] curProcessName is com.noahwm.android:pushcore
06-20 16:42:11.733 12189 12281 D JIGUANG-JCore: [JCoreGobal] curProcessName is com.noahwm.android:pushcore, remoteProcessName is com.noahwm.android:pushcore
06-20 16:42:11.733 12189 12281 D JIGUANG-JUnionAd: [InAppHbPeriodManager] timer send notify ad heartbeat end
06-20 16:42:11.733 12189 12251 D JIGUANG-JCore: [JCoreRunnable] name:JCoreGlobal,thread:jg_mn_pool_thread1:917, is main thread:false
06-20 16:42:11.733 12189 12281 D JIGUANG-JUnionAd: [JUnionAdLoadHelper] load json:{"ad_position":"","call_time":1655714531733,"call_type":21,"call_status":0}
06-20 16:42:11.733 12189 12281 D JIGUANG-JUnionAd: [JUnionAdLoadHelper] save load ad data : {"ad_position":"","call_time":1655714531733,"call_type":21,"call_status":0}
06-20 16:42:11.733 12189 12251 I JIGUANG-JCore: [JCommonServiceHelper] callAction action:tcp_a5 bundle:Bundle[{timeout=0, cmd=35, rid=1, ver=6, body=[1, 0, 1, 2, 0, 0, 0, 0, 0, 94, 36, 36, 32, 36, 36, 32, 36, 36, 32, 36, 36, 79, 110, 101, 80, 108, 117, 115, 36, 36, 75, 66, 50, 48, 48, 48, 36, 36, 72, 121, 100, 114, 111, 103, 101, 110, 32, 79, 83, 32, 49, 49, 46, 48, 46, 49, 50, 46, 49, 50, 46, 75, 66, 48, 53, 36, 36, 49, 49, 36, 36, 122, 104, 95, 67, 78, 36, 36, 49, 48, 56, 48, 36, 36, 50, 52, 48, 48, 36, 36, 79, 110, 101, 80, 108, 117, 115, 36, 36, 52, 46, 52, 46, 48, 0, 76, 32, 36, 36, 99, 110, 46, 106, 112, 117, 115, 104, 46, 101, 120, 97, 109, 112, 108, 101, 46, 77, 97, 105, 110, 65, 99, 116, 105, 118, 105, 116, 121, 36, 36, 32, 36, 36, 100, 48, 49, 50, 49, 57, 52, 52, 45, 49, 57, 48, 97, 45, 52, 57, 57, 48, 45, 98, 56, 49, 99, 45, 51, 52, 53, 52, 52, 100, 55, 98, 48, 98, 100, 97, 36, 36, 49, 0, 56, 123, 34, 97, 100, 95, 116, 121, 112, 101, 34, 58, 49, 44, 34, 117, 115, 101, 114, 95, 116, 121, 112, 101, 34, 58, 49, 44, 34, 115, 100, 107, 95, 116, 121, 112, 101, 34, 58, 48, 44, 34, 114, 101, 110, 100, 101, 114, 95, 116, 121, 112, 101, 34, 58, 48, 125], sdk_type=JPUSH}]
06-20 16:42:11.734 12189 12251 D JIGUANG-JCore: [JCoreActionImpl] handleAction action:tcp_a5
06-20 16:42:11.734 12189 12281 D JIGUANG-JCore: [JBridgeHelper] read String is empty
06-20 16:42:11.734 12189 12281 I JIGUANG-JUnionAd: [JUnionAdSpCache] is JUnionAdLoad reportTime:false,curTime:1655714531734,lastReportTime:1655714529171,reportInterval:3600000
06-20 16:42:11.734 12189 12281 D JIGUANG-JUnionAd: [NotifyTimer] onTcpConnected start notify ad heartbeat after:120000
06-20 16:42:11.734 12189 12281 D JIGUANG-JUnionAd: [InAppHbPeriodManager] timer send native ad heartbeat start
06-20 16:42:11.734 12189 12281 D JIGUANG-JUnionAd: [InAppHelper] [checkInBlackList] curPageName: cn.jpush.example.MainActivity
06-20 16:42:11.734 12189 12281 D JIGUANG-JUnionAd: [InAppHelper] no blacklist and check whitelist
06-20 16:42:11.734 12189 12281 D JIGUANG-JUnionAd: [InAppHelper] not set white list
06-20 16:42:11.734 12189 12281 D JIGUANG-JUnionAd: [AndroidUtil] check foreground by lifecycle
06-20 16:42:11.734 12189 12281 D JIGUANG-JUnionAd: [DyPushConstants] get foreground status isforeground: true
06-20 16:42:11.734 12189 12281 D JIGUANG-JUnionAd: [InAppHbPeriodManager] send heartbeat local userType= 1, use process importance to judge type: 1
06-20 16:42:11.734 12189 12281 D JIGUANG-JUnionAd: [AdInAppHelper] check InAppMessageState:0
06-20 16:42:11.734 12189 12281 D JIGUANG-JUnionAd: [SSPHelper] check SspNotificationState:0
06-20 16:42:11.735 12189 12281 D JIGUANG-JUnionAd: [InAppHbPeriodManager] send status report - userType:1, supportInstall:0, sspLayoutVersion=2 , suppprtINAPP:0, supportSSP: 0, pkgIndex:, devInfo: $$ $$ $$ $$OnePlus$$KB2000$$Hydrogen OS 11.0.12.12.KB05$$11$$zh_CN$$1080$$2400$$OnePlus$$4.4.0, adInfo:  $$cn.jpush.example.MainActivity$$ $$1fb7b9a1-542e-40d3-b757-4a5ac39e3581$$1, extra: {"ad_type":2,"user_type":1,"sdk_type":0,"render_type":0}
06-20 16:42:11.735 12189 12281 D JIGUANG-JCore: [JCoreGobal] serviceName is cn.jpush.android.service.JCommonService
06-20 16:42:11.735 12189 12281 D JIGUANG-JCore: [JCoreGobal] curProcessName is com.noahwm.android:pushcore
06-20 16:42:11.735 12189 12281 D JIGUANG-JCore: [JCoreGobal] curProcessName is com.noahwm.android:pushcore, remoteProcessName is com.noahwm.android:pushcore
06-20 16:42:11.735 12189 12281 D JIGUANG-JUnionAd: [InAppHbPeriodManager] timer send native ad heartbeat end
06-20 16:42:11.735 12189 12251 D JIGUANG-JCore: [JCoreRunnable] name:JCoreGlobal,thread:jg_mn_pool_thread1:917, is main thread:false
06-20 16:42:11.735 12189 12281 D JIGUANG-JUnionAd: [JUnionAdLoadHelper] load json:{"ad_position":"","call_time":1655714531735,"call_type":22,"call_status":0}
06-20 16:42:11.735 12189 12281 D JIGUANG-JUnionAd: [JUnionAdLoadHelper] save load ad data : {"ad_position":"","call_time":1655714531735,"call_type":22,"call_status":0}
06-20 16:42:11.735 12189 12251 I JIGUANG-JCore: [JCommonServiceHelper] callAction action:tcp_a5 bundle:Bundle[{timeout=0, cmd=35, rid=1, ver=6, body=[1, 0, 1, 2, 0, 0, 0, 0, 0, 94, 36, 36, 32, 36, 36, 32, 36, 36, 32, 36, 36, 79, 110, 101, 80, 108, 117, 115, 36, 36, 75, 66, 50, 48, 48, 48, 36, 36, 72, 121, 100, 114, 111, 103, 101, 110, 32, 79, 83, 32, 49, 49, 46, 48, 46, 49, 50, 46, 49, 50, 46, 75, 66, 48, 53, 36, 36, 49, 49, 36, 36, 122, 104, 95, 67, 78, 36, 36, 49, 48, 56, 48, 36, 36, 50, 52, 48, 48, 36, 36, 79, 110, 101, 80, 108, 117, 115, 36, 36, 52, 46, 52, 46, 48, 0, 76, 32, 36, 36, 99, 110, 46, 106, 112, 117, 115, 104, 46, 101, 120, 97, 109, 112, 108, 101, 46, 77, 97, 105, 110, 65, 99, 116, 105, 118, 105, 116, 121, 36, 36, 32, 36, 36, 49, 102, 98, 55, 98, 57, 97, 49, 45, 53, 52, 50, 101, 45, 52, 48, 100, 51, 45, 98, 55, 53, 55, 45, 52, 97, 53, 97, 99, 51, 57, 101, 51, 53, 56, 49, 36, 36, 49, 0, 56, 123, 34, 97, 100, 95, 116, 121, 112, 101, 34, 58, 50, 44, 34, 117, 115, 101, 114, 95, 116, 121, 112, 101, 34, 58, 49, 44, 34, 115, 100, 107, 95, 116, 121, 112, 101, 34, 58, 48, 44, 34, 114, 101, 110, 100, 101, 114, 95, 116, 121, 112, 101, 34, 58, 48, 125], sdk_type=JPUSH}]
06-20 16:42:11.735 12189 12251 D JIGUANG-JCore: [JCoreActionImpl] handleAction action:tcp_a5
06-20 16:42:11.736 12189 12281 I JIGUANG-JUnionAd: [JUnionAdSpCache] is JUnionAdLoad reportTime:false,curTime:1655714531736,lastReportTime:1655714529171,reportInterval:3600000
06-20 16:42:11.736 12189 12281 D JIGUANG-JUnionAd: [NativeTimer] onTcpConnected start native ad heartbeat after:120000
06-20 16:42:11.736 12189 12281 D JIGUANG-JUnionAd: [ProbesTimer] onTcpConnected probes after 60000
06-20 16:42:11.736 12189 12281 D JIGUANG-JUnionAd: [InAppMessagingManager] init in app message, type: 200
06-20 16:42:11.736 12189 12281 D JIGUANG-JUnionAd: [JCollectCommon] executeAction: [JUnionAdLoad] from heartBeat
06-20 16:42:11.736 12189 12281 D JIGUANG-JUnionAd: [JCollectCommon] JUnionAdLoad - isBusinessEnable:true
06-20 16:42:11.736 12189 12281 D JIGUANG-JCore: [JCoreRunnable] name:TcpManager,thread:jg_nr_pool_thread1:936, is main thread:false
06-20 16:42:11.736 12189 12273 I JIGUANG-JUnionAd: [JUnionAdSpCache] update JUnionAdLoad lastBusinessTime
06-20 16:42:11.737 12189 12281 D JIGUANG-JCore: [JCoreTCPManager] send quest,cmd:35,ver:6,rid:1,body size:240
06-20 16:42:11.737 12189 12281 D JIGUANG-JCore: [JCoreRunnable] name:null,thread:jg_nr_pool_thread1:936, is main thread:false
06-20 16:42:11.737 12189 12273 I JIGUANG-JUnionAd: [JUnionAdSpCache] is JUnionAdLoad reportTime:false,curTime:1655714531737,lastReportTime:1655714529171,reportInterval:3600000
06-20 16:42:11.737 12189 12273 D JIGUANG-JUnionAd: [JUnionAdLoad] not report enable
06-20 16:42:11.739 12189 12281 D JIGUANG-JCore: [TcpRequestManager] Generator new rid:531
06-20 16:42:11.740 12189 12281 D JIGUANG-JCore: [NioSocketClient] send data length:280
06-20 16:42:11.740 12189 12281 V JIGUANG-JCore: [NioSocketClient] isWritable has send len:280
06-20 16:42:11.740 12189 12281 D JIGUANG-JCore: [TaskHandlerManager_xxx] sendMsg,action=100531
06-20 16:42:11.740 12189 12281 D JIGUANG-JCore: [JCoreRunnable] name:TcpManager,thread:jg_nr_pool_thread1:936, is main thread:false
06-20 16:42:11.740 12189 12281 D JIGUANG-JCore: [JCoreTCPManager] send quest,cmd:35,ver:6,rid:1,body size:240
06-20 16:42:11.740 12189 12281 D JIGUANG-JCore: [JCoreRunnable] name:null,thread:jg_nr_pool_thread1:936, is main thread:false
06-20 16:42:11.741 12189 12281 D JIGUANG-JCore: [TcpRequestManager] Generator new rid:533
06-20 16:42:11.741 12189 12281 D JIGUANG-JCore: [NioSocketClient] send data length:280
06-20 16:42:11.742 12189 12281 V JIGUANG-JCore: [NioSocketClient] isWritable has send len:280
06-20 16:42:11.742 12189 12281 D JIGUANG-JCore: [TaskHandlerManager_xxx] sendMsg,action=100533
06-20 16:42:11.796  1670  2114 V AlarmManager: Triggering alarm #0: 2 when =1211359 package =com.google.android.gms operation =*walarm*:com.google.android.intent.action.GCM_RECONNECT flags =0x5
06-20 16:42:11.808 12189 12336 D JIGUANG-JCore: [DefaultHostVerifier] host:ali-stats.jpush.cn,checkHost:ali-stats.jpush.cn
06-20 16:42:11.812 12189 12303 D JIGUANG-JCore: [DefaultHostVerifier] host:ali-stats.jpush.cn,checkHost:ali-stats.jpush.cn
06-20 16:42:11.828  4344 12344 I NetworkManagementSocketTagger: tagSocketFd(-1, 805307399, -1) failed with errno-9
06-20 16:42:11.833 12189 12336 D JIGUANG-JCore: [HttpHelper] status code:200 retry left:2
06-20 16:42:11.835 12189 12336 D JIGUANG-JCore: [ReportUtils] http upload success json={
06-20 16:42:11.835 12189 12336 D JIGUANG-JCore:   "content": [
06-20 16:42:11.835 12189 12336 D JIGUANG-JCore:     {
06-20 16:42:11.835 12189 12336 D JIGUANG-JCore:       "type": "sdk_type",
06-20 16:42:11.835 12189 12336 D JIGUANG-JCore:       "itime": 1655714529,
06-20 16:42:11.835 12189 12336 D JIGUANG-JCore:       "sdk": {
06-20 16:42:11.835 12189 12336 D JIGUANG-JCore:         "core": [
06-20 16:42:11.835 12189 12336 D JIGUANG-JCore:           0,
06-20 16:42:11.835 12189 12336 D JIGUANG-JCore:           1,
06-20 16:42:11.835 12189 12336 D JIGUANG-JCore:           330,
06-20 16:42:11.835 12189 12336 D JIGUANG-JCore:           330
06-20 16:42:11.835 12189 12336 D JIGUANG-JCore:         ]
06-20 16:42:11.835 12189 12336 D JIGUANG-JCore:       }
06-20 16:42:11.835 12189 12336 D JIGUANG-JCore:     },
06-20 16:42:11.835 12189 12336 D JIGUANG-JCore:     {
06-20 16:42:11.835 12189 12336 D JIGUANG-JCore:       "type": "sdk_type",
06-20 16:42:11.835 12189 12336 D JIGUANG-JCore:       "itime": 1655714529,
06-20 16:42:11.835 12189 12336 D JIGUANG-JCore:       "sdk": {
06-20 16:42:11.835 12189 12336 D JIGUANG-JCore:         "push": [
06-20 16:42:11.835 12189 12336 D JIGUANG-JCore:           0,
06-20 16:42:11.835 12189 12336 D JIGUANG-JCore:           1,
06-20 16:42:11.835 12189 12336 D JIGUANG-JCore:           450,
06-20 16:42:11.835 12189 12336 D JIGUANG-JCore:           450
06-20 16:42:11.835 12189 12336 D JIGUANG-JCore:         ]
06-20 16:42:11.835 12189 12336 D JIGUANG-JCore:       }
06-20 16:42:11.835 12189 12336 D JIGUANG-JCore:     },
06-20 16:42:11.835 12189 12336 D JIGUANG-JCore:     {
06-20 16:42:11.835 12189 12336 D JIGUANG-JCore:       "data": [
06-20 16:42:11.835 12189 12336 D JIGUANG-JCore:         {
06-20 16:42:11.835 12189 12336 D JIGUANG-JCore:           "ad_position": "",
06-20 16:42:11.835 12189 12336 D JIGUANG-JCore:           "duration": [
06-20 16:42:11.835 12189 12336 D JIGUANG-JCore:             1655714529,
06-20 16:42:11.835 12189 12336 D JIGUANG-JCore:             1655714529
06-20 16:42:11.835 12189 12336 D JIGUANG-JCore:           ],
06-20 16:42:11.835 12189 12336 D JIGUANG-JCore:           "statistics": [
06-20 16:42:11.835 12189 12336 D JIGUANG-JCore:             "22_1_0_0_1_0_0_0_0_0"
06-20 16:42:11.835 12189 12336 D JIGUANG-JCore:           ]
06-20 16:42:11.835 12189 12336 D JIGUANG-JCore:         }
06-20 16:42:11.835 12189 12336 D JIGUANG-JCore:       ],
06-20 16:42:11.835 12189 12336 D JIGUANG-JCore:       "sequence": "d20fe98d-eaf5-44d5-8f40-755ffdd09ed9",
06-20 16:42:11.835 12189 12336 D JIGUANG-JCore:       "extra": {
06-20 16:42:11.835 12189 12336 D JIGUANG-JCore:         "brand": "OnePlus",
06-20 16:42:11.835 12189 12336 D JIGUANG-JCore:         "sdk_ver": "4.5.0"
06-20 16:42:11.835 12189 12336 D JIGUANG-JCore:       },
06-20 16:42:11.835 12189 12336 D JIGUANG-JCore:       "itime": 1655714529,
06-20 16:42:11.835 12189 12336 D JIGUANG-JCore:       "type": "ad_load",
06-20 16:42:11.835 12189 12336 D JIGUANG-JCore:       "account_id": ""
06-20 16:42:11.835 12189 12336 D JIGUANG-JCore:     }
06-20 16:42:11.835 12189 12336 D JIGUANG-JCore:   ],
06-20 16:42:11.835 12189 12336 D JIGUANG-JCore:   "platform": "a",
